{"ts":"2026-08-31T12:42:23.429Z","level":"info","message":"server.listening","port":61032}
{"ts":"2026-08-31T12:42:27.143Z","level":"info","message":"ws.open","sessionId":"accedad9-4ee9-442a-8edf-fcccb7dac01f"}
{"ts":"2026-08-31T12:42:27.145Z","level":"info","message":"ws.open","sessionId":"e390c0d3-1e1e-428e-bd81-5bd77461efff"}
{"ts":"2026-08-31T12:42:27.238Z","level":"info","message":"ws.connect","documentId":"9ce90316-8fa3-44eb-b980-1c660bde03df","sessionId":"accedad9-4ee9-442a-8edf-fcccb7dac01f","replicaId":1}
{"ts":"2026-08-31T12:42:27.360Z","level":"info","message":"ws.connect","documentId":"9ce90316-8fa3-44eb-b980-1c660bde03df","sessionId":"e390c0d3-1e1e-428e-bd81-5bd77461efff","replicaId":2}
{"ts":"2026-08-31T12:42:27.423Z","level":"info","message":"ws.syncComplete","documentId":"9ce90316-8fa3-44eb-b980-1c660bde03df","sessionId":"accedad9-4ee9-442a-8edf-fcccb7dac01f","lastServerSeq":0,"resentCount":0}
{"ts":"2026-08-31T12:42:27.559Z","level":"info","message":"ws.syncComplete","documentId":"9ce90316-8fa3-44eb-b980-1c660bde03df","sessionId":"e390c0d3-1e1e-428e-bd81-5bd77461efff","lastServerSeq":0,"resentCount":0}
{"ts":"2026-08-31T12:42:28.041Z","level":"info","message":"ws.open","sessionId":"ef69caaa-0084-4b80-abeb-0dbd75d5f7a9"}
{"ts":"2026-08-31T12:42:28.217Z","level":"info","message":"ws.connect","documentId":"9ce90316-8fa3-44eb-b980-1c660bde03df","sessionId":"ef69caaa-0084-4b80-abeb-0dbd75d5f7a9","replicaId":3}
{"ts":"2026-08-31T12:42:28.393Z","level":"info","message":"ws.syncComplete","documentId":"9ce90316-8fa3-44eb-b980-1c660bde03df","sessionId":"ef69caaa-0084-4b80-abeb-0dbd75d5f7a9","lastServerSeq":0,"resentCount":0}
[SENDVSRECV] iter 0 order=["chromium","firefox","webkit"]: OK domLen=[896,896,896] pending=[0,0,0] finalSendCounts(chromium,firefox,webkit)=[319,317,310] finalReplicaIds(chromium,firefox,webkit)=[1,3,2] finalServerFrameCounts=[{"replicaId":1,"sessionId":"accedad9-4ee9-442a-8edf-fcccb7dac01f","receivedFrameCount":318},{"replicaId":2,"sessionId":"e390c0d3-1e1e-428e-bd81-5bd77461efff","receivedFrameCount":309},{"replicaId":3,"sessionId":"ef69caaa-0084-4b80-abeb-0dbd75d5f7a9","receivedFrameCount":316}] 
{"ts":"2026-08-31T12:43:31.815Z","level":"info","message":"ws.disconnect","documentId":"9ce90316-8fa3-44eb-b980-1c660bde03df","sessionId":"accedad9-4ee9-442a-8edf-fcccb7dac01f","code":1005}
{"ts":"2026-08-31T12:43:31.857Z","level":"info","message":"ws.disconnect","documentId":"9ce90316-8fa3-44eb-b980-1c660bde03df","sessionId":"e390c0d3-1e1e-428e-bd81-5bd77461efff","code":1005}
{"ts":"2026-08-31T12:43:31.865Z","level":"info","message":"ws.disconnect","documentId":"9ce90316-8fa3-44eb-b980-1c660bde03df","sessionId":"ef69caaa-0084-4b80-abeb-0dbd75d5f7a9","code":1005}
{"ts":"2026-08-31T12:43:32.263Z","level":"info","message":"server.listening","port":55777}
{"ts":"2026-08-31T12:43:34.859Z","level":"info","message":"ws.open","sessionId":"39667780-d048-400d-85e7-84af46eea2aa"}
{"ts":"2026-08-31T12:43:34.943Z","level":"info","message":"ws.connect","documentId":"f9cec9c6-5265-4102-bed2-4a3822f71332","sessionId":"39667780-d048-400d-85e7-84af46eea2aa","replicaId":1}
{"ts":"2026-08-31T12:43:34.978Z","level":"info","message":"ws.open","sessionId":"a3e611fc-1887-442b-9031-b99f4053d1af"}
{"ts":"2026-08-31T12:43:35.083Z","level":"info","message":"ws.connect","documentId":"f9cec9c6-5265-4102-bed2-4a3822f71332","sessionId":"a3e611fc-1887-442b-9031-b99f4053d1af","replicaId":2}
{"ts":"2026-08-31T12:43:35.114Z","level":"info","message":"ws.syncComplete","documentId":"f9cec9c6-5265-4102-bed2-4a3822f71332","sessionId":"39667780-d048-400d-85e7-84af46eea2aa","lastServerSeq":0,"resentCount":0}
{"ts":"2026-08-31T12:43:35.265Z","level":"info","message":"ws.syncComplete","documentId":"f9cec9c6-5265-4102-bed2-4a3822f71332","sessionId":"a3e611fc-1887-442b-9031-b99f4053d1af","lastServerSeq":0,"resentCount":0}
{"ts":"2026-08-31T12:43:35.463Z","level":"info","message":"ws.open","sessionId":"0fc0a707-3da9-4a96-91f3-dc3a8bd8c1cf"}
{"ts":"2026-08-31T12:43:35.572Z","level":"info","message":"ws.connect","documentId":"f9cec9c6-5265-4102-bed2-4a3822f71332","sessionId":"0fc0a707-3da9-4a96-91f3-dc3a8bd8c1cf","replicaId":3}
{"ts":"2026-08-31T12:43:35.765Z","level":"info","message":"ws.syncComplete","documentId":"f9cec9c6-5265-4102-bed2-4a3822f71332","sessionId":"0fc0a707-3da9-4a96-91f3-dc3a8bd8c1cf","lastServerSeq":0,"resentCount":0}
[SENDVSRECV] iter 1 order=["chromium","firefox","webkit"]: OK domLen=[893,893,893] pending=[0,0,0] finalSendCounts(chromium,firefox,webkit)=[319,317,307] finalReplicaIds(chromium,firefox,webkit)=[1,3,2] finalServerFrameCounts=[{"replicaId":1,"sessionId":"39667780-d048-400d-85e7-84af46eea2aa","receivedFrameCount":318},{"replicaId":2,"sessionId":"a3e611fc-1887-442b-9031-b99f4053d1af","receivedFrameCount":306},{"replicaId":3,"sessionId":"0fc0a707-3da9-4a96-91f3-dc3a8bd8c1cf","receivedFrameCount":316}] 
{"ts":"2026-08-31T12:44:39.141Z","level":"info","message":"ws.disconnect","documentId":"f9cec9c6-5265-4102-bed2-4a3822f71332","sessionId":"39667780-d048-400d-85e7-84af46eea2aa","code":1005}
{"ts":"2026-08-31T12:44:39.172Z","level":"info","message":"ws.disconnect","documentId":"f9cec9c6-5265-4102-bed2-4a3822f71332","sessionId":"a3e611fc-1887-442b-9031-b99f4053d1af","code":1005}
{"ts":"2026-08-31T12:44:39.198Z","level":"info","message":"ws.disconnect","documentId":"f9cec9c6-5265-4102-bed2-4a3822f71332","sessionId":"0fc0a707-3da9-4a96-91f3-dc3a8bd8c1cf","code":1005}
{"ts":"2026-08-31T12:44:39.600Z","level":"info","message":"server.listening","port":52443}
{"ts":"2026-08-31T12:44:42.341Z","level":"info","message":"ws.open","sessionId":"bf950ee9-22e5-4680-a702-66024a8a23ee"}
{"ts":"2026-08-31T12:44:42.361Z","level":"info","message":"ws.open","sessionId":"56665299-8f33-46f3-818e-c6ac01122a1d"}
{"ts":"2026-08-31T12:44:42.445Z","level":"info","message":"ws.connect","documentId":"ef9c858c-828a-4d08-995b-e197f4f221ce","sessionId":"56665299-8f33-46f3-818e-c6ac01122a1d","replicaId":1}
{"ts":"2026-08-31T12:44:42.446Z","level":"info","message":"ws.connect","documentId":"ef9c858c-828a-4d08-995b-e197f4f221ce","sessionId":"bf950ee9-22e5-4680-a702-66024a8a23ee","replicaId":2}
{"ts":"2026-08-31T12:44:42.602Z","level":"info","message":"ws.syncComplete","documentId":"ef9c858c-828a-4d08-995b-e197f4f221ce","sessionId":"56665299-8f33-46f3-818e-c6ac01122a1d","lastServerSeq":0,"resentCount":0}
{"ts":"2026-08-31T12:44:42.633Z","level":"info","message":"ws.syncComplete","documentId":"ef9c858c-828a-4d08-995b-e197f4f221ce","sessionId":"bf950ee9-22e5-4680-a702-66024a8a23ee","lastServerSeq":0,"resentCount":0}
{"ts":"2026-08-31T12:44:42.789Z","level":"info","message":"ws.open","sessionId":"6210e8d6-d5ea-46a7-a141-1267a93ea8f1"}
{"ts":"2026-08-31T12:44:42.948Z","level":"info","message":"ws.connect","documentId":"ef9c858c-828a-4d08-995b-e197f4f221ce","sessionId":"6210e8d6-d5ea-46a7-a141-1267a93ea8f1","replicaId":3}
{"ts":"2026-08-31T12:44:43.153Z","level":"info","message":"ws.syncComplete","documentId":"ef9c858c-828a-4d08-995b-e197f4f221ce","sessionId":"6210e8d6-d5ea-46a7-a141-1267a93ea8f1","lastServerSeq":0,"resentCount":0}
{"ts":"2026-08-31T12:45:36.214Z","level":"warn","message":"presence.stale","sessionId":"6210e8d6-d5ea-46a7-a141-1267a93ea8f1","replicaId":3,"thresholdMs":8000}
[SENDVSRECV] iter 2 order=["chromium","firefox","webkit"]: SERVER-CRASH: Error: integrate(): Case C reached with candidate 247:3 whose destination would have moved past 246:2 — this disproves Engine Spec §6.2 sub-case iii-d (Test Plan §14.2 MUT-KILL-01). domLen=[825,892,825] pending=[0,0,0] finalSendCounts(chromium,firefox,webkit)=[318,316,308] finalReplicaIds(chromium,firefox,webkit)=[1,3,2] finalServerFrameCounts=[{"replicaId":1,"sessionId":"56665299-8f33-46f3-818e-c6ac01122a1d","receivedFrameCount":317},{"replicaId":2,"sessionId":"bf950ee9-22e5-4680-a702-66024a8a23ee","receivedFrameCount":307},{"replicaId":3,"sessionId":"6210e8d6-d5ea-46a7-a141-1267a93ea8f1","receivedFrameCount":243}] 
  --- sample timeline (t_ms, nodeCounts, sendCounts[chromium,firefox,webkit], bufferedAmountNow, serverNodeCount, serverFrameCounts) ---
  t=3023ms nodes=[63,63,63] sendCounts=[19,18,18] buffered=[0,0,0] server=64 serverFrameCounts=[{"replicaId":1,"sessionId":"56665299-8f33-46f3-818e-c6ac01122a1d","receivedFrameCount":18},{"replicaId":2,"sessionId":"bf950ee9-22e5-4680-a702-66024a8a23ee","receivedFrameCount":16},{"replicaId":3,"sessionId":"6210e8d6-d5ea-46a7-a141-1267a93ea8f1","receivedFrameCount":17}]
  t=6034ms nodes=[107,107,107] sendCounts=[35,34,33] buffered=[0,0,0] server=108 serverFrameCounts=[{"replicaId":1,"sessionId":"56665299-8f33-46f3-818e-c6ac01122a1d","receivedFrameCount":34},{"replicaId":2,"sessionId":"bf950ee9-22e5-4680-a702-66024a8a23ee","receivedFrameCount":32},{"replicaId":3,"sessionId":"6210e8d6-d5ea-46a7-a141-1267a93ea8f1","receivedFrameCount":32}]
  t=9041ms nodes=[152,151,152] sendCounts=[51,49,49] buffered=[0,0,0] server=151 serverFrameCounts=[{"replicaId":1,"sessionId":"56665299-8f33-46f3-818e-c6ac01122a1d","receivedFrameCount":49},{"replicaId":2,"sessionId":"bf950ee9-22e5-4680-a702-66024a8a23ee","receivedFrameCount":47},{"replicaId":3,"sessionId":"6210e8d6-d5ea-46a7-a141-1267a93ea8f1","receivedFrameCount":48}]
  t=12049ms nodes=[194,195,195] sendCounts=[66,65,64] buffered=[0,0,0] server=196 serverFrameCounts=[{"replicaId":1,"sessionId":"56665299-8f33-46f3-818e-c6ac01122a1d","receivedFrameCount":65},{"replicaId":2,"sessionId":"bf950ee9-22e5-4680-a702-66024a8a23ee","receivedFrameCount":63},{"replicaId":3,"sessionId":"6210e8d6-d5ea-46a7-a141-1267a93ea8f1","receivedFrameCount":64}]
  t=15054ms nodes=[239,239,239] sendCounts=[82,81,80] buffered=[0,0,0] server=240 serverFrameCounts=[{"replicaId":1,"sessionId":"56665299-8f33-46f3-818e-c6ac01122a1d","receivedFrameCount":81},{"replicaId":2,"sessionId":"bf950ee9-22e5-4680-a702-66024a8a23ee","receivedFrameCount":78},{"replicaId":3,"sessionId":"6210e8d6-d5ea-46a7-a141-1267a93ea8f1","receivedFrameCount":80}]
  t=18060ms nodes=[283,283,283] sendCounts=[98,97,95] buffered=[0,0,0] server=283 serverFrameCounts=[{"replicaId":1,"sessionId":"56665299-8f33-46f3-818e-c6ac01122a1d","receivedFrameCount":97},{"replicaId":2,"sessionId":"bf950ee9-22e5-4680-a702-66024a8a23ee","receivedFrameCount":93},{"replicaId":3,"sessionId":"6210e8d6-d5ea-46a7-a141-1267a93ea8f1","receivedFrameCount":95}]
  t=21073ms nodes=[327,326,327] sendCounts=[114,112,110] buffered=[0,0,0] server=327 serverFrameCounts=[{"replicaId":1,"sessionId":"56665299-8f33-46f3-818e-c6ac01122a1d","receivedFrameCount":112},{"replicaId":2,"sessionId":"bf950ee9-22e5-4680-a702-66024a8a23ee","receivedFrameCount":109},{"replicaId":3,"sessionId":"6210e8d6-d5ea-46a7-a141-1267a93ea8f1","receivedFrameCount":111}]
  t=24082ms nodes=[370,371,370] sendCounts=[129,128,125] buffered=[0,0,0] server=371 serverFrameCounts=[{"replicaId":1,"sessionId":"56665299-8f33-46f3-818e-c6ac01122a1d","receivedFrameCount":128},{"replicaId":2,"sessionId":"bf950ee9-22e5-4680-a702-66024a8a23ee","receivedFrameCount":124},{"replicaId":3,"sessionId":"6210e8d6-d5ea-46a7-a141-1267a93ea8f1","receivedFrameCount":127}]
  t=27115ms nodes=[414,414,414] sendCounts=[145,144,141] buffered=[0,0,0] server=415 serverFrameCounts=[{"replicaId":1,"sessionId":"56665299-8f33-46f3-818e-c6ac01122a1d","receivedFrameCount":144},{"replicaId":2,"sessionId":"bf950ee9-22e5-4680-a702-66024a8a23ee","receivedFrameCount":139},{"replicaId":3,"sessionId":"6210e8d6-d5ea-46a7-a141-1267a93ea8f1","receivedFrameCount":143}]
  t=30104ms nodes=[458,458,458] sendCounts=[161,160,156] buffered=[0,0,0] server=457 serverFrameCounts=[{"replicaId":1,"sessionId":"56665299-8f33-46f3-818e-c6ac01122a1d","receivedFrameCount":159},{"replicaId":2,"sessionId":"bf950ee9-22e5-4680-a702-66024a8a23ee","receivedFrameCount":154},{"replicaId":3,"sessionId":"6210e8d6-d5ea-46a7-a141-1267a93ea8f1","receivedFrameCount":158}]
  t=33109ms nodes=[501,502,501] sendCounts=[176,175,171] buffered=[0,0,0] server=502 serverFrameCounts=[{"replicaId":1,"sessionId":"56665299-8f33-46f3-818e-c6ac01122a1d","receivedFrameCount":175},{"replicaId":2,"sessionId":"bf950ee9-22e5-4680-a702-66024a8a23ee","receivedFrameCount":170},{"replicaId":3,"sessionId":"6210e8d6-d5ea-46a7-a141-1267a93ea8f1","receivedFrameCount":174}]
  t=36112ms nodes=[545,545,545] sendCounts=[192,191,187] buffered=[0,0,0] server=546 serverFrameCounts=[{"replicaId":1,"sessionId":"56665299-8f33-46f3-818e-c6ac01122a1d","receivedFrameCount":191},{"replicaId":2,"sessionId":"bf950ee9-22e5-4680-a702-66024a8a23ee","receivedFrameCount":185},{"replicaId":3,"sessionId":"6210e8d6-d5ea-46a7-a141-1267a93ea8f1","receivedFrameCount":190}]
  t=39115ms nodes=[589,589,589] sendCounts=[208,207,202] buffered=[0,0,0] server=588 serverFrameCounts=[{"replicaId":1,"sessionId":"56665299-8f33-46f3-818e-c6ac01122a1d","receivedFrameCount":206},{"replicaId":2,"sessionId":"bf950ee9-22e5-4680-a702-66024a8a23ee","receivedFrameCount":200},{"replicaId":3,"sessionId":"6210e8d6-d5ea-46a7-a141-1267a93ea8f1","receivedFrameCount":205}]
  t=42120ms nodes=[631,632,632] sendCounts=[223,222,217] buffered=[0,0,0] server=632 serverFrameCounts=[{"replicaId":1,"sessionId":"56665299-8f33-46f3-818e-c6ac01122a1d","receivedFrameCount":222},{"replicaId":2,"sessionId":"bf950ee9-22e5-4680-a702-66024a8a23ee","receivedFrameCount":215},{"replicaId":3,"sessionId":"6210e8d6-d5ea-46a7-a141-1267a93ea8f1","receivedFrameCount":221}]
  t=45116ms nodes=[675,675,675] sendCounts=[239,238,232] buffered=[0,0,0] server=675 serverFrameCounts=[{"replicaId":1,"sessionId":"56665299-8f33-46f3-818e-c6ac01122a1d","receivedFrameCount":238},{"replicaId":2,"sessionId":"bf950ee9-22e5-4680-a702-66024a8a23ee","receivedFrameCount":230},{"replicaId":3,"sessionId":"6210e8d6-d5ea-46a7-a141-1267a93ea8f1","receivedFrameCount":236}]
  t=48130ms nodes=[710,719,710] sendCounts=[255,254,247] buffered=[0,0,0] server=711 serverFrameCounts=[{"replicaId":1,"sessionId":"56665299-8f33-46f3-818e-c6ac01122a1d","receivedFrameCount":254},{"replicaId":2,"sessionId":"bf950ee9-22e5-4680-a702-66024a8a23ee","receivedFrameCount":246},{"replicaId":3,"sessionId":"6210e8d6-d5ea-46a7-a141-1267a93ea8f1","receivedFrameCount":243}]
  t=51144ms nodes=[739,762,739] sendCounts=[271,269,262] buffered=[0,0,0] server=739 serverFrameCounts=[{"replicaId":1,"sessionId":"56665299-8f33-46f3-818e-c6ac01122a1d","receivedFrameCount":269},{"replicaId":2,"sessionId":"bf950ee9-22e5-4680-a702-66024a8a23ee","receivedFrameCount":261},{"replicaId":3,"sessionId":"6210e8d6-d5ea-46a7-a141-1267a93ea8f1","receivedFrameCount":243}]
  t=54152ms nodes=[768,807,768] sendCounts=[286,285,277] buffered=[0,0,15] server=768 serverFrameCounts=[{"replicaId":1,"sessionId":"56665299-8f33-46f3-818e-c6ac01122a1d","receivedFrameCount":285},{"replicaId":2,"sessionId":"bf950ee9-22e5-4680-a702-66024a8a23ee","receivedFrameCount":276},{"replicaId":3,"sessionId":"6210e8d6-d5ea-46a7-a141-1267a93ea8f1","receivedFrameCount":243}]
  t=57285ms nodes=[797,849,797] sendCounts=[302,301,293] buffered=[0,0,0] server=798 serverFrameCounts=[{"replicaId":1,"sessionId":"56665299-8f33-46f3-818e-c6ac01122a1d","receivedFrameCount":301},{"replicaId":2,"sessionId":"bf950ee9-22e5-4680-a702-66024a8a23ee","receivedFrameCount":292},{"replicaId":3,"sessionId":"6210e8d6-d5ea-46a7-a141-1267a93ea8f1","receivedFrameCount":243}]
{"ts":"2026-08-31T12:45:46.392Z","level":"info","message":"ws.disconnect","documentId":"ef9c858c-828a-4d08-995b-e197f4f221ce","sessionId":"56665299-8f33-46f3-818e-c6ac01122a1d","code":1005}
{"ts":"2026-08-31T12:45:46.418Z","level":"info","message":"ws.disconnect","documentId":"ef9c858c-828a-4d08-995b-e197f4f221ce","sessionId":"bf950ee9-22e5-4680-a702-66024a8a23ee","code":1005}
{"ts":"2026-08-31T12:45:46.860Z","level":"info","message":"server.listening","port":53585}
{"ts":"2026-08-31T12:45:49.591Z","level":"info","message":"ws.open","sessionId":"976bb043-1063-4d7a-8d0f-4112c9cada6c"}
{"ts":"2026-08-31T12:45:49.613Z","level":"info","message":"ws.open","sessionId":"97f6b715-40fa-4b14-8a9a-2b317ceecaee"}
{"ts":"2026-08-31T12:45:49.694Z","level":"info","message":"ws.connect","documentId":"e6eea569-9c07-40c9-b6a5-4fd52da55925","sessionId":"97f6b715-40fa-4b14-8a9a-2b317ceecaee","replicaId":1}
{"ts":"2026-08-31T12:45:49.695Z","level":"info","message":"ws.connect","documentId":"e6eea569-9c07-40c9-b6a5-4fd52da55925","sessionId":"976bb043-1063-4d7a-8d0f-4112c9cada6c","replicaId":2}
{"ts":"2026-08-31T12:45:49.864Z","level":"info","message":"ws.syncComplete","documentId":"e6eea569-9c07-40c9-b6a5-4fd52da55925","sessionId":"97f6b715-40fa-4b14-8a9a-2b317ceecaee","lastServerSeq":0,"resentCount":0}
{"ts":"2026-08-31T12:45:49.879Z","level":"info","message":"ws.syncComplete","documentId":"e6eea569-9c07-40c9-b6a5-4fd52da55925","sessionId":"976bb043-1063-4d7a-8d0f-4112c9cada6c","lastServerSeq":0,"resentCount":0}
{"ts":"2026-08-31T12:45:50.167Z","level":"info","message":"ws.open","sessionId":"c4410c37-5764-41ec-a9ab-715f2bbc4b00"}
{"ts":"2026-08-31T12:45:50.295Z","level":"info","message":"ws.connect","documentId":"e6eea569-9c07-40c9-b6a5-4fd52da55925","sessionId":"c4410c37-5764-41ec-a9ab-715f2bbc4b00","replicaId":3}
{"ts":"2026-08-31T12:45:50.485Z","level":"info","message":"ws.syncComplete","documentId":"e6eea569-9c07-40c9-b6a5-4fd52da55925","sessionId":"c4410c37-5764-41ec-a9ab-715f2bbc4b00","lastServerSeq":0,"resentCount":0}
[SENDVSRECV] iter 3 order=["chromium","firefox","webkit"]: OK domLen=[897,897,897] pending=[0,0,0] finalSendCounts(chromium,firefox,webkit)=[320,317,310] finalReplicaIds(chromium,firefox,webkit)=[1,3,2] finalServerFrameCounts=[{"replicaId":1,"sessionId":"97f6b715-40fa-4b14-8a9a-2b317ceecaee","receivedFrameCount":319},{"replicaId":2,"sessionId":"976bb043-1063-4d7a-8d0f-4112c9cada6c","receivedFrameCount":309},{"replicaId":3,"sessionId":"c4410c37-5764-41ec-a9ab-715f2bbc4b00","receivedFrameCount":316}] 
{"ts":"2026-08-31T12:46:53.852Z","level":"info","message":"ws.disconnect","documentId":"e6eea569-9c07-40c9-b6a5-4fd52da55925","sessionId":"97f6b715-40fa-4b14-8a9a-2b317ceecaee","code":1005}
{"ts":"2026-08-31T12:46:53.889Z","level":"info","message":"ws.disconnect","documentId":"e6eea569-9c07-40c9-b6a5-4fd52da55925","sessionId":"976bb043-1063-4d7a-8d0f-4112c9cada6c","code":1005}
{"ts":"2026-08-31T12:46:53.911Z","level":"info","message":"ws.disconnect","documentId":"e6eea569-9c07-40c9-b6a5-4fd52da55925","sessionId":"c4410c37-5764-41ec-a9ab-715f2bbc4b00","code":1005}
{"ts":"2026-08-31T12:46:54.301Z","level":"info","message":"server.listening","port":54724}
{"ts":"2026-08-31T12:46:57.016Z","level":"info","message":"ws.open","sessionId":"887088fa-8a99-4687-ae5b-5ff8205e15a4"}
{"ts":"2026-08-31T12:46:57.024Z","level":"info","message":"ws.open","sessionId":"97e3cb1b-d869-4b5e-8974-ee46e8c2e857"}
{"ts":"2026-08-31T12:46:57.096Z","level":"info","message":"ws.connect","documentId":"62287277-af79-4b4a-b1b1-bf0248d5af3e","sessionId":"887088fa-8a99-4687-ae5b-5ff8205e15a4","replicaId":1}
{"ts":"2026-08-31T12:46:57.128Z","level":"info","message":"ws.connect","documentId":"62287277-af79-4b4a-b1b1-bf0248d5af3e","sessionId":"97e3cb1b-d869-4b5e-8974-ee46e8c2e857","replicaId":2}
{"ts":"2026-08-31T12:46:57.267Z","level":"info","message":"ws.syncComplete","documentId":"62287277-af79-4b4a-b1b1-bf0248d5af3e","sessionId":"887088fa-8a99-4687-ae5b-5ff8205e15a4","lastServerSeq":0,"resentCount":0}
{"ts":"2026-08-31T12:46:57.313Z","level":"info","message":"ws.syncComplete","documentId":"62287277-af79-4b4a-b1b1-bf0248d5af3e","sessionId":"97e3cb1b-d869-4b5e-8974-ee46e8c2e857","lastServerSeq":0,"resentCount":0}
{"ts":"2026-08-31T12:46:57.475Z","level":"info","message":"ws.open","sessionId":"cde445da-836b-4a64-ab75-16ec19ada18b"}
{"ts":"2026-08-31T12:46:57.594Z","level":"info","message":"ws.connect","documentId":"62287277-af79-4b4a-b1b1-bf0248d5af3e","sessionId":"cde445da-836b-4a64-ab75-16ec19ada18b","replicaId":3}
{"ts":"2026-08-31T12:46:57.767Z","level":"info","message":"ws.syncComplete","documentId":"62287277-af79-4b4a-b1b1-bf0248d5af3e","sessionId":"cde445da-836b-4a64-ab75-16ec19ada18b","lastServerSeq":0,"resentCount":0}
[SENDVSRECV] iter 4 order=["chromium","firefox","webkit"]: OK domLen=[895,895,895] pending=[0,0,0] finalSendCounts(chromium,firefox,webkit)=[319,316,310] finalReplicaIds(chromium,firefox,webkit)=[1,3,2] finalServerFrameCounts=[{"replicaId":1,"sessionId":"887088fa-8a99-4687-ae5b-5ff8205e15a4","receivedFrameCount":318},{"replicaId":2,"sessionId":"97e3cb1b-d869-4b5e-8974-ee46e8c2e857","receivedFrameCount":309},{"replicaId":3,"sessionId":"cde445da-836b-4a64-ab75-16ec19ada18b","receivedFrameCount":315}] 
{"ts":"2026-08-31T12:48:01.069Z","level":"info","message":"ws.disconnect","documentId":"62287277-af79-4b4a-b1b1-bf0248d5af3e","sessionId":"887088fa-8a99-4687-ae5b-5ff8205e15a4","code":1005}
{"ts":"2026-08-31T12:48:01.106Z","level":"info","message":"ws.disconnect","documentId":"62287277-af79-4b4a-b1b1-bf0248d5af3e","sessionId":"97e3cb1b-d869-4b5e-8974-ee46e8c2e857","code":1005}
{"ts":"2026-08-31T12:48:01.122Z","level":"info","message":"ws.disconnect","documentId":"62287277-af79-4b4a-b1b1-bf0248d5af3e","sessionId":"cde445da-836b-4a64-ab75-16ec19ada18b","code":1005}
{"ts":"2026-08-31T12:48:01.515Z","level":"info","message":"server.listening","port":58056}
{"ts":"2026-08-31T12:48:04.303Z","level":"info","message":"ws.open","sessionId":"65ed82a9-3fb9-426d-9a1d-395acae9f185"}
{"ts":"2026-08-31T12:48:04.350Z","level":"info","message":"ws.open","sessionId":"5051cebf-fe15-46e9-a0d3-f588a787ab02"}
{"ts":"2026-08-31T12:48:04.393Z","level":"info","message":"ws.connect","documentId":"81a29618-2944-4ed9-b29a-293ba6a8c830","sessionId":"65ed82a9-3fb9-426d-9a1d-395acae9f185","replicaId":1}
{"ts":"2026-08-31T12:48:04.456Z","level":"info","message":"ws.connect","documentId":"81a29618-2944-4ed9-b29a-293ba6a8c830","sessionId":"5051cebf-fe15-46e9-a0d3-f588a787ab02","replicaId":2}
{"ts":"2026-08-31T12:48:04.563Z","level":"info","message":"ws.syncComplete","documentId":"81a29618-2944-4ed9-b29a-293ba6a8c830","sessionId":"65ed82a9-3fb9-426d-9a1d-395acae9f185","lastServerSeq":0,"resentCount":0}
{"ts":"2026-08-31T12:48:04.641Z","level":"info","message":"ws.syncComplete","documentId":"81a29618-2944-4ed9-b29a-293ba6a8c830","sessionId":"5051cebf-fe15-46e9-a0d3-f588a787ab02","lastServerSeq":0,"resentCount":0}
{"ts":"2026-08-31T12:48:04.739Z","level":"info","message":"ws.open","sessionId":"b3894cd5-687c-4ed5-8225-9451d7a48c05"}
{"ts":"2026-08-31T12:48:04.843Z","level":"info","message":"ws.connect","documentId":"81a29618-2944-4ed9-b29a-293ba6a8c830","sessionId":"b3894cd5-687c-4ed5-8225-9451d7a48c05","replicaId":3}
{"ts":"2026-08-31T12:48:05.016Z","level":"info","message":"ws.syncComplete","documentId":"81a29618-2944-4ed9-b29a-293ba6a8c830","sessionId":"b3894cd5-687c-4ed5-8225-9451d7a48c05","lastServerSeq":0,"resentCount":0}
{"ts":"2026-08-31T12:48:16.032Z","level":"warn","message":"presence.stale","sessionId":"b3894cd5-687c-4ed5-8225-9451d7a48c05","replicaId":3,"thresholdMs":8000}
[SENDVSRECV] iter 5 order=["chromium","firefox","webkit"]: SERVER-CRASH: Error: integrate(): Case C reached with candidate 46:3 whose destination would have moved past 45:2 — this disproves Engine Spec §6.2 sub-case iii-d (Test Plan §14.2 MUT-KILL-01). domLen=[628,897,628] pending=[0,0,0] finalSendCounts(chromium,firefox,webkit)=[319,317,311] finalReplicaIds(chromium,firefox,webkit)=[1,3,2] finalServerFrameCounts=[{"replicaId":1,"sessionId":"65ed82a9-3fb9-426d-9a1d-395acae9f185","receivedFrameCount":318},{"replicaId":2,"sessionId":"5051cebf-fe15-46e9-a0d3-f588a787ab02","receivedFrameCount":310},{"replicaId":3,"sessionId":"b3894cd5-687c-4ed5-8225-9451d7a48c05","receivedFrameCount":28}] 
  --- sample timeline (t_ms, nodeCounts, sendCounts[chromium,firefox,webkit], bufferedAmountNow, serverNodeCount, serverFrameCounts) ---
  t=3022ms nodes=[63,63,63] sendCounts=[19,18,18] buffered=[0,0,0] server=65 serverFrameCounts=[{"replicaId":1,"sessionId":"65ed82a9-3fb9-426d-9a1d-395acae9f185","receivedFrameCount":18},{"replicaId":2,"sessionId":"5051cebf-fe15-46e9-a0d3-f588a787ab02","receivedFrameCount":17},{"replicaId":3,"sessionId":"b3894cd5-687c-4ed5-8225-9451d7a48c05","receivedFrameCount":17}]
  t=6032ms nodes=[104,108,104] sendCounts=[35,34,34] buffered=[0,0,0] server=104 serverFrameCounts=[{"replicaId":1,"sessionId":"65ed82a9-3fb9-426d-9a1d-395acae9f185","receivedFrameCount":34},{"replicaId":2,"sessionId":"5051cebf-fe15-46e9-a0d3-f588a787ab02","receivedFrameCount":32},{"replicaId":3,"sessionId":"b3894cd5-687c-4ed5-8225-9451d7a48c05","receivedFrameCount":28}]
  t=9034ms nodes=[133,152,133] sendCounts=[51,50,49] buffered=[0,0,0] server=132 serverFrameCounts=[{"replicaId":1,"sessionId":"65ed82a9-3fb9-426d-9a1d-395acae9f185","receivedFrameCount":49},{"replicaId":2,"sessionId":"5051cebf-fe15-46e9-a0d3-f588a787ab02","receivedFrameCount":47},{"replicaId":3,"sessionId":"b3894cd5-687c-4ed5-8225-9451d7a48c05","receivedFrameCount":28}]
  t=12054ms nodes=[162,195,162] sendCounts=[67,66,64] buffered=[0,0,0] server=162 serverFrameCounts=[{"replicaId":1,"sessionId":"65ed82a9-3fb9-426d-9a1d-395acae9f185","receivedFrameCount":65},{"replicaId":2,"sessionId":"5051cebf-fe15-46e9-a0d3-f588a787ab02","receivedFrameCount":63},{"replicaId":3,"sessionId":"b3894cd5-687c-4ed5-8225-9451d7a48c05","receivedFrameCount":28}]
  t=15052ms nodes=[191,239,191] sendCounts=[82,81,80] buffered=[0,0,0] server=191 serverFrameCounts=[{"replicaId":1,"sessionId":"65ed82a9-3fb9-426d-9a1d-395acae9f185","receivedFrameCount":81},{"replicaId":2,"sessionId":"5051cebf-fe15-46e9-a0d3-f588a787ab02","receivedFrameCount":78},{"replicaId":3,"sessionId":"b3894cd5-687c-4ed5-8225-9451d7a48c05","receivedFrameCount":28}]
  t=18050ms nodes=[220,283,220] sendCounts=[98,97,95] buffered=[0,0,0] server=221 serverFrameCounts=[{"replicaId":1,"sessionId":"65ed82a9-3fb9-426d-9a1d-395acae9f185","receivedFrameCount":97},{"replicaId":2,"sessionId":"5051cebf-fe15-46e9-a0d3-f588a787ab02","receivedFrameCount":94},{"replicaId":3,"sessionId":"b3894cd5-687c-4ed5-8225-9451d7a48c05","receivedFrameCount":28}]
  t=21050ms nodes=[250,328,249] sendCounts=[114,113,110] buffered=[0,0,0] server=249 serverFrameCounts=[{"replicaId":1,"sessionId":"65ed82a9-3fb9-426d-9a1d-395acae9f185","receivedFrameCount":112},{"replicaId":2,"sessionId":"5051cebf-fe15-46e9-a0d3-f588a787ab02","receivedFrameCount":109},{"replicaId":3,"sessionId":"b3894cd5-687c-4ed5-8225-9451d7a48c05","receivedFrameCount":28}]
  t=24062ms nodes=[279,371,279] sendCounts=[130,128,126] buffered=[0,0,0] server=278 serverFrameCounts=[{"replicaId":1,"sessionId":"65ed82a9-3fb9-426d-9a1d-395acae9f185","receivedFrameCount":128},{"replicaId":2,"sessionId":"5051cebf-fe15-46e9-a0d3-f588a787ab02","receivedFrameCount":124},{"replicaId":3,"sessionId":"b3894cd5-687c-4ed5-8225-9451d7a48c05","receivedFrameCount":28}]
  t=27079ms nodes=[307,415,308] sendCounts=[145,144,141] buffered=[0,0,0] server=308 serverFrameCounts=[{"replicaId":1,"sessionId":"65ed82a9-3fb9-426d-9a1d-395acae9f185","receivedFrameCount":144},{"replicaId":2,"sessionId":"5051cebf-fe15-46e9-a0d3-f588a787ab02","receivedFrameCount":140},{"replicaId":3,"sessionId":"b3894cd5-687c-4ed5-8225-9451d7a48c05","receivedFrameCount":28}]
  t=30082ms nodes=[337,459,337] sendCounts=[161,160,157] buffered=[0,0,0] server=337 serverFrameCounts=[{"replicaId":1,"sessionId":"65ed82a9-3fb9-426d-9a1d-395acae9f185","receivedFrameCount":160},{"replicaId":2,"sessionId":"5051cebf-fe15-46e9-a0d3-f588a787ab02","receivedFrameCount":155},{"replicaId":3,"sessionId":"b3894cd5-687c-4ed5-8225-9451d7a48c05","receivedFrameCount":28}]
  t=33082ms nodes=[366,503,366] sendCounts=[177,176,172] buffered=[0,0,0] server=366 serverFrameCounts=[{"replicaId":1,"sessionId":"65ed82a9-3fb9-426d-9a1d-395acae9f185","receivedFrameCount":176},{"replicaId":2,"sessionId":"5051cebf-fe15-46e9-a0d3-f588a787ab02","receivedFrameCount":170},{"replicaId":3,"sessionId":"b3894cd5-687c-4ed5-8225-9451d7a48c05","receivedFrameCount":28}]
  t=36084ms nodes=[396,547,395] sendCounts=[193,191,187] buffered=[0,0,0] server=395 serverFrameCounts=[{"replicaId":1,"sessionId":"65ed82a9-3fb9-426d-9a1d-395acae9f185","receivedFrameCount":191},{"replicaId":2,"sessionId":"5051cebf-fe15-46e9-a0d3-f588a787ab02","receivedFrameCount":186},{"replicaId":3,"sessionId":"b3894cd5-687c-4ed5-8225-9451d7a48c05","receivedFrameCount":28}]
  t=39097ms nodes=[424,591,425] sendCounts=[208,207,203] buffered=[0,0,0] server=424 serverFrameCounts=[{"replicaId":1,"sessionId":"65ed82a9-3fb9-426d-9a1d-395acae9f185","receivedFrameCount":207},{"replicaId":2,"sessionId":"5051cebf-fe15-46e9-a0d3-f588a787ab02","receivedFrameCount":201},{"replicaId":3,"sessionId":"b3894cd5-687c-4ed5-8225-9451d7a48c05","receivedFrameCount":28}]
  t=42106ms nodes=[453,634,453] sendCounts=[224,223,218] buffered=[0,0,0] server=454 serverFrameCounts=[{"replicaId":1,"sessionId":"65ed82a9-3fb9-426d-9a1d-395acae9f185","receivedFrameCount":223},{"replicaId":2,"sessionId":"5051cebf-fe15-46e9-a0d3-f588a787ab02","receivedFrameCount":217},{"replicaId":3,"sessionId":"b3894cd5-687c-4ed5-8225-9451d7a48c05","receivedFrameCount":28}]
  t=45114ms nodes=[483,678,483] sendCounts=[240,238,234] buffered=[0,0,0] server=483 serverFrameCounts=[{"replicaId":1,"sessionId":"65ed82a9-3fb9-426d-9a1d-395acae9f185","receivedFrameCount":239},{"replicaId":2,"sessionId":"5051cebf-fe15-46e9-a0d3-f588a787ab02","receivedFrameCount":232},{"replicaId":3,"sessionId":"b3894cd5-687c-4ed5-8225-9451d7a48c05","receivedFrameCount":28}]
  t=48127ms nodes=[512,722,512] sendCounts=[256,254,249] buffered=[0,0,0] server=512 serverFrameCounts=[{"replicaId":1,"sessionId":"65ed82a9-3fb9-426d-9a1d-395acae9f185","receivedFrameCount":254},{"replicaId":2,"sessionId":"5051cebf-fe15-46e9-a0d3-f588a787ab02","receivedFrameCount":248},{"replicaId":3,"sessionId":"b3894cd5-687c-4ed5-8225-9451d7a48c05","receivedFrameCount":28}]
  t=51128ms nodes=[540,766,541] sendCounts=[271,270,264] buffered=[0,0,0] server=541 serverFrameCounts=[{"replicaId":1,"sessionId":"65ed82a9-3fb9-426d-9a1d-395acae9f185","receivedFrameCount":270},{"replicaId":2,"sessionId":"5051cebf-fe15-46e9-a0d3-f588a787ab02","receivedFrameCount":263},{"replicaId":3,"sessionId":"b3894cd5-687c-4ed5-8225-9451d7a48c05","receivedFrameCount":28}]
  t=54135ms nodes=[570,809,569] sendCounts=[287,285,279] buffered=[0,0,0] server=570 serverFrameCounts=[{"replicaId":1,"sessionId":"65ed82a9-3fb9-426d-9a1d-395acae9f185","receivedFrameCount":286},{"replicaId":2,"sessionId":"5051cebf-fe15-46e9-a0d3-f588a787ab02","receivedFrameCount":278},{"replicaId":3,"sessionId":"b3894cd5-687c-4ed5-8225-9451d7a48c05","receivedFrameCount":28}]
  t=57146ms nodes=[599,853,599] sendCounts=[303,301,295] buffered=[0,0,0] server=598 serverFrameCounts=[{"replicaId":1,"sessionId":"65ed82a9-3fb9-426d-9a1d-395acae9f185","receivedFrameCount":301},{"replicaId":2,"sessionId":"5051cebf-fe15-46e9-a0d3-f588a787ab02","receivedFrameCount":293},{"replicaId":3,"sessionId":"b3894cd5-687c-4ed5-8225-9451d7a48c05","receivedFrameCount":28}]
  t=60154ms nodes=[627,896,628] sendCounts=[318,316,310] buffered=[0,0,0] server=628 serverFrameCounts=[{"replicaId":1,"sessionId":"65ed82a9-3fb9-426d-9a1d-395acae9f185","receivedFrameCount":317},{"replicaId":2,"sessionId":"5051cebf-fe15-46e9-a0d3-f588a787ab02","receivedFrameCount":309},{"replicaId":3,"sessionId":"b3894cd5-687c-4ed5-8225-9451d7a48c05","receivedFrameCount":28}]
{"ts":"2026-08-31T12:49:08.406Z","level":"info","message":"ws.disconnect","documentId":"81a29618-2944-4ed9-b29a-293ba6a8c830","sessionId":"65ed82a9-3fb9-426d-9a1d-395acae9f185","code":1005}
{"ts":"2026-08-31T12:49:08.434Z","level":"info","message":"ws.disconnect","documentId":"81a29618-2944-4ed9-b29a-293ba6a8c830","sessionId":"5051cebf-fe15-46e9-a0d3-f588a787ab02","code":1005}
{"ts":"2026-08-31T12:49:08.845Z","level":"info","message":"server.listening","port":59456}
{"ts":"2026-08-31T12:49:11.534Z","level":"info","message":"ws.open","sessionId":"63fe9040-2a6e-451e-a60c-ba9c3b207cc9"}
{"ts":"2026-08-31T12:49:11.535Z","level":"info","message":"ws.open","sessionId":"845ddbca-a90c-4fcf-89d6-2ba3c729e960"}
{"ts":"2026-08-31T12:49:11.619Z","level":"info","message":"ws.connect","documentId":"6156d1d3-1fa8-4950-a773-db4e49fb22e4","sessionId":"845ddbca-a90c-4fcf-89d6-2ba3c729e960","replicaId":1}
{"ts":"2026-08-31T12:49:11.635Z","level":"info","message":"ws.connect","documentId":"6156d1d3-1fa8-4950-a773-db4e49fb22e4","sessionId":"63fe9040-2a6e-451e-a60c-ba9c3b207cc9","replicaId":2}
{"ts":"2026-08-31T12:49:11.789Z","level":"info","message":"ws.syncComplete","documentId":"6156d1d3-1fa8-4950-a773-db4e49fb22e4","sessionId":"845ddbca-a90c-4fcf-89d6-2ba3c729e960","lastServerSeq":0,"resentCount":0}
{"ts":"2026-08-31T12:49:11.821Z","level":"info","message":"ws.syncComplete","documentId":"6156d1d3-1fa8-4950-a773-db4e49fb22e4","sessionId":"63fe9040-2a6e-451e-a60c-ba9c3b207cc9","lastServerSeq":0,"resentCount":0}
{"ts":"2026-08-31T12:49:12.030Z","level":"info","message":"ws.open","sessionId":"e7faa8f5-124b-4d8d-bb3e-c9aa97254bbc"}
{"ts":"2026-08-31T12:49:12.150Z","level":"info","message":"ws.connect","documentId":"6156d1d3-1fa8-4950-a773-db4e49fb22e4","sessionId":"e7faa8f5-124b-4d8d-bb3e-c9aa97254bbc","replicaId":3}
{"ts":"2026-08-31T12:49:12.359Z","level":"info","message":"ws.syncComplete","documentId":"6156d1d3-1fa8-4950-a773-db4e49fb22e4","sessionId":"e7faa8f5-124b-4d8d-bb3e-c9aa97254bbc","lastServerSeq":0,"resentCount":0}
[SENDVSRECV] iter 6 order=["chromium","firefox","webkit"]: OK domLen=[895,895,895] pending=[0,0,0] finalSendCounts(chromium,firefox,webkit)=[319,317,309] finalReplicaIds(chromium,firefox,webkit)=[1,3,2] finalServerFrameCounts=[{"replicaId":1,"sessionId":"845ddbca-a90c-4fcf-89d6-2ba3c729e960","receivedFrameCount":318},{"replicaId":2,"sessionId":"63fe9040-2a6e-451e-a60c-ba9c3b207cc9","receivedFrameCount":308},{"replicaId":3,"sessionId":"e7faa8f5-124b-4d8d-bb3e-c9aa97254bbc","receivedFrameCount":316}] 
{"ts":"2026-08-31T12:50:15.743Z","level":"info","message":"ws.disconnect","documentId":"6156d1d3-1fa8-4950-a773-db4e49fb22e4","sessionId":"845ddbca-a90c-4fcf-89d6-2ba3c729e960","code":1005}
{"ts":"2026-08-31T12:50:15.770Z","level":"info","message":"ws.disconnect","documentId":"6156d1d3-1fa8-4950-a773-db4e49fb22e4","sessionId":"63fe9040-2a6e-451e-a60c-ba9c3b207cc9","code":1005}
{"ts":"2026-08-31T12:50:15.795Z","level":"info","message":"ws.disconnect","documentId":"6156d1d3-1fa8-4950-a773-db4e49fb22e4","sessionId":"e7faa8f5-124b-4d8d-bb3e-c9aa97254bbc","code":1005}
{"ts":"2026-08-31T12:50:16.200Z","level":"info","message":"server.listening","port":62545}
{"ts":"2026-08-31T12:50:18.876Z","level":"info","message":"ws.open","sessionId":"f734e739-1475-4a65-a9ba-53a0ae7d2ccb"}
{"ts":"2026-08-31T12:50:18.961Z","level":"info","message":"ws.connect","documentId":"2c9ac3bd-375e-49cd-98cc-4338617c8f60","sessionId":"f734e739-1475-4a65-a9ba-53a0ae7d2ccb","replicaId":1}
{"ts":"2026-08-31T12:50:18.965Z","level":"info","message":"ws.open","sessionId":"55ff2ad1-8b0d-4a1c-9acd-ac94b0d285f0"}
{"ts":"2026-08-31T12:50:19.068Z","level":"info","message":"ws.connect","documentId":"2c9ac3bd-375e-49cd-98cc-4338617c8f60","sessionId":"55ff2ad1-8b0d-4a1c-9acd-ac94b0d285f0","replicaId":2}
{"ts":"2026-08-31T12:50:19.149Z","level":"info","message":"ws.syncComplete","documentId":"2c9ac3bd-375e-49cd-98cc-4338617c8f60","sessionId":"f734e739-1475-4a65-a9ba-53a0ae7d2ccb","lastServerSeq":0,"resentCount":0}
{"ts":"2026-08-31T12:50:19.258Z","level":"info","message":"ws.syncComplete","documentId":"2c9ac3bd-375e-49cd-98cc-4338617c8f60","sessionId":"55ff2ad1-8b0d-4a1c-9acd-ac94b0d285f0","lastServerSeq":0,"resentCount":0}
{"ts":"2026-08-31T12:50:19.435Z","level":"info","message":"ws.open","sessionId":"f6e25bca-86ee-41c1-b551-be06a8a52f84"}
{"ts":"2026-08-31T12:50:19.539Z","level":"info","message":"ws.connect","documentId":"2c9ac3bd-375e-49cd-98cc-4338617c8f60","sessionId":"f6e25bca-86ee-41c1-b551-be06a8a52f84","replicaId":3}
{"ts":"2026-08-31T12:50:19.728Z","level":"info","message":"ws.syncComplete","documentId":"2c9ac3bd-375e-49cd-98cc-4338617c8f60","sessionId":"f6e25bca-86ee-41c1-b551-be06a8a52f84","lastServerSeq":0,"resentCount":0}
{"ts":"2026-08-31T12:51:15.769Z","level":"warn","message":"presence.stale","sessionId":"f6e25bca-86ee-41c1-b551-be06a8a52f84","replicaId":3,"thresholdMs":8000}
[SENDVSRECV] iter 7 order=["chromium","firefox","webkit"]: SERVER-CRASH: Error: integrate(): Case C reached with candidate 265:3 whose destination would have moved past 264:2 — this disproves Engine Spec §6.2 sub-case iii-d (Test Plan §14.2 MUT-KILL-01). domLen=[845,896,845] pending=[0,0,0] finalSendCounts(chromium,firefox,webkit)=[320,317,309] finalReplicaIds(chromium,firefox,webkit)=[1,3,2] finalServerFrameCounts=[{"replicaId":1,"sessionId":"f734e739-1475-4a65-a9ba-53a0ae7d2ccb","receivedFrameCount":319},{"replicaId":2,"sessionId":"55ff2ad1-8b0d-4a1c-9acd-ac94b0d285f0","receivedFrameCount":308},{"replicaId":3,"sessionId":"f6e25bca-86ee-41c1-b551-be06a8a52f84","receivedFrameCount":261}] 
  --- sample timeline (t_ms, nodeCounts, sendCounts[chromium,firefox,webkit], bufferedAmountNow, serverNodeCount, serverFrameCounts) ---
  t=3024ms nodes=[63,63,63] sendCounts=[19,18,18] buffered=[0,0,0] server=65 serverFrameCounts=[{"replicaId":1,"sessionId":"f734e739-1475-4a65-a9ba-53a0ae7d2ccb","receivedFrameCount":18},{"replicaId":2,"sessionId":"55ff2ad1-8b0d-4a1c-9acd-ac94b0d285f0","receivedFrameCount":17},{"replicaId":3,"sessionId":"f6e25bca-86ee-41c1-b551-be06a8a52f84","receivedFrameCount":17}]
  t=6030ms nodes=[108,108,108] sendCounts=[35,34,34] buffered=[0,0,0] server=109 serverFrameCounts=[{"replicaId":1,"sessionId":"f734e739-1475-4a65-a9ba-53a0ae7d2ccb","receivedFrameCount":34},{"replicaId":2,"sessionId":"55ff2ad1-8b0d-4a1c-9acd-ac94b0d285f0","receivedFrameCount":32},{"replicaId":3,"sessionId":"f6e25bca-86ee-41c1-b551-be06a8a52f84","receivedFrameCount":33}]
  t=9031ms nodes=[152,152,152] sendCounts=[51,50,49] buffered=[0,0,0] server=151 serverFrameCounts=[{"replicaId":1,"sessionId":"f734e739-1475-4a65-a9ba-53a0ae7d2ccb","receivedFrameCount":49},{"replicaId":2,"sessionId":"55ff2ad1-8b0d-4a1c-9acd-ac94b0d285f0","receivedFrameCount":47},{"replicaId":3,"sessionId":"f6e25bca-86ee-41c1-b551-be06a8a52f84","receivedFrameCount":48}]
  t=12043ms nodes=[196,195,196] sendCounts=[67,65,64] buffered=[0,0,0] server=196 serverFrameCounts=[{"replicaId":1,"sessionId":"f734e739-1475-4a65-a9ba-53a0ae7d2ccb","receivedFrameCount":65},{"replicaId":2,"sessionId":"55ff2ad1-8b0d-4a1c-9acd-ac94b0d285f0","receivedFrameCount":63},{"replicaId":3,"sessionId":"f6e25bca-86ee-41c1-b551-be06a8a52f84","receivedFrameCount":64}]
  t=15043ms nodes=[239,240,239] sendCounts=[82,81,79] buffered=[0,0,0] server=240 serverFrameCounts=[{"replicaId":1,"sessionId":"f734e739-1475-4a65-a9ba-53a0ae7d2ccb","receivedFrameCount":81},{"replicaId":2,"sessionId":"55ff2ad1-8b0d-4a1c-9acd-ac94b0d285f0","receivedFrameCount":78},{"replicaId":3,"sessionId":"f6e25bca-86ee-41c1-b551-be06a8a52f84","receivedFrameCount":80}]
  t=18052ms nodes=[283,283,283] sendCounts=[98,97,95] buffered=[0,0,0] server=283 serverFrameCounts=[{"replicaId":1,"sessionId":"f734e739-1475-4a65-a9ba-53a0ae7d2ccb","receivedFrameCount":97},{"replicaId":2,"sessionId":"55ff2ad1-8b0d-4a1c-9acd-ac94b0d285f0","receivedFrameCount":93},{"replicaId":3,"sessionId":"f6e25bca-86ee-41c1-b551-be06a8a52f84","receivedFrameCount":95}]
  t=21066ms nodes=[328,328,327] sendCounts=[114,113,110] buffered=[0,0,0] server=328 serverFrameCounts=[{"replicaId":1,"sessionId":"f734e739-1475-4a65-a9ba-53a0ae7d2ccb","receivedFrameCount":113},{"replicaId":2,"sessionId":"55ff2ad1-8b0d-4a1c-9acd-ac94b0d285f0","receivedFrameCount":109},{"replicaId":3,"sessionId":"f6e25bca-86ee-41c1-b551-be06a8a52f84","receivedFrameCount":111}]
  t=24080ms nodes=[371,371,371] sendCounts=[130,128,126] buffered=[0,0,0] server=371 serverFrameCounts=[{"replicaId":1,"sessionId":"f734e739-1475-4a65-a9ba-53a0ae7d2ccb","receivedFrameCount":128},{"replicaId":2,"sessionId":"55ff2ad1-8b0d-4a1c-9acd-ac94b0d285f0","receivedFrameCount":124},{"replicaId":3,"sessionId":"f6e25bca-86ee-41c1-b551-be06a8a52f84","receivedFrameCount":127}]
  t=27099ms nodes=[414,415,415] sendCounts=[145,144,141] buffered=[0,0,0] server=416 serverFrameCounts=[{"replicaId":1,"sessionId":"f734e739-1475-4a65-a9ba-53a0ae7d2ccb","receivedFrameCount":144},{"replicaId":2,"sessionId":"55ff2ad1-8b0d-4a1c-9acd-ac94b0d285f0","receivedFrameCount":140},{"replicaId":3,"sessionId":"f6e25bca-86ee-41c1-b551-be06a8a52f84","receivedFrameCount":143}]
  t=30081ms nodes=[459,458,458] sendCounts=[161,160,156] buffered=[0,0,0] server=459 serverFrameCounts=[{"replicaId":1,"sessionId":"f734e739-1475-4a65-a9ba-53a0ae7d2ccb","receivedFrameCount":160},{"replicaId":2,"sessionId":"55ff2ad1-8b0d-4a1c-9acd-ac94b0d285f0","receivedFrameCount":155},{"replicaId":3,"sessionId":"f6e25bca-86ee-41c1-b551-be06a8a52f84","receivedFrameCount":158}]
  t=33083ms nodes=[502,502,502] sendCounts=[177,175,172] buffered=[0,0,0] server=503 serverFrameCounts=[{"replicaId":1,"sessionId":"f734e739-1475-4a65-a9ba-53a0ae7d2ccb","receivedFrameCount":176},{"replicaId":2,"sessionId":"55ff2ad1-8b0d-4a1c-9acd-ac94b0d285f0","receivedFrameCount":170},{"replicaId":3,"sessionId":"f6e25bca-86ee-41c1-b551-be06a8a52f84","receivedFrameCount":174}]
  t=36090ms nodes=[546,546,546] sendCounts=[193,191,187] buffered=[0,0,0] server=545 serverFrameCounts=[{"replicaId":1,"sessionId":"f734e739-1475-4a65-a9ba-53a0ae7d2ccb","receivedFrameCount":191},{"replicaId":2,"sessionId":"55ff2ad1-8b0d-4a1c-9acd-ac94b0d285f0","receivedFrameCount":185},{"replicaId":3,"sessionId":"f6e25bca-86ee-41c1-b551-be06a8a52f84","receivedFrameCount":189}]
  t=39096ms nodes=[589,590,590] sendCounts=[208,207,202] buffered=[0,0,0] server=589 serverFrameCounts=[{"replicaId":1,"sessionId":"f734e739-1475-4a65-a9ba-53a0ae7d2ccb","receivedFrameCount":207},{"replicaId":2,"sessionId":"55ff2ad1-8b0d-4a1c-9acd-ac94b0d285f0","receivedFrameCount":200},{"replicaId":3,"sessionId":"f6e25bca-86ee-41c1-b551-be06a8a52f84","receivedFrameCount":205}]
  t=42115ms nodes=[633,632,633] sendCounts=[224,222,217] buffered=[0,0,0] server=633 serverFrameCounts=[{"replicaId":1,"sessionId":"f734e739-1475-4a65-a9ba-53a0ae7d2ccb","receivedFrameCount":223},{"replicaId":2,"sessionId":"55ff2ad1-8b0d-4a1c-9acd-ac94b0d285f0","receivedFrameCount":215},{"replicaId":3,"sessionId":"f6e25bca-86ee-41c1-b551-be06a8a52f84","receivedFrameCount":221}]
  t=45123ms nodes=[676,676,676] sendCounts=[240,238,232] buffered=[0,0,0] server=678 serverFrameCounts=[{"replicaId":1,"sessionId":"f734e739-1475-4a65-a9ba-53a0ae7d2ccb","receivedFrameCount":239},{"replicaId":2,"sessionId":"55ff2ad1-8b0d-4a1c-9acd-ac94b0d285f0","receivedFrameCount":231},{"replicaId":3,"sessionId":"f6e25bca-86ee-41c1-b551-be06a8a52f84","receivedFrameCount":237}]
  t=48131ms nodes=[720,720,720] sendCounts=[256,254,247] buffered=[0,0,0] server=721 serverFrameCounts=[{"replicaId":1,"sessionId":"f734e739-1475-4a65-a9ba-53a0ae7d2ccb","receivedFrameCount":255},{"replicaId":2,"sessionId":"55ff2ad1-8b0d-4a1c-9acd-ac94b0d285f0","receivedFrameCount":246},{"replicaId":3,"sessionId":"f6e25bca-86ee-41c1-b551-be06a8a52f84","receivedFrameCount":252}]
  t=51132ms nodes=[758,764,758] sendCounts=[272,269,263] buffered=[0,0,0] server=757 serverFrameCounts=[{"replicaId":1,"sessionId":"f734e739-1475-4a65-a9ba-53a0ae7d2ccb","receivedFrameCount":270},{"replicaId":2,"sessionId":"55ff2ad1-8b0d-4a1c-9acd-ac94b0d285f0","receivedFrameCount":261},{"replicaId":3,"sessionId":"f6e25bca-86ee-41c1-b551-be06a8a52f84","receivedFrameCount":261}]
  t=54132ms nodes=[787,808,787] sendCounts=[288,285,278] buffered=[0,0,0] server=787 serverFrameCounts=[{"replicaId":1,"sessionId":"f734e739-1475-4a65-a9ba-53a0ae7d2ccb","receivedFrameCount":286},{"replicaId":2,"sessionId":"55ff2ad1-8b0d-4a1c-9acd-ac94b0d285f0","receivedFrameCount":277},{"replicaId":3,"sessionId":"f6e25bca-86ee-41c1-b551-be06a8a52f84","receivedFrameCount":261}]
  t=57151ms nodes=[816,853,816] sendCounts=[303,301,293] buffered=[0,0,0] server=816 serverFrameCounts=[{"replicaId":1,"sessionId":"f734e739-1475-4a65-a9ba-53a0ae7d2ccb","receivedFrameCount":302},{"replicaId":2,"sessionId":"55ff2ad1-8b0d-4a1c-9acd-ac94b0d285f0","receivedFrameCount":292},{"replicaId":3,"sessionId":"f6e25bca-86ee-41c1-b551-be06a8a52f84","receivedFrameCount":261}]
  t=60160ms nodes=[845,895,844] sendCounts=[319,316,308] buffered=[0,0,0] server=845 serverFrameCounts=[{"replicaId":1,"sessionId":"f734e739-1475-4a65-a9ba-53a0ae7d2ccb","receivedFrameCount":318},{"replicaId":2,"sessionId":"55ff2ad1-8b0d-4a1c-9acd-ac94b0d285f0","receivedFrameCount":307},{"replicaId":3,"sessionId":"f6e25bca-86ee-41c1-b551-be06a8a52f84","receivedFrameCount":261}]
{"ts":"2026-08-31T12:51:23.113Z","level":"info","message":"ws.disconnect","documentId":"2c9ac3bd-375e-49cd-98cc-4338617c8f60","sessionId":"f734e739-1475-4a65-a9ba-53a0ae7d2ccb","code":1005}
{"ts":"2026-08-31T12:51:23.148Z","level":"info","message":"ws.disconnect","documentId":"2c9ac3bd-375e-49cd-98cc-4338617c8f60","sessionId":"55ff2ad1-8b0d-4a1c-9acd-ac94b0d285f0","code":1005}
{"ts":"2026-08-31T12:51:23.549Z","level":"info","message":"server.listening","port":64479}
{"ts":"2026-08-31T12:51:26.274Z","level":"info","message":"ws.open","sessionId":"81847a5f-b5fc-4481-8436-f57ed3612ed7"}
{"ts":"2026-08-31T12:51:26.281Z","level":"info","message":"ws.open","sessionId":"b5017991-fbae-43d9-b506-c0c8252697c1"}
{"ts":"2026-08-31T12:51:26.354Z","level":"info","message":"ws.connect","documentId":"c34220fa-1afe-4d57-b473-2d45ca7fea6e","sessionId":"81847a5f-b5fc-4481-8436-f57ed3612ed7","replicaId":1}
{"ts":"2026-08-31T12:51:26.385Z","level":"info","message":"ws.connect","documentId":"c34220fa-1afe-4d57-b473-2d45ca7fea6e","sessionId":"b5017991-fbae-43d9-b506-c0c8252697c1","replicaId":2}
{"ts":"2026-08-31T12:51:26.519Z","level":"info","message":"ws.syncComplete","documentId":"c34220fa-1afe-4d57-b473-2d45ca7fea6e","sessionId":"81847a5f-b5fc-4481-8436-f57ed3612ed7","lastServerSeq":0,"resentCount":0}
{"ts":"2026-08-31T12:51:26.570Z","level":"info","message":"ws.syncComplete","documentId":"c34220fa-1afe-4d57-b473-2d45ca7fea6e","sessionId":"b5017991-fbae-43d9-b506-c0c8252697c1","lastServerSeq":0,"resentCount":0}
{"ts":"2026-08-31T12:51:26.720Z","level":"info","message":"ws.open","sessionId":"7ed28858-5330-44d7-8426-d9c3d1bf3872"}
{"ts":"2026-08-31T12:51:26.838Z","level":"info","message":"ws.connect","documentId":"c34220fa-1afe-4d57-b473-2d45ca7fea6e","sessionId":"7ed28858-5330-44d7-8426-d9c3d1bf3872","replicaId":3}
{"ts":"2026-08-31T12:51:27.011Z","level":"info","message":"ws.syncComplete","documentId":"c34220fa-1afe-4d57-b473-2d45ca7fea6e","sessionId":"7ed28858-5330-44d7-8426-d9c3d1bf3872","lastServerSeq":0,"resentCount":0}
[SENDVSRECV] iter 8 order=["chromium","firefox","webkit"]: OK domLen=[894,894,894] pending=[0,0,0] finalSendCounts(chromium,firefox,webkit)=[319,316,309] finalReplicaIds(chromium,firefox,webkit)=[1,3,2] finalServerFrameCounts=[{"replicaId":1,"sessionId":"81847a5f-b5fc-4481-8436-f57ed3612ed7","receivedFrameCount":318},{"replicaId":2,"sessionId":"b5017991-fbae-43d9-b506-c0c8252697c1","receivedFrameCount":308},{"replicaId":3,"sessionId":"7ed28858-5330-44d7-8426-d9c3d1bf3872","receivedFrameCount":315}] 
{"ts":"2026-08-31T12:52:30.242Z","level":"info","message":"ws.disconnect","documentId":"c34220fa-1afe-4d57-b473-2d45ca7fea6e","sessionId":"81847a5f-b5fc-4481-8436-f57ed3612ed7","code":1005}
{"ts":"2026-08-31T12:52:30.285Z","level":"info","message":"ws.disconnect","documentId":"c34220fa-1afe-4d57-b473-2d45ca7fea6e","sessionId":"b5017991-fbae-43d9-b506-c0c8252697c1","code":1005}
{"ts":"2026-08-31T12:52:30.303Z","level":"info","message":"ws.disconnect","documentId":"c34220fa-1afe-4d57-b473-2d45ca7fea6e","sessionId":"7ed28858-5330-44d7-8426-d9c3d1bf3872","code":1005}
{"ts":"2026-08-31T12:52:30.688Z","level":"info","message":"server.listening","port":50393}
{"ts":"2026-08-31T12:52:33.694Z","level":"info","message":"ws.open","sessionId":"889866b8-4a95-4398-a706-7f46ca341a60"}
{"ts":"2026-08-31T12:52:33.696Z","level":"info","message":"ws.open","sessionId":"db0e8922-34c8-48cf-9f65-9c0c4197bff4"}
{"ts":"2026-08-31T12:52:33.780Z","level":"info","message":"ws.connect","documentId":"b0a70f33-c4c3-47fc-ba59-bd0f11dc4f66","sessionId":"889866b8-4a95-4398-a706-7f46ca341a60","replicaId":1}
{"ts":"2026-08-31T12:52:33.795Z","level":"info","message":"ws.connect","documentId":"b0a70f33-c4c3-47fc-ba59-bd0f11dc4f66","sessionId":"db0e8922-34c8-48cf-9f65-9c0c4197bff4","replicaId":2}
{"ts":"2026-08-31T12:52:33.935Z","level":"info","message":"ws.syncComplete","documentId":"b0a70f33-c4c3-47fc-ba59-bd0f11dc4f66","sessionId":"889866b8-4a95-4398-a706-7f46ca341a60","lastServerSeq":0,"resentCount":0}
{"ts":"2026-08-31T12:52:33.982Z","level":"info","message":"ws.syncComplete","documentId":"b0a70f33-c4c3-47fc-ba59-bd0f11dc4f66","sessionId":"db0e8922-34c8-48cf-9f65-9c0c4197bff4","lastServerSeq":0,"resentCount":0}
{"ts":"2026-08-31T12:52:34.147Z","level":"info","message":"ws.open","sessionId":"9630b58d-1700-44a5-8426-18dc2583b274"}
{"ts":"2026-08-31T12:52:34.293Z","level":"info","message":"ws.connect","documentId":"b0a70f33-c4c3-47fc-ba59-bd0f11dc4f66","sessionId":"9630b58d-1700-44a5-8426-18dc2583b274","replicaId":3}
{"ts":"2026-08-31T12:52:34.464Z","level":"info","message":"ws.syncComplete","documentId":"b0a70f33-c4c3-47fc-ba59-bd0f11dc4f66","sessionId":"9630b58d-1700-44a5-8426-18dc2583b274","lastServerSeq":0,"resentCount":0}
[SENDVSRECV] iter 9 order=["chromium","firefox","webkit"]: OK domLen=[892,892,892] pending=[0,0,0] finalSendCounts(chromium,firefox,webkit)=[319,316,307] finalReplicaIds(chromium,firefox,webkit)=[1,3,2] finalServerFrameCounts=[{"replicaId":1,"sessionId":"889866b8-4a95-4398-a706-7f46ca341a60","receivedFrameCount":318},{"replicaId":2,"sessionId":"db0e8922-34c8-48cf-9f65-9c0c4197bff4","receivedFrameCount":306},{"replicaId":3,"sessionId":"9630b58d-1700-44a5-8426-18dc2583b274","receivedFrameCount":315}] 
{"ts":"2026-08-31T12:53:37.776Z","level":"info","message":"ws.disconnect","documentId":"b0a70f33-c4c3-47fc-ba59-bd0f11dc4f66","sessionId":"889866b8-4a95-4398-a706-7f46ca341a60","code":1005}
{"ts":"2026-08-31T12:53:37.798Z","level":"info","message":"ws.disconnect","documentId":"b0a70f33-c4c3-47fc-ba59-bd0f11dc4f66","sessionId":"db0e8922-34c8-48cf-9f65-9c0c4197bff4","code":1005}
{"ts":"2026-08-31T12:53:37.840Z","level":"info","message":"ws.disconnect","documentId":"b0a70f33-c4c3-47fc-ba59-bd0f11dc4f66","sessionId":"9630b58d-1700-44a5-8426-18dc2583b274","code":1005}

7/10 passed (SENDVSRECV diagnostic run)
