{"ts":"2026-08-31T13:10:36.966Z","level":"info","message":"server.listening","port":54511}
{"ts":"2026-08-31T13:10:40.245Z","level":"info","message":"ws.open","sessionId":"51309167-fc73-48cb-b3b1-dcaf8fd2225d"}
{"ts":"2026-08-31T13:10:40.254Z","level":"info","message":"ws.connect","documentId":"4b5e2578-7164-4b89-aaad-82c2f566ab33","sessionId":"51309167-fc73-48cb-b3b1-dcaf8fd2225d","replicaId":1}
{"ts":"2026-08-31T13:10:40.264Z","level":"info","message":"ws.syncComplete","documentId":"4b5e2578-7164-4b89-aaad-82c2f566ab33","sessionId":"51309167-fc73-48cb-b3b1-dcaf8fd2225d","lastServerSeq":0,"resentCount":0}
{"ts":"2026-08-31T13:10:40.293Z","level":"info","message":"ws.open","sessionId":"534c0d89-6911-4b63-b376-e5850a9cc289"}
{"ts":"2026-08-31T13:10:40.354Z","level":"info","message":"ws.connect","documentId":"4b5e2578-7164-4b89-aaad-82c2f566ab33","sessionId":"534c0d89-6911-4b63-b376-e5850a9cc289","replicaId":2}
{"ts":"2026-08-31T13:10:40.384Z","level":"info","message":"ws.syncComplete","documentId":"4b5e2578-7164-4b89-aaad-82c2f566ab33","sessionId":"534c0d89-6911-4b63-b376-e5850a9cc289","lastServerSeq":0,"resentCount":0}
{"ts":"2026-08-31T13:10:40.931Z","level":"info","message":"ws.open","sessionId":"1799587a-41ff-449c-9acf-6c8532e2f7d7"}
{"ts":"2026-08-31T13:10:40.967Z","level":"info","message":"ws.connect","documentId":"4b5e2578-7164-4b89-aaad-82c2f566ab33","sessionId":"1799587a-41ff-449c-9acf-6c8532e2f7d7","replicaId":3}
{"ts":"2026-08-31T13:10:40.973Z","level":"info","message":"ws.syncComplete","documentId":"4b5e2578-7164-4b89-aaad-82c2f566ab33","sessionId":"1799587a-41ff-449c-9acf-6c8532e2f7d7","lastServerSeq":0,"resentCount":0}
[SENDVSRECV-DIRECT] iter 0 order=["chromium","firefox","webkit"]: OK domLen=[892,892,892] pending=[0,0,0] finalSendCounts(chromium,firefox,webkit)=[318,315,309] finalReplicaIds(chromium,firefox,webkit)=[1,3,2] finalServerFrameCounts=[{"replicaId":1,"sessionId":"51309167-fc73-48cb-b3b1-dcaf8fd2225d","receivedFrameCount":317},{"replicaId":2,"sessionId":"534c0d89-6911-4b63-b376-e5850a9cc289","receivedFrameCount":308},{"replicaId":3,"sessionId":"1799587a-41ff-449c-9acf-6c8532e2f7d7","receivedFrameCount":314}] 
  --- full sample timeline (always printed this run, not just on failure) ---
  t=3051ms nodes=[65,65,65] sendCounts=[19,18,18] buffered=[0,0,0] server=65 serverFrameCounts=[{"replicaId":1,"sessionId":"51309167-fc73-48cb-b3b1-dcaf8fd2225d","receivedFrameCount":18},{"replicaId":2,"sessionId":"534c0d89-6911-4b63-b376-e5850a9cc289","receivedFrameCount":17},{"replicaId":3,"sessionId":"1799587a-41ff-449c-9acf-6c8532e2f7d7","receivedFrameCount":17}]
  t=6031ms nodes=[108,108,108] sendCounts=[35,33,33] buffered=[0,0,0] server=108 serverFrameCounts=[{"replicaId":1,"sessionId":"51309167-fc73-48cb-b3b1-dcaf8fd2225d","receivedFrameCount":34},{"replicaId":2,"sessionId":"534c0d89-6911-4b63-b376-e5850a9cc289","receivedFrameCount":32},{"replicaId":3,"sessionId":"1799587a-41ff-449c-9acf-6c8532e2f7d7","receivedFrameCount":32}]
  t=9044ms nodes=[152,152,152] sendCounts=[51,49,48] buffered=[0,0,0] server=152 serverFrameCounts=[{"replicaId":1,"sessionId":"51309167-fc73-48cb-b3b1-dcaf8fd2225d","receivedFrameCount":50},{"replicaId":2,"sessionId":"534c0d89-6911-4b63-b376-e5850a9cc289","receivedFrameCount":47},{"replicaId":3,"sessionId":"1799587a-41ff-449c-9acf-6c8532e2f7d7","receivedFrameCount":48}]
  t=12040ms nodes=[196,196,196] sendCounts=[66,65,64] buffered=[0,0,0] server=196 serverFrameCounts=[{"replicaId":1,"sessionId":"51309167-fc73-48cb-b3b1-dcaf8fd2225d","receivedFrameCount":65},{"replicaId":2,"sessionId":"534c0d89-6911-4b63-b376-e5850a9cc289","receivedFrameCount":63},{"replicaId":3,"sessionId":"1799587a-41ff-449c-9acf-6c8532e2f7d7","receivedFrameCount":64}]
  t=15043ms nodes=[239,239,239] sendCounts=[82,80,79] buffered=[0,0,0] server=239 serverFrameCounts=[{"replicaId":1,"sessionId":"51309167-fc73-48cb-b3b1-dcaf8fd2225d","receivedFrameCount":81},{"replicaId":2,"sessionId":"534c0d89-6911-4b63-b376-e5850a9cc289","receivedFrameCount":78},{"replicaId":3,"sessionId":"1799587a-41ff-449c-9acf-6c8532e2f7d7","receivedFrameCount":79}]
  t=18054ms nodes=[283,283,283] sendCounts=[98,96,94] buffered=[0,0,0] server=283 serverFrameCounts=[{"replicaId":1,"sessionId":"51309167-fc73-48cb-b3b1-dcaf8fd2225d","receivedFrameCount":97},{"replicaId":2,"sessionId":"534c0d89-6911-4b63-b376-e5850a9cc289","receivedFrameCount":93},{"replicaId":3,"sessionId":"1799587a-41ff-449c-9acf-6c8532e2f7d7","receivedFrameCount":95}]
  t=21074ms nodes=[328,328,328] sendCounts=[114,112,110] buffered=[0,0,0] server=328 serverFrameCounts=[{"replicaId":1,"sessionId":"51309167-fc73-48cb-b3b1-dcaf8fd2225d","receivedFrameCount":113},{"replicaId":2,"sessionId":"534c0d89-6911-4b63-b376-e5850a9cc289","receivedFrameCount":109},{"replicaId":3,"sessionId":"1799587a-41ff-449c-9acf-6c8532e2f7d7","receivedFrameCount":111}]
  t=24089ms nodes=[371,371,371] sendCounts=[129,128,125] buffered=[0,0,0] server=371 serverFrameCounts=[{"replicaId":1,"sessionId":"51309167-fc73-48cb-b3b1-dcaf8fd2225d","receivedFrameCount":128},{"replicaId":2,"sessionId":"534c0d89-6911-4b63-b376-e5850a9cc289","receivedFrameCount":124},{"replicaId":3,"sessionId":"1799587a-41ff-449c-9acf-6c8532e2f7d7","receivedFrameCount":127}]
  t=27098ms nodes=[414,414,414] sendCounts=[145,143,140] buffered=[0,0,0] server=414 serverFrameCounts=[{"replicaId":1,"sessionId":"51309167-fc73-48cb-b3b1-dcaf8fd2225d","receivedFrameCount":144},{"replicaId":2,"sessionId":"534c0d89-6911-4b63-b376-e5850a9cc289","receivedFrameCount":139},{"replicaId":3,"sessionId":"1799587a-41ff-449c-9acf-6c8532e2f7d7","receivedFrameCount":142}]
  t=30099ms nodes=[459,459,459] sendCounts=[161,159,156] buffered=[0,0,0] server=459 serverFrameCounts=[{"replicaId":1,"sessionId":"51309167-fc73-48cb-b3b1-dcaf8fd2225d","receivedFrameCount":160},{"replicaId":2,"sessionId":"534c0d89-6911-4b63-b376-e5850a9cc289","receivedFrameCount":155},{"replicaId":3,"sessionId":"1799587a-41ff-449c-9acf-6c8532e2f7d7","receivedFrameCount":158}]
  t=33116ms nodes=[503,503,503] sendCounts=[177,175,171] buffered=[0,0,0] server=503 serverFrameCounts=[{"replicaId":1,"sessionId":"51309167-fc73-48cb-b3b1-dcaf8fd2225d","receivedFrameCount":176},{"replicaId":2,"sessionId":"534c0d89-6911-4b63-b376-e5850a9cc289","receivedFrameCount":170},{"replicaId":3,"sessionId":"1799587a-41ff-449c-9acf-6c8532e2f7d7","receivedFrameCount":174}]
  t=36112ms nodes=[545,545,545] sendCounts=[192,190,186] buffered=[0,0,0] server=545 serverFrameCounts=[{"replicaId":1,"sessionId":"51309167-fc73-48cb-b3b1-dcaf8fd2225d","receivedFrameCount":191},{"replicaId":2,"sessionId":"534c0d89-6911-4b63-b376-e5850a9cc289","receivedFrameCount":185},{"replicaId":3,"sessionId":"1799587a-41ff-449c-9acf-6c8532e2f7d7","receivedFrameCount":189}]
  t=39127ms nodes=[589,589,590] sendCounts=[208,206,202] buffered=[0,0,0] server=589 serverFrameCounts=[{"replicaId":1,"sessionId":"51309167-fc73-48cb-b3b1-dcaf8fd2225d","receivedFrameCount":207},{"replicaId":2,"sessionId":"534c0d89-6911-4b63-b376-e5850a9cc289","receivedFrameCount":200},{"replicaId":3,"sessionId":"1799587a-41ff-449c-9acf-6c8532e2f7d7","receivedFrameCount":205}]
  t=42142ms nodes=[634,634,634] sendCounts=[224,222,217] buffered=[0,0,0] server=634 serverFrameCounts=[{"replicaId":1,"sessionId":"51309167-fc73-48cb-b3b1-dcaf8fd2225d","receivedFrameCount":223},{"replicaId":2,"sessionId":"534c0d89-6911-4b63-b376-e5850a9cc289","receivedFrameCount":216},{"replicaId":3,"sessionId":"1799587a-41ff-449c-9acf-6c8532e2f7d7","receivedFrameCount":221}]
  t=45142ms nodes=[676,676,676] sendCounts=[239,237,232] buffered=[0,0,0] server=676 serverFrameCounts=[{"replicaId":1,"sessionId":"51309167-fc73-48cb-b3b1-dcaf8fd2225d","receivedFrameCount":238},{"replicaId":2,"sessionId":"534c0d89-6911-4b63-b376-e5850a9cc289","receivedFrameCount":231},{"replicaId":3,"sessionId":"1799587a-41ff-449c-9acf-6c8532e2f7d7","receivedFrameCount":236}]
  t=48152ms nodes=[720,720,720] sendCounts=[255,253,247] buffered=[0,0,0] server=720 serverFrameCounts=[{"replicaId":1,"sessionId":"51309167-fc73-48cb-b3b1-dcaf8fd2225d","receivedFrameCount":254},{"replicaId":2,"sessionId":"534c0d89-6911-4b63-b376-e5850a9cc289","receivedFrameCount":246},{"replicaId":3,"sessionId":"1799587a-41ff-449c-9acf-6c8532e2f7d7","receivedFrameCount":252}]
  t=51146ms nodes=[764,764,764] sendCounts=[271,268,263] buffered=[0,0,0] server=764 serverFrameCounts=[{"replicaId":1,"sessionId":"51309167-fc73-48cb-b3b1-dcaf8fd2225d","receivedFrameCount":270},{"replicaId":2,"sessionId":"534c0d89-6911-4b63-b376-e5850a9cc289","receivedFrameCount":262},{"replicaId":3,"sessionId":"1799587a-41ff-449c-9acf-6c8532e2f7d7","receivedFrameCount":267}]
  t=54168ms nodes=[808,808,808] sendCounts=[287,284,278] buffered=[0,0,0] server=808 serverFrameCounts=[{"replicaId":1,"sessionId":"51309167-fc73-48cb-b3b1-dcaf8fd2225d","receivedFrameCount":286},{"replicaId":2,"sessionId":"534c0d89-6911-4b63-b376-e5850a9cc289","receivedFrameCount":277},{"replicaId":3,"sessionId":"1799587a-41ff-449c-9acf-6c8532e2f7d7","receivedFrameCount":283}]
  t=57169ms nodes=[850,850,850] sendCounts=[302,299,293] buffered=[0,0,0] server=850 serverFrameCounts=[{"replicaId":1,"sessionId":"51309167-fc73-48cb-b3b1-dcaf8fd2225d","receivedFrameCount":301},{"replicaId":2,"sessionId":"534c0d89-6911-4b63-b376-e5850a9cc289","receivedFrameCount":292},{"replicaId":3,"sessionId":"1799587a-41ff-449c-9acf-6c8532e2f7d7","receivedFrameCount":298}]
  t=60186ms nodes=[892,892,892] sendCounts=[317,314,308] buffered=[0,0,0] server=892 serverFrameCounts=[{"replicaId":1,"sessionId":"51309167-fc73-48cb-b3b1-dcaf8fd2225d","receivedFrameCount":316},{"replicaId":2,"sessionId":"534c0d89-6911-4b63-b376-e5850a9cc289","receivedFrameCount":307},{"replicaId":3,"sessionId":"1799587a-41ff-449c-9acf-6c8532e2f7d7","receivedFrameCount":313}]
{"ts":"2026-08-31T13:11:44.292Z","level":"info","message":"ws.disconnect","documentId":"4b5e2578-7164-4b89-aaad-82c2f566ab33","sessionId":"51309167-fc73-48cb-b3b1-dcaf8fd2225d","code":1001}
{"ts":"2026-08-31T13:11:44.321Z","level":"info","message":"ws.disconnect","documentId":"4b5e2578-7164-4b89-aaad-82c2f566ab33","sessionId":"534c0d89-6911-4b63-b376-e5850a9cc289","code":1006}
{"ts":"2026-08-31T13:11:44.345Z","level":"info","message":"ws.disconnect","documentId":"4b5e2578-7164-4b89-aaad-82c2f566ab33","sessionId":"1799587a-41ff-449c-9acf-6c8532e2f7d7","code":1001}
{"ts":"2026-08-31T13:11:44.758Z","level":"info","message":"server.listening","port":56740}
{"ts":"2026-08-31T13:11:47.303Z","level":"info","message":"ws.open","sessionId":"3f82547f-7645-4b4b-adda-ffa7d89afb00"}
{"ts":"2026-08-31T13:11:47.307Z","level":"info","message":"ws.connect","documentId":"bd4958cf-6c5f-4da6-86f8-79fe57a28aca","sessionId":"3f82547f-7645-4b4b-adda-ffa7d89afb00","replicaId":1}
{"ts":"2026-08-31T13:11:47.313Z","level":"info","message":"ws.syncComplete","documentId":"bd4958cf-6c5f-4da6-86f8-79fe57a28aca","sessionId":"3f82547f-7645-4b4b-adda-ffa7d89afb00","lastServerSeq":0,"resentCount":0}
{"ts":"2026-08-31T13:11:47.386Z","level":"info","message":"ws.open","sessionId":"d465bfb8-565f-4ec3-a8c9-d1dbf49dd8ab"}
{"ts":"2026-08-31T13:11:47.417Z","level":"info","message":"ws.connect","documentId":"bd4958cf-6c5f-4da6-86f8-79fe57a28aca","sessionId":"d465bfb8-565f-4ec3-a8c9-d1dbf49dd8ab","replicaId":2}
{"ts":"2026-08-31T13:11:47.448Z","level":"info","message":"ws.syncComplete","documentId":"bd4958cf-6c5f-4da6-86f8-79fe57a28aca","sessionId":"d465bfb8-565f-4ec3-a8c9-d1dbf49dd8ab","lastServerSeq":0,"resentCount":0}
{"ts":"2026-08-31T13:11:47.828Z","level":"info","message":"ws.open","sessionId":"4f7f5bfd-ed2e-4ff1-8664-20bdff3df8bd"}
{"ts":"2026-08-31T13:11:47.870Z","level":"info","message":"ws.connect","documentId":"bd4958cf-6c5f-4da6-86f8-79fe57a28aca","sessionId":"4f7f5bfd-ed2e-4ff1-8664-20bdff3df8bd","replicaId":3}
{"ts":"2026-08-31T13:11:47.878Z","level":"info","message":"ws.syncComplete","documentId":"bd4958cf-6c5f-4da6-86f8-79fe57a28aca","sessionId":"4f7f5bfd-ed2e-4ff1-8664-20bdff3df8bd","lastServerSeq":0,"resentCount":0}
[SENDVSRECV-DIRECT] iter 1 order=["chromium","firefox","webkit"]: OK domLen=[893,893,893] pending=[0,0,0] finalSendCounts(chromium,firefox,webkit)=[318,316,309] finalReplicaIds(chromium,firefox,webkit)=[1,3,2] finalServerFrameCounts=[{"replicaId":1,"sessionId":"3f82547f-7645-4b4b-adda-ffa7d89afb00","receivedFrameCount":317},{"replicaId":2,"sessionId":"d465bfb8-565f-4ec3-a8c9-d1dbf49dd8ab","receivedFrameCount":308},{"replicaId":3,"sessionId":"4f7f5bfd-ed2e-4ff1-8664-20bdff3df8bd","receivedFrameCount":315}] 
  --- full sample timeline (always printed this run, not just on failure) ---
  t=3033ms nodes=[65,65,65] sendCounts=[19,18,18] buffered=[0,0,0] server=65 serverFrameCounts=[{"replicaId":1,"sessionId":"3f82547f-7645-4b4b-adda-ffa7d89afb00","receivedFrameCount":18},{"replicaId":2,"sessionId":"d465bfb8-565f-4ec3-a8c9-d1dbf49dd8ab","receivedFrameCount":17},{"replicaId":3,"sessionId":"4f7f5bfd-ed2e-4ff1-8664-20bdff3df8bd","receivedFrameCount":17}]
  t=6044ms nodes=[109,109,110] sendCounts=[35,34,34] buffered=[0,0,0] server=109 serverFrameCounts=[{"replicaId":1,"sessionId":"3f82547f-7645-4b4b-adda-ffa7d89afb00","receivedFrameCount":34},{"replicaId":2,"sessionId":"d465bfb8-565f-4ec3-a8c9-d1dbf49dd8ab","receivedFrameCount":33},{"replicaId":3,"sessionId":"4f7f5bfd-ed2e-4ff1-8664-20bdff3df8bd","receivedFrameCount":33}]
  t=9049ms nodes=[153,153,153] sendCounts=[51,49,49] buffered=[0,0,0] server=153 serverFrameCounts=[{"replicaId":1,"sessionId":"3f82547f-7645-4b4b-adda-ffa7d89afb00","receivedFrameCount":50},{"replicaId":2,"sessionId":"d465bfb8-565f-4ec3-a8c9-d1dbf49dd8ab","receivedFrameCount":48},{"replicaId":3,"sessionId":"4f7f5bfd-ed2e-4ff1-8664-20bdff3df8bd","receivedFrameCount":48}]
  t=12062ms nodes=[196,196,197] sendCounts=[66,65,65] buffered=[0,0,0] server=197 serverFrameCounts=[{"replicaId":1,"sessionId":"3f82547f-7645-4b4b-adda-ffa7d89afb00","receivedFrameCount":65},{"replicaId":2,"sessionId":"d465bfb8-565f-4ec3-a8c9-d1dbf49dd8ab","receivedFrameCount":64},{"replicaId":3,"sessionId":"4f7f5bfd-ed2e-4ff1-8664-20bdff3df8bd","receivedFrameCount":64}]
  t=15070ms nodes=[241,241,241] sendCounts=[82,81,80] buffered=[0,0,0] server=241 serverFrameCounts=[{"replicaId":1,"sessionId":"3f82547f-7645-4b4b-adda-ffa7d89afb00","receivedFrameCount":81},{"replicaId":2,"sessionId":"d465bfb8-565f-4ec3-a8c9-d1dbf49dd8ab","receivedFrameCount":79},{"replicaId":3,"sessionId":"4f7f5bfd-ed2e-4ff1-8664-20bdff3df8bd","receivedFrameCount":80}]
  t=18080ms nodes=[284,284,284] sendCounts=[98,96,95] buffered=[0,0,0] server=284 serverFrameCounts=[{"replicaId":1,"sessionId":"3f82547f-7645-4b4b-adda-ffa7d89afb00","receivedFrameCount":97},{"replicaId":2,"sessionId":"d465bfb8-565f-4ec3-a8c9-d1dbf49dd8ab","receivedFrameCount":94},{"replicaId":3,"sessionId":"4f7f5bfd-ed2e-4ff1-8664-20bdff3df8bd","receivedFrameCount":95}]
  t=21083ms nodes=[328,328,328] sendCounts=[114,112,110] buffered=[0,0,0] server=328 serverFrameCounts=[{"replicaId":1,"sessionId":"3f82547f-7645-4b4b-adda-ffa7d89afb00","receivedFrameCount":113},{"replicaId":2,"sessionId":"d465bfb8-565f-4ec3-a8c9-d1dbf49dd8ab","receivedFrameCount":109},{"replicaId":3,"sessionId":"4f7f5bfd-ed2e-4ff1-8664-20bdff3df8bd","receivedFrameCount":111}]
  t=24084ms nodes=[372,372,372] sendCounts=[129,128,126] buffered=[0,0,0] server=372 serverFrameCounts=[{"replicaId":1,"sessionId":"3f82547f-7645-4b4b-adda-ffa7d89afb00","receivedFrameCount":128},{"replicaId":2,"sessionId":"d465bfb8-565f-4ec3-a8c9-d1dbf49dd8ab","receivedFrameCount":125},{"replicaId":3,"sessionId":"4f7f5bfd-ed2e-4ff1-8664-20bdff3df8bd","receivedFrameCount":127}]
  t=27098ms nodes=[415,415,415] sendCounts=[145,143,141] buffered=[0,15,0] server=416 serverFrameCounts=[{"replicaId":1,"sessionId":"3f82547f-7645-4b4b-adda-ffa7d89afb00","receivedFrameCount":144},{"replicaId":2,"sessionId":"d465bfb8-565f-4ec3-a8c9-d1dbf49dd8ab","receivedFrameCount":140},{"replicaId":3,"sessionId":"4f7f5bfd-ed2e-4ff1-8664-20bdff3df8bd","receivedFrameCount":143}]
  t=30104ms nodes=[459,459,460] sendCounts=[161,159,157] buffered=[0,0,0] server=459 serverFrameCounts=[{"replicaId":1,"sessionId":"3f82547f-7645-4b4b-adda-ffa7d89afb00","receivedFrameCount":160},{"replicaId":2,"sessionId":"d465bfb8-565f-4ec3-a8c9-d1dbf49dd8ab","receivedFrameCount":155},{"replicaId":3,"sessionId":"4f7f5bfd-ed2e-4ff1-8664-20bdff3df8bd","receivedFrameCount":158}]
  t=33119ms nodes=[504,504,504] sendCounts=[177,175,172] buffered=[0,0,0] server=504 serverFrameCounts=[{"replicaId":1,"sessionId":"3f82547f-7645-4b4b-adda-ffa7d89afb00","receivedFrameCount":176},{"replicaId":2,"sessionId":"d465bfb8-565f-4ec3-a8c9-d1dbf49dd8ab","receivedFrameCount":171},{"replicaId":3,"sessionId":"4f7f5bfd-ed2e-4ff1-8664-20bdff3df8bd","receivedFrameCount":174}]
  t=36114ms nodes=[546,546,546] sendCounts=[192,190,187] buffered=[0,0,0] server=546 serverFrameCounts=[{"replicaId":1,"sessionId":"3f82547f-7645-4b4b-adda-ffa7d89afb00","receivedFrameCount":191},{"replicaId":2,"sessionId":"d465bfb8-565f-4ec3-a8c9-d1dbf49dd8ab","receivedFrameCount":186},{"replicaId":3,"sessionId":"4f7f5bfd-ed2e-4ff1-8664-20bdff3df8bd","receivedFrameCount":189}]
  t=39123ms nodes=[590,590,590] sendCounts=[208,206,202] buffered=[0,0,0] server=590 serverFrameCounts=[{"replicaId":1,"sessionId":"3f82547f-7645-4b4b-adda-ffa7d89afb00","receivedFrameCount":207},{"replicaId":2,"sessionId":"d465bfb8-565f-4ec3-a8c9-d1dbf49dd8ab","receivedFrameCount":201},{"replicaId":3,"sessionId":"4f7f5bfd-ed2e-4ff1-8664-20bdff3df8bd","receivedFrameCount":205}]
  t=42133ms nodes=[634,634,634] sendCounts=[224,222,217] buffered=[0,0,0] server=634 serverFrameCounts=[{"replicaId":1,"sessionId":"3f82547f-7645-4b4b-adda-ffa7d89afb00","receivedFrameCount":223},{"replicaId":2,"sessionId":"d465bfb8-565f-4ec3-a8c9-d1dbf49dd8ab","receivedFrameCount":216},{"replicaId":3,"sessionId":"4f7f5bfd-ed2e-4ff1-8664-20bdff3df8bd","receivedFrameCount":221}]
  t=45146ms nodes=[676,676,677] sendCounts=[239,237,233] buffered=[0,0,0] server=676 serverFrameCounts=[{"replicaId":1,"sessionId":"3f82547f-7645-4b4b-adda-ffa7d89afb00","receivedFrameCount":238},{"replicaId":2,"sessionId":"d465bfb8-565f-4ec3-a8c9-d1dbf49dd8ab","receivedFrameCount":231},{"replicaId":3,"sessionId":"4f7f5bfd-ed2e-4ff1-8664-20bdff3df8bd","receivedFrameCount":236}]
  t=48151ms nodes=[720,720,721] sendCounts=[255,253,248] buffered=[0,0,0] server=720 serverFrameCounts=[{"replicaId":1,"sessionId":"3f82547f-7645-4b4b-adda-ffa7d89afb00","receivedFrameCount":254},{"replicaId":2,"sessionId":"d465bfb8-565f-4ec3-a8c9-d1dbf49dd8ab","receivedFrameCount":246},{"replicaId":3,"sessionId":"4f7f5bfd-ed2e-4ff1-8664-20bdff3df8bd","receivedFrameCount":252}]
  t=51156ms nodes=[765,765,765] sendCounts=[271,269,263] buffered=[0,0,0] server=765 serverFrameCounts=[{"replicaId":1,"sessionId":"3f82547f-7645-4b4b-adda-ffa7d89afb00","receivedFrameCount":270},{"replicaId":2,"sessionId":"d465bfb8-565f-4ec3-a8c9-d1dbf49dd8ab","receivedFrameCount":262},{"replicaId":3,"sessionId":"4f7f5bfd-ed2e-4ff1-8664-20bdff3df8bd","receivedFrameCount":268}]
  t=54163ms nodes=[807,807,807] sendCounts=[286,284,278] buffered=[0,0,0] server=807 serverFrameCounts=[{"replicaId":1,"sessionId":"3f82547f-7645-4b4b-adda-ffa7d89afb00","receivedFrameCount":285},{"replicaId":2,"sessionId":"d465bfb8-565f-4ec3-a8c9-d1dbf49dd8ab","receivedFrameCount":277},{"replicaId":3,"sessionId":"4f7f5bfd-ed2e-4ff1-8664-20bdff3df8bd","receivedFrameCount":283}]
  t=57165ms nodes=[852,852,852] sendCounts=[302,300,294] buffered=[0,0,0] server=852 serverFrameCounts=[{"replicaId":1,"sessionId":"3f82547f-7645-4b4b-adda-ffa7d89afb00","receivedFrameCount":301},{"replicaId":2,"sessionId":"d465bfb8-565f-4ec3-a8c9-d1dbf49dd8ab","receivedFrameCount":293},{"replicaId":3,"sessionId":"4f7f5bfd-ed2e-4ff1-8664-20bdff3df8bd","receivedFrameCount":299}]
  t=60177ms nodes=[893,893,893] sendCounts=[317,315,308] buffered=[0,0,0] server=893 serverFrameCounts=[{"replicaId":1,"sessionId":"3f82547f-7645-4b4b-adda-ffa7d89afb00","receivedFrameCount":316},{"replicaId":2,"sessionId":"d465bfb8-565f-4ec3-a8c9-d1dbf49dd8ab","receivedFrameCount":307},{"replicaId":3,"sessionId":"4f7f5bfd-ed2e-4ff1-8664-20bdff3df8bd","receivedFrameCount":314}]
{"ts":"2026-08-31T13:12:51.144Z","level":"info","message":"ws.disconnect","documentId":"bd4958cf-6c5f-4da6-86f8-79fe57a28aca","sessionId":"3f82547f-7645-4b4b-adda-ffa7d89afb00","code":1001}
{"ts":"2026-08-31T13:12:51.171Z","level":"info","message":"ws.disconnect","documentId":"bd4958cf-6c5f-4da6-86f8-79fe57a28aca","sessionId":"d465bfb8-565f-4ec3-a8c9-d1dbf49dd8ab","code":1001}
{"ts":"2026-08-31T13:12:51.207Z","level":"info","message":"ws.disconnect","documentId":"bd4958cf-6c5f-4da6-86f8-79fe57a28aca","sessionId":"4f7f5bfd-ed2e-4ff1-8664-20bdff3df8bd","code":1001}
{"ts":"2026-08-31T13:12:51.599Z","level":"info","message":"server.listening","port":65469}
{"ts":"2026-08-31T13:12:54.183Z","level":"info","message":"ws.open","sessionId":"6280f9e7-a4f9-4a92-ad2e-c6a40df8fb36"}
{"ts":"2026-08-31T13:12:54.188Z","level":"info","message":"ws.open","sessionId":"169545ed-2b5c-4645-bf44-3317faa75ab2"}
{"ts":"2026-08-31T13:12:54.189Z","level":"info","message":"ws.connect","documentId":"69d35741-3aec-48ee-bf62-09026c5f6c78","sessionId":"6280f9e7-a4f9-4a92-ad2e-c6a40df8fb36","replicaId":1}
{"ts":"2026-08-31T13:12:54.194Z","level":"info","message":"ws.syncComplete","documentId":"69d35741-3aec-48ee-bf62-09026c5f6c78","sessionId":"6280f9e7-a4f9-4a92-ad2e-c6a40df8fb36","lastServerSeq":0,"resentCount":0}
{"ts":"2026-08-31T13:12:54.219Z","level":"info","message":"ws.connect","documentId":"69d35741-3aec-48ee-bf62-09026c5f6c78","sessionId":"169545ed-2b5c-4645-bf44-3317faa75ab2","replicaId":2}
{"ts":"2026-08-31T13:12:54.250Z","level":"info","message":"ws.syncComplete","documentId":"69d35741-3aec-48ee-bf62-09026c5f6c78","sessionId":"169545ed-2b5c-4645-bf44-3317faa75ab2","lastServerSeq":0,"resentCount":0}
{"ts":"2026-08-31T13:12:54.633Z","level":"info","message":"ws.open","sessionId":"05dba5b9-f058-4634-bb61-78983123b51f"}
{"ts":"2026-08-31T13:12:54.691Z","level":"info","message":"ws.connect","documentId":"69d35741-3aec-48ee-bf62-09026c5f6c78","sessionId":"05dba5b9-f058-4634-bb61-78983123b51f","replicaId":3}
{"ts":"2026-08-31T13:12:54.696Z","level":"info","message":"ws.syncComplete","documentId":"69d35741-3aec-48ee-bf62-09026c5f6c78","sessionId":"05dba5b9-f058-4634-bb61-78983123b51f","lastServerSeq":0,"resentCount":0}
[SENDVSRECV-DIRECT] iter 2 order=["chromium","firefox","webkit"]: OK domLen=[891,891,891] pending=[0,0,0] finalSendCounts(chromium,firefox,webkit)=[318,316,307] finalReplicaIds(chromium,firefox,webkit)=[1,3,2] finalServerFrameCounts=[{"replicaId":1,"sessionId":"6280f9e7-a4f9-4a92-ad2e-c6a40df8fb36","receivedFrameCount":317},{"replicaId":2,"sessionId":"169545ed-2b5c-4645-bf44-3317faa75ab2","receivedFrameCount":306},{"replicaId":3,"sessionId":"05dba5b9-f058-4634-bb61-78983123b51f","receivedFrameCount":315}] 
  --- full sample timeline (always printed this run, not just on failure) ---
  t=3023ms nodes=[65,65,65] sendCounts=[19,18,18] buffered=[0,0,0] server=65 serverFrameCounts=[{"replicaId":1,"sessionId":"6280f9e7-a4f9-4a92-ad2e-c6a40df8fb36","receivedFrameCount":18},{"replicaId":2,"sessionId":"169545ed-2b5c-4645-bf44-3317faa75ab2","receivedFrameCount":17},{"replicaId":3,"sessionId":"05dba5b9-f058-4634-bb61-78983123b51f","receivedFrameCount":17}]
  t=6023ms nodes=[108,108,108] sendCounts=[35,33,33] buffered=[0,0,0] server=108 serverFrameCounts=[{"replicaId":1,"sessionId":"6280f9e7-a4f9-4a92-ad2e-c6a40df8fb36","receivedFrameCount":34},{"replicaId":2,"sessionId":"169545ed-2b5c-4645-bf44-3317faa75ab2","receivedFrameCount":32},{"replicaId":3,"sessionId":"05dba5b9-f058-4634-bb61-78983123b51f","receivedFrameCount":32}]
  t=9021ms nodes=[152,152,152] sendCounts=[51,49,48] buffered=[0,0,0] server=152 serverFrameCounts=[{"replicaId":1,"sessionId":"6280f9e7-a4f9-4a92-ad2e-c6a40df8fb36","receivedFrameCount":50},{"replicaId":2,"sessionId":"169545ed-2b5c-4645-bf44-3317faa75ab2","receivedFrameCount":47},{"replicaId":3,"sessionId":"05dba5b9-f058-4634-bb61-78983123b51f","receivedFrameCount":48}]
  t=12030ms nodes=[196,196,196] sendCounts=[66,65,64] buffered=[0,0,0] server=196 serverFrameCounts=[{"replicaId":1,"sessionId":"6280f9e7-a4f9-4a92-ad2e-c6a40df8fb36","receivedFrameCount":65},{"replicaId":2,"sessionId":"169545ed-2b5c-4645-bf44-3317faa75ab2","receivedFrameCount":63},{"replicaId":3,"sessionId":"05dba5b9-f058-4634-bb61-78983123b51f","receivedFrameCount":64}]
  t=15034ms nodes=[239,239,239] sendCounts=[82,80,79] buffered=[0,0,0] server=239 serverFrameCounts=[{"replicaId":1,"sessionId":"6280f9e7-a4f9-4a92-ad2e-c6a40df8fb36","receivedFrameCount":81},{"replicaId":2,"sessionId":"169545ed-2b5c-4645-bf44-3317faa75ab2","receivedFrameCount":78},{"replicaId":3,"sessionId":"05dba5b9-f058-4634-bb61-78983123b51f","receivedFrameCount":79}]
  t=18036ms nodes=[283,283,283] sendCounts=[98,96,94] buffered=[0,0,0] server=283 serverFrameCounts=[{"replicaId":1,"sessionId":"6280f9e7-a4f9-4a92-ad2e-c6a40df8fb36","receivedFrameCount":97},{"replicaId":2,"sessionId":"169545ed-2b5c-4645-bf44-3317faa75ab2","receivedFrameCount":93},{"replicaId":3,"sessionId":"05dba5b9-f058-4634-bb61-78983123b51f","receivedFrameCount":95}]
  t=21049ms nodes=[327,327,327] sendCounts=[114,112,109] buffered=[0,0,0] server=327 serverFrameCounts=[{"replicaId":1,"sessionId":"6280f9e7-a4f9-4a92-ad2e-c6a40df8fb36","receivedFrameCount":113},{"replicaId":2,"sessionId":"169545ed-2b5c-4645-bf44-3317faa75ab2","receivedFrameCount":108},{"replicaId":3,"sessionId":"05dba5b9-f058-4634-bb61-78983123b51f","receivedFrameCount":111}]
  t=24042ms nodes=[370,370,369] sendCounts=[130,127,124] buffered=[0,0,0] server=370 serverFrameCounts=[{"replicaId":1,"sessionId":"6280f9e7-a4f9-4a92-ad2e-c6a40df8fb36","receivedFrameCount":129},{"replicaId":2,"sessionId":"169545ed-2b5c-4645-bf44-3317faa75ab2","receivedFrameCount":123},{"replicaId":3,"sessionId":"05dba5b9-f058-4634-bb61-78983123b51f","receivedFrameCount":126}]
  t=27037ms nodes=[413,413,413] sendCounts=[145,143,139] buffered=[0,0,0] server=413 serverFrameCounts=[{"replicaId":1,"sessionId":"6280f9e7-a4f9-4a92-ad2e-c6a40df8fb36","receivedFrameCount":144},{"replicaId":2,"sessionId":"169545ed-2b5c-4645-bf44-3317faa75ab2","receivedFrameCount":138},{"replicaId":3,"sessionId":"05dba5b9-f058-4634-bb61-78983123b51f","receivedFrameCount":142}]
  t=30062ms nodes=[458,458,458] sendCounts=[161,159,155] buffered=[0,0,0] server=458 serverFrameCounts=[{"replicaId":1,"sessionId":"6280f9e7-a4f9-4a92-ad2e-c6a40df8fb36","receivedFrameCount":160},{"replicaId":2,"sessionId":"169545ed-2b5c-4645-bf44-3317faa75ab2","receivedFrameCount":154},{"replicaId":3,"sessionId":"05dba5b9-f058-4634-bb61-78983123b51f","receivedFrameCount":158}]
  t=33059ms nodes=[501,501,501] sendCounts=[177,174,170] buffered=[0,0,0] server=501 serverFrameCounts=[{"replicaId":1,"sessionId":"6280f9e7-a4f9-4a92-ad2e-c6a40df8fb36","receivedFrameCount":176},{"replicaId":2,"sessionId":"169545ed-2b5c-4645-bf44-3317faa75ab2","receivedFrameCount":169},{"replicaId":3,"sessionId":"05dba5b9-f058-4634-bb61-78983123b51f","receivedFrameCount":173}]
  t=36061ms nodes=[544,544,544] sendCounts=[192,190,185] buffered=[0,0,0] server=544 serverFrameCounts=[{"replicaId":1,"sessionId":"6280f9e7-a4f9-4a92-ad2e-c6a40df8fb36","receivedFrameCount":191},{"replicaId":2,"sessionId":"169545ed-2b5c-4645-bf44-3317faa75ab2","receivedFrameCount":184},{"replicaId":3,"sessionId":"05dba5b9-f058-4634-bb61-78983123b51f","receivedFrameCount":189}]
  t=39064ms nodes=[588,588,588] sendCounts=[208,206,200] buffered=[0,0,0] server=588 serverFrameCounts=[{"replicaId":1,"sessionId":"6280f9e7-a4f9-4a92-ad2e-c6a40df8fb36","receivedFrameCount":207},{"replicaId":2,"sessionId":"169545ed-2b5c-4645-bf44-3317faa75ab2","receivedFrameCount":199},{"replicaId":3,"sessionId":"05dba5b9-f058-4634-bb61-78983123b51f","receivedFrameCount":205}]
  t=42063ms nodes=[631,631,631] sendCounts=[224,221,215] buffered=[0,0,0] server=631 serverFrameCounts=[{"replicaId":1,"sessionId":"6280f9e7-a4f9-4a92-ad2e-c6a40df8fb36","receivedFrameCount":223},{"replicaId":2,"sessionId":"169545ed-2b5c-4645-bf44-3317faa75ab2","receivedFrameCount":214},{"replicaId":3,"sessionId":"05dba5b9-f058-4634-bb61-78983123b51f","receivedFrameCount":220}]
  t=45075ms nodes=[674,674,674] sendCounts=[239,237,230] buffered=[0,0,0] server=674 serverFrameCounts=[{"replicaId":1,"sessionId":"6280f9e7-a4f9-4a92-ad2e-c6a40df8fb36","receivedFrameCount":238},{"replicaId":2,"sessionId":"169545ed-2b5c-4645-bf44-3317faa75ab2","receivedFrameCount":229},{"replicaId":3,"sessionId":"05dba5b9-f058-4634-bb61-78983123b51f","receivedFrameCount":236}]
  t=48076ms nodes=[718,718,719] sendCounts=[255,253,246] buffered=[0,0,0] server=718 serverFrameCounts=[{"replicaId":1,"sessionId":"6280f9e7-a4f9-4a92-ad2e-c6a40df8fb36","receivedFrameCount":254},{"replicaId":2,"sessionId":"169545ed-2b5c-4645-bf44-3317faa75ab2","receivedFrameCount":244},{"replicaId":3,"sessionId":"05dba5b9-f058-4634-bb61-78983123b51f","receivedFrameCount":252}]
  t=51093ms nodes=[761,761,762] sendCounts=[271,268,261] buffered=[0,0,0] server=762 serverFrameCounts=[{"replicaId":1,"sessionId":"6280f9e7-a4f9-4a92-ad2e-c6a40df8fb36","receivedFrameCount":270},{"replicaId":2,"sessionId":"169545ed-2b5c-4645-bf44-3317faa75ab2","receivedFrameCount":260},{"replicaId":3,"sessionId":"05dba5b9-f058-4634-bb61-78983123b51f","receivedFrameCount":267}]
  t=54103ms nodes=[806,806,806] sendCounts=[287,284,276] buffered=[0,0,0] server=806 serverFrameCounts=[{"replicaId":1,"sessionId":"6280f9e7-a4f9-4a92-ad2e-c6a40df8fb36","receivedFrameCount":286},{"replicaId":2,"sessionId":"169545ed-2b5c-4645-bf44-3317faa75ab2","receivedFrameCount":275},{"replicaId":3,"sessionId":"05dba5b9-f058-4634-bb61-78983123b51f","receivedFrameCount":283}]
  t=57099ms nodes=[849,849,849] sendCounts=[302,300,291] buffered=[0,0,0] server=849 serverFrameCounts=[{"replicaId":1,"sessionId":"6280f9e7-a4f9-4a92-ad2e-c6a40df8fb36","receivedFrameCount":301},{"replicaId":2,"sessionId":"169545ed-2b5c-4645-bf44-3317faa75ab2","receivedFrameCount":290},{"replicaId":3,"sessionId":"05dba5b9-f058-4634-bb61-78983123b51f","receivedFrameCount":299}]
  t=60110ms nodes=[891,891,891] sendCounts=[317,315,306] buffered=[0,0,0] server=891 serverFrameCounts=[{"replicaId":1,"sessionId":"6280f9e7-a4f9-4a92-ad2e-c6a40df8fb36","receivedFrameCount":316},{"replicaId":2,"sessionId":"169545ed-2b5c-4645-bf44-3317faa75ab2","receivedFrameCount":305},{"replicaId":3,"sessionId":"05dba5b9-f058-4634-bb61-78983123b51f","receivedFrameCount":314}]
{"ts":"2026-08-31T13:13:57.961Z","level":"info","message":"ws.disconnect","documentId":"69d35741-3aec-48ee-bf62-09026c5f6c78","sessionId":"6280f9e7-a4f9-4a92-ad2e-c6a40df8fb36","code":1001}
{"ts":"2026-08-31T13:13:57.997Z","level":"info","message":"ws.disconnect","documentId":"69d35741-3aec-48ee-bf62-09026c5f6c78","sessionId":"169545ed-2b5c-4645-bf44-3317faa75ab2","code":1006}
{"ts":"2026-08-31T13:13:58.026Z","level":"info","message":"ws.disconnect","documentId":"69d35741-3aec-48ee-bf62-09026c5f6c78","sessionId":"05dba5b9-f058-4634-bb61-78983123b51f","code":1001}
{"ts":"2026-08-31T13:13:58.424Z","level":"info","message":"server.listening","port":50891}
{"ts":"2026-08-31T13:14:00.962Z","level":"info","message":"ws.open","sessionId":"61ed6581-dac3-43c6-b08d-bcf683ddb103"}
{"ts":"2026-08-31T13:14:00.967Z","level":"info","message":"ws.connect","documentId":"43a168ae-ab8d-4a3c-93f1-f417e40c99f8","sessionId":"61ed6581-dac3-43c6-b08d-bcf683ddb103","replicaId":1}
{"ts":"2026-08-31T13:14:00.971Z","level":"info","message":"ws.syncComplete","documentId":"43a168ae-ab8d-4a3c-93f1-f417e40c99f8","sessionId":"61ed6581-dac3-43c6-b08d-bcf683ddb103","lastServerSeq":0,"resentCount":0}
{"ts":"2026-08-31T13:14:01.040Z","level":"info","message":"ws.open","sessionId":"9d66345e-73b8-40a6-a648-bed0c361f87a"}
{"ts":"2026-08-31T13:14:01.070Z","level":"info","message":"ws.connect","documentId":"43a168ae-ab8d-4a3c-93f1-f417e40c99f8","sessionId":"9d66345e-73b8-40a6-a648-bed0c361f87a","replicaId":2}
{"ts":"2026-08-31T13:14:01.102Z","level":"info","message":"ws.syncComplete","documentId":"43a168ae-ab8d-4a3c-93f1-f417e40c99f8","sessionId":"9d66345e-73b8-40a6-a648-bed0c361f87a","lastServerSeq":0,"resentCount":0}
{"ts":"2026-08-31T13:14:01.517Z","level":"info","message":"ws.open","sessionId":"cb5887be-1083-4abc-8e5e-a78cfbc7248d"}
{"ts":"2026-08-31T13:14:01.554Z","level":"info","message":"ws.connect","documentId":"43a168ae-ab8d-4a3c-93f1-f417e40c99f8","sessionId":"cb5887be-1083-4abc-8e5e-a78cfbc7248d","replicaId":3}
{"ts":"2026-08-31T13:14:01.561Z","level":"info","message":"ws.syncComplete","documentId":"43a168ae-ab8d-4a3c-93f1-f417e40c99f8","sessionId":"cb5887be-1083-4abc-8e5e-a78cfbc7248d","lastServerSeq":0,"resentCount":0}
[SENDVSRECV-DIRECT] iter 3 order=["chromium","firefox","webkit"]: OK domLen=[890,890,890] pending=[0,0,0] finalSendCounts(chromium,firefox,webkit)=[318,315,307] finalReplicaIds(chromium,firefox,webkit)=[1,3,2] finalServerFrameCounts=[{"replicaId":1,"sessionId":"61ed6581-dac3-43c6-b08d-bcf683ddb103","receivedFrameCount":317},{"replicaId":2,"sessionId":"9d66345e-73b8-40a6-a648-bed0c361f87a","receivedFrameCount":306},{"replicaId":3,"sessionId":"cb5887be-1083-4abc-8e5e-a78cfbc7248d","receivedFrameCount":314}] 
  --- full sample timeline (always printed this run, not just on failure) ---
  t=3030ms nodes=[65,65,65] sendCounts=[19,18,18] buffered=[0,0,0] server=65 serverFrameCounts=[{"replicaId":1,"sessionId":"61ed6581-dac3-43c6-b08d-bcf683ddb103","receivedFrameCount":18},{"replicaId":2,"sessionId":"9d66345e-73b8-40a6-a648-bed0c361f87a","receivedFrameCount":17},{"replicaId":3,"sessionId":"cb5887be-1083-4abc-8e5e-a78cfbc7248d","receivedFrameCount":17}]
  t=6054ms nodes=[108,108,108] sendCounts=[35,34,33] buffered=[0,0,0] server=109 serverFrameCounts=[{"replicaId":1,"sessionId":"61ed6581-dac3-43c6-b08d-bcf683ddb103","receivedFrameCount":34},{"replicaId":2,"sessionId":"9d66345e-73b8-40a6-a648-bed0c361f87a","receivedFrameCount":32},{"replicaId":3,"sessionId":"cb5887be-1083-4abc-8e5e-a78cfbc7248d","receivedFrameCount":33}]
  t=9043ms nodes=[153,153,152] sendCounts=[51,49,49] buffered=[0,0,0] server=153 serverFrameCounts=[{"replicaId":1,"sessionId":"61ed6581-dac3-43c6-b08d-bcf683ddb103","receivedFrameCount":50},{"replicaId":2,"sessionId":"9d66345e-73b8-40a6-a648-bed0c361f87a","receivedFrameCount":48},{"replicaId":3,"sessionId":"cb5887be-1083-4abc-8e5e-a78cfbc7248d","receivedFrameCount":48}]
  t=12035ms nodes=[196,196,196] sendCounts=[66,65,64] buffered=[0,0,0] server=196 serverFrameCounts=[{"replicaId":1,"sessionId":"61ed6581-dac3-43c6-b08d-bcf683ddb103","receivedFrameCount":65},{"replicaId":2,"sessionId":"9d66345e-73b8-40a6-a648-bed0c361f87a","receivedFrameCount":63},{"replicaId":3,"sessionId":"cb5887be-1083-4abc-8e5e-a78cfbc7248d","receivedFrameCount":64}]
  t=15051ms nodes=[240,240,240] sendCounts=[82,81,79] buffered=[0,0,0] server=240 serverFrameCounts=[{"replicaId":1,"sessionId":"61ed6581-dac3-43c6-b08d-bcf683ddb103","receivedFrameCount":81},{"replicaId":2,"sessionId":"9d66345e-73b8-40a6-a648-bed0c361f87a","receivedFrameCount":78},{"replicaId":3,"sessionId":"cb5887be-1083-4abc-8e5e-a78cfbc7248d","receivedFrameCount":80}]
  t=18048ms nodes=[283,283,283] sendCounts=[98,96,94] buffered=[0,0,0] server=283 serverFrameCounts=[{"replicaId":1,"sessionId":"61ed6581-dac3-43c6-b08d-bcf683ddb103","receivedFrameCount":97},{"replicaId":2,"sessionId":"9d66345e-73b8-40a6-a648-bed0c361f87a","receivedFrameCount":93},{"replicaId":3,"sessionId":"cb5887be-1083-4abc-8e5e-a78cfbc7248d","receivedFrameCount":95}]
  t=21053ms nodes=[327,327,327] sendCounts=[113,112,110] buffered=[0,0,0] server=327 serverFrameCounts=[{"replicaId":1,"sessionId":"61ed6581-dac3-43c6-b08d-bcf683ddb103","receivedFrameCount":112},{"replicaId":2,"sessionId":"9d66345e-73b8-40a6-a648-bed0c361f87a","receivedFrameCount":109},{"replicaId":3,"sessionId":"cb5887be-1083-4abc-8e5e-a78cfbc7248d","receivedFrameCount":111}]
  t=24053ms nodes=[371,371,371] sendCounts=[129,128,125] buffered=[0,0,0] server=371 serverFrameCounts=[{"replicaId":1,"sessionId":"61ed6581-dac3-43c6-b08d-bcf683ddb103","receivedFrameCount":128},{"replicaId":2,"sessionId":"9d66345e-73b8-40a6-a648-bed0c361f87a","receivedFrameCount":124},{"replicaId":3,"sessionId":"cb5887be-1083-4abc-8e5e-a78cfbc7248d","receivedFrameCount":127}]
  t=27053ms nodes=[414,414,414] sendCounts=[145,143,140] buffered=[0,0,0] server=414 serverFrameCounts=[{"replicaId":1,"sessionId":"61ed6581-dac3-43c6-b08d-bcf683ddb103","receivedFrameCount":144},{"replicaId":2,"sessionId":"9d66345e-73b8-40a6-a648-bed0c361f87a","receivedFrameCount":139},{"replicaId":3,"sessionId":"cb5887be-1083-4abc-8e5e-a78cfbc7248d","receivedFrameCount":142}]
  t=30073ms nodes=[457,457,458] sendCounts=[160,159,156] buffered=[0,0,0] server=457 serverFrameCounts=[{"replicaId":1,"sessionId":"61ed6581-dac3-43c6-b08d-bcf683ddb103","receivedFrameCount":159},{"replicaId":2,"sessionId":"9d66345e-73b8-40a6-a648-bed0c361f87a","receivedFrameCount":154},{"replicaId":3,"sessionId":"cb5887be-1083-4abc-8e5e-a78cfbc7248d","receivedFrameCount":158}]
  t=33080ms nodes=[501,501,501] sendCounts=[176,174,171] buffered=[0,0,0] server=501 serverFrameCounts=[{"replicaId":1,"sessionId":"61ed6581-dac3-43c6-b08d-bcf683ddb103","receivedFrameCount":175},{"replicaId":2,"sessionId":"9d66345e-73b8-40a6-a648-bed0c361f87a","receivedFrameCount":170},{"replicaId":3,"sessionId":"cb5887be-1083-4abc-8e5e-a78cfbc7248d","receivedFrameCount":173}]
  t=36092ms nodes=[545,545,545] sendCounts=[192,190,186] buffered=[0,0,0] server=545 serverFrameCounts=[{"replicaId":1,"sessionId":"61ed6581-dac3-43c6-b08d-bcf683ddb103","receivedFrameCount":191},{"replicaId":2,"sessionId":"9d66345e-73b8-40a6-a648-bed0c361f87a","receivedFrameCount":185},{"replicaId":3,"sessionId":"cb5887be-1083-4abc-8e5e-a78cfbc7248d","receivedFrameCount":189}]
  t=39097ms nodes=[588,588,588] sendCounts=[207,206,201] buffered=[0,0,0] server=588 serverFrameCounts=[{"replicaId":1,"sessionId":"61ed6581-dac3-43c6-b08d-bcf683ddb103","receivedFrameCount":206},{"replicaId":2,"sessionId":"9d66345e-73b8-40a6-a648-bed0c361f87a","receivedFrameCount":200},{"replicaId":3,"sessionId":"cb5887be-1083-4abc-8e5e-a78cfbc7248d","receivedFrameCount":205}]
  t=42109ms nodes=[631,631,631] sendCounts=[223,221,216] buffered=[0,0,0] server=631 serverFrameCounts=[{"replicaId":1,"sessionId":"61ed6581-dac3-43c6-b08d-bcf683ddb103","receivedFrameCount":222},{"replicaId":2,"sessionId":"9d66345e-73b8-40a6-a648-bed0c361f87a","receivedFrameCount":215},{"replicaId":3,"sessionId":"cb5887be-1083-4abc-8e5e-a78cfbc7248d","receivedFrameCount":220}]
  t=45106ms nodes=[675,675,675] sendCounts=[239,237,231] buffered=[0,0,0] server=675 serverFrameCounts=[{"replicaId":1,"sessionId":"61ed6581-dac3-43c6-b08d-bcf683ddb103","receivedFrameCount":238},{"replicaId":2,"sessionId":"9d66345e-73b8-40a6-a648-bed0c361f87a","receivedFrameCount":230},{"replicaId":3,"sessionId":"cb5887be-1083-4abc-8e5e-a78cfbc7248d","receivedFrameCount":236}]
  t=48116ms nodes=[719,719,719] sendCounts=[255,253,246] buffered=[0,0,0] server=719 serverFrameCounts=[{"replicaId":1,"sessionId":"61ed6581-dac3-43c6-b08d-bcf683ddb103","receivedFrameCount":254},{"replicaId":2,"sessionId":"9d66345e-73b8-40a6-a648-bed0c361f87a","receivedFrameCount":245},{"replicaId":3,"sessionId":"cb5887be-1083-4abc-8e5e-a78cfbc7248d","receivedFrameCount":252}]
  t=51118ms nodes=[761,761,761] sendCounts=[270,268,261] buffered=[0,0,0] server=761 serverFrameCounts=[{"replicaId":1,"sessionId":"61ed6581-dac3-43c6-b08d-bcf683ddb103","receivedFrameCount":269},{"replicaId":2,"sessionId":"9d66345e-73b8-40a6-a648-bed0c361f87a","receivedFrameCount":260},{"replicaId":3,"sessionId":"cb5887be-1083-4abc-8e5e-a78cfbc7248d","receivedFrameCount":267}]
  t=54133ms nodes=[805,805,805] sendCounts=[286,284,276] buffered=[0,0,0] server=805 serverFrameCounts=[{"replicaId":1,"sessionId":"61ed6581-dac3-43c6-b08d-bcf683ddb103","receivedFrameCount":285},{"replicaId":2,"sessionId":"9d66345e-73b8-40a6-a648-bed0c361f87a","receivedFrameCount":275},{"replicaId":3,"sessionId":"cb5887be-1083-4abc-8e5e-a78cfbc7248d","receivedFrameCount":283}]
  t=57150ms nodes=[848,848,848] sendCounts=[302,299,291] buffered=[0,0,0] server=848 serverFrameCounts=[{"replicaId":1,"sessionId":"61ed6581-dac3-43c6-b08d-bcf683ddb103","receivedFrameCount":301},{"replicaId":2,"sessionId":"9d66345e-73b8-40a6-a648-bed0c361f87a","receivedFrameCount":290},{"replicaId":3,"sessionId":"cb5887be-1083-4abc-8e5e-a78cfbc7248d","receivedFrameCount":298}]
  t=60152ms nodes=[890,890,890] sendCounts=[317,314,306] buffered=[0,0,0] server=890 serverFrameCounts=[{"replicaId":1,"sessionId":"61ed6581-dac3-43c6-b08d-bcf683ddb103","receivedFrameCount":316},{"replicaId":2,"sessionId":"9d66345e-73b8-40a6-a648-bed0c361f87a","receivedFrameCount":305},{"replicaId":3,"sessionId":"cb5887be-1083-4abc-8e5e-a78cfbc7248d","receivedFrameCount":313}]
{"ts":"2026-08-31T13:15:04.863Z","level":"info","message":"ws.disconnect","documentId":"43a168ae-ab8d-4a3c-93f1-f417e40c99f8","sessionId":"61ed6581-dac3-43c6-b08d-bcf683ddb103","code":1001}
{"ts":"2026-08-31T13:15:04.889Z","level":"info","message":"ws.disconnect","documentId":"43a168ae-ab8d-4a3c-93f1-f417e40c99f8","sessionId":"9d66345e-73b8-40a6-a648-bed0c361f87a","code":1001}
{"ts":"2026-08-31T13:15:04.926Z","level":"info","message":"ws.disconnect","documentId":"43a168ae-ab8d-4a3c-93f1-f417e40c99f8","sessionId":"cb5887be-1083-4abc-8e5e-a78cfbc7248d","code":1001}
{"ts":"2026-08-31T13:15:05.442Z","level":"info","message":"server.listening","port":51449}
{"ts":"2026-08-31T13:15:08.164Z","level":"info","message":"ws.open","sessionId":"bfb9b858-c558-4a1e-a397-ca52fd97a857"}
{"ts":"2026-08-31T13:15:08.167Z","level":"info","message":"ws.connect","documentId":"8c74a380-430e-4892-8a06-be9109e2a9d9","sessionId":"bfb9b858-c558-4a1e-a397-ca52fd97a857","replicaId":1}
{"ts":"2026-08-31T13:15:08.170Z","level":"info","message":"ws.syncComplete","documentId":"8c74a380-430e-4892-8a06-be9109e2a9d9","sessionId":"bfb9b858-c558-4a1e-a397-ca52fd97a857","lastServerSeq":0,"resentCount":0}
{"ts":"2026-08-31T13:15:08.173Z","level":"info","message":"ws.open","sessionId":"0558840d-82c6-41e5-b37a-0123356560d0"}
{"ts":"2026-08-31T13:15:08.203Z","level":"info","message":"ws.connect","documentId":"8c74a380-430e-4892-8a06-be9109e2a9d9","sessionId":"0558840d-82c6-41e5-b37a-0123356560d0","replicaId":2}
{"ts":"2026-08-31T13:15:08.234Z","level":"info","message":"ws.syncComplete","documentId":"8c74a380-430e-4892-8a06-be9109e2a9d9","sessionId":"0558840d-82c6-41e5-b37a-0123356560d0","lastServerSeq":0,"resentCount":0}
{"ts":"2026-08-31T13:15:08.748Z","level":"info","message":"ws.open","sessionId":"ec3ad9d8-26ef-4541-984e-4ec4d5e5fcf1"}
{"ts":"2026-08-31T13:15:08.796Z","level":"info","message":"ws.connect","documentId":"8c74a380-430e-4892-8a06-be9109e2a9d9","sessionId":"ec3ad9d8-26ef-4541-984e-4ec4d5e5fcf1","replicaId":3}
{"ts":"2026-08-31T13:15:08.805Z","level":"info","message":"ws.syncComplete","documentId":"8c74a380-430e-4892-8a06-be9109e2a9d9","sessionId":"ec3ad9d8-26ef-4541-984e-4ec4d5e5fcf1","lastServerSeq":0,"resentCount":0}
[SENDVSRECV-DIRECT] iter 4 order=["chromium","firefox","webkit"]: OK domLen=[890,890,890] pending=[0,0,0] finalSendCounts(chromium,firefox,webkit)=[318,315,307] finalReplicaIds(chromium,firefox,webkit)=[1,3,2] finalServerFrameCounts=[{"replicaId":1,"sessionId":"bfb9b858-c558-4a1e-a397-ca52fd97a857","receivedFrameCount":317},{"replicaId":2,"sessionId":"0558840d-82c6-41e5-b37a-0123356560d0","receivedFrameCount":306},{"replicaId":3,"sessionId":"ec3ad9d8-26ef-4541-984e-4ec4d5e5fcf1","receivedFrameCount":314}] 
  --- full sample timeline (always printed this run, not just on failure) ---
  t=3050ms nodes=[65,65,65] sendCounts=[19,18,18] buffered=[0,0,0] server=65 serverFrameCounts=[{"replicaId":1,"sessionId":"bfb9b858-c558-4a1e-a397-ca52fd97a857","receivedFrameCount":18},{"replicaId":2,"sessionId":"0558840d-82c6-41e5-b37a-0123356560d0","receivedFrameCount":17},{"replicaId":3,"sessionId":"ec3ad9d8-26ef-4541-984e-4ec4d5e5fcf1","receivedFrameCount":17}]
  t=6027ms nodes=[108,108,108] sendCounts=[35,33,33] buffered=[0,0,0] server=108 serverFrameCounts=[{"replicaId":1,"sessionId":"bfb9b858-c558-4a1e-a397-ca52fd97a857","receivedFrameCount":34},{"replicaId":2,"sessionId":"0558840d-82c6-41e5-b37a-0123356560d0","receivedFrameCount":32},{"replicaId":3,"sessionId":"ec3ad9d8-26ef-4541-984e-4ec4d5e5fcf1","receivedFrameCount":32}]
  t=9049ms nodes=[152,152,152] sendCounts=[51,49,48] buffered=[0,0,0] server=152 serverFrameCounts=[{"replicaId":1,"sessionId":"bfb9b858-c558-4a1e-a397-ca52fd97a857","receivedFrameCount":50},{"replicaId":2,"sessionId":"0558840d-82c6-41e5-b37a-0123356560d0","receivedFrameCount":47},{"replicaId":3,"sessionId":"ec3ad9d8-26ef-4541-984e-4ec4d5e5fcf1","receivedFrameCount":48}]
  t=12051ms nodes=[196,196,196] sendCounts=[66,65,64] buffered=[0,0,0] server=196 serverFrameCounts=[{"replicaId":1,"sessionId":"bfb9b858-c558-4a1e-a397-ca52fd97a857","receivedFrameCount":65},{"replicaId":2,"sessionId":"0558840d-82c6-41e5-b37a-0123356560d0","receivedFrameCount":63},{"replicaId":3,"sessionId":"ec3ad9d8-26ef-4541-984e-4ec4d5e5fcf1","receivedFrameCount":64}]
  t=15051ms nodes=[239,239,239] sendCounts=[82,80,79] buffered=[0,0,0] server=239 serverFrameCounts=[{"replicaId":1,"sessionId":"bfb9b858-c558-4a1e-a397-ca52fd97a857","receivedFrameCount":81},{"replicaId":2,"sessionId":"0558840d-82c6-41e5-b37a-0123356560d0","receivedFrameCount":78},{"replicaId":3,"sessionId":"ec3ad9d8-26ef-4541-984e-4ec4d5e5fcf1","receivedFrameCount":79}]
  t=18058ms nodes=[283,283,283] sendCounts=[98,96,94] buffered=[0,0,0] server=283 serverFrameCounts=[{"replicaId":1,"sessionId":"bfb9b858-c558-4a1e-a397-ca52fd97a857","receivedFrameCount":97},{"replicaId":2,"sessionId":"0558840d-82c6-41e5-b37a-0123356560d0","receivedFrameCount":93},{"replicaId":3,"sessionId":"ec3ad9d8-26ef-4541-984e-4ec4d5e5fcf1","receivedFrameCount":95}]
  t=21071ms nodes=[327,327,326] sendCounts=[114,112,110] buffered=[0,0,0] server=328 serverFrameCounts=[{"replicaId":1,"sessionId":"bfb9b858-c558-4a1e-a397-ca52fd97a857","receivedFrameCount":113},{"replicaId":2,"sessionId":"0558840d-82c6-41e5-b37a-0123356560d0","receivedFrameCount":109},{"replicaId":3,"sessionId":"ec3ad9d8-26ef-4541-984e-4ec4d5e5fcf1","receivedFrameCount":111}]
  t=24060ms nodes=[370,370,370] sendCounts=[129,127,125] buffered=[0,0,0] server=370 serverFrameCounts=[{"replicaId":1,"sessionId":"bfb9b858-c558-4a1e-a397-ca52fd97a857","receivedFrameCount":128},{"replicaId":2,"sessionId":"0558840d-82c6-41e5-b37a-0123356560d0","receivedFrameCount":124},{"replicaId":3,"sessionId":"ec3ad9d8-26ef-4541-984e-4ec4d5e5fcf1","receivedFrameCount":126}]
  t=27080ms nodes=[414,414,414] sendCounts=[145,143,140] buffered=[0,0,0] server=414 serverFrameCounts=[{"replicaId":1,"sessionId":"bfb9b858-c558-4a1e-a397-ca52fd97a857","receivedFrameCount":144},{"replicaId":2,"sessionId":"0558840d-82c6-41e5-b37a-0123356560d0","receivedFrameCount":139},{"replicaId":3,"sessionId":"ec3ad9d8-26ef-4541-984e-4ec4d5e5fcf1","receivedFrameCount":142}]
  t=30077ms nodes=[457,457,457] sendCounts=[161,158,155] buffered=[0,0,0] server=457 serverFrameCounts=[{"replicaId":1,"sessionId":"bfb9b858-c558-4a1e-a397-ca52fd97a857","receivedFrameCount":160},{"replicaId":2,"sessionId":"0558840d-82c6-41e5-b37a-0123356560d0","receivedFrameCount":154},{"replicaId":3,"sessionId":"ec3ad9d8-26ef-4541-984e-4ec4d5e5fcf1","receivedFrameCount":157}]
  t=33094ms nodes=[500,500,501] sendCounts=[176,174,171] buffered=[0,0,0] server=500 serverFrameCounts=[{"replicaId":1,"sessionId":"bfb9b858-c558-4a1e-a397-ca52fd97a857","receivedFrameCount":175},{"replicaId":2,"sessionId":"0558840d-82c6-41e5-b37a-0123356560d0","receivedFrameCount":169},{"replicaId":3,"sessionId":"ec3ad9d8-26ef-4541-984e-4ec4d5e5fcf1","receivedFrameCount":173}]
  t=36094ms nodes=[545,545,545] sendCounts=[192,190,186] buffered=[0,0,0] server=545 serverFrameCounts=[{"replicaId":1,"sessionId":"bfb9b858-c558-4a1e-a397-ca52fd97a857","receivedFrameCount":191},{"replicaId":2,"sessionId":"0558840d-82c6-41e5-b37a-0123356560d0","receivedFrameCount":185},{"replicaId":3,"sessionId":"ec3ad9d8-26ef-4541-984e-4ec4d5e5fcf1","receivedFrameCount":189}]
  t=39088ms nodes=[588,588,588] sendCounts=[208,205,201] buffered=[0,0,0] server=588 serverFrameCounts=[{"replicaId":1,"sessionId":"bfb9b858-c558-4a1e-a397-ca52fd97a857","receivedFrameCount":207},{"replicaId":2,"sessionId":"0558840d-82c6-41e5-b37a-0123356560d0","receivedFrameCount":200},{"replicaId":3,"sessionId":"ec3ad9d8-26ef-4541-984e-4ec4d5e5fcf1","receivedFrameCount":204}]
  t=42107ms nodes=[632,632,632] sendCounts=[224,221,216] buffered=[0,0,0] server=632 serverFrameCounts=[{"replicaId":1,"sessionId":"bfb9b858-c558-4a1e-a397-ca52fd97a857","receivedFrameCount":223},{"replicaId":2,"sessionId":"0558840d-82c6-41e5-b37a-0123356560d0","receivedFrameCount":215},{"replicaId":3,"sessionId":"ec3ad9d8-26ef-4541-984e-4ec4d5e5fcf1","receivedFrameCount":220}]
  t=45112ms nodes=[674,674,674] sendCounts=[239,236,231] buffered=[0,0,0] server=674 serverFrameCounts=[{"replicaId":1,"sessionId":"bfb9b858-c558-4a1e-a397-ca52fd97a857","receivedFrameCount":238},{"replicaId":2,"sessionId":"0558840d-82c6-41e5-b37a-0123356560d0","receivedFrameCount":230},{"replicaId":3,"sessionId":"ec3ad9d8-26ef-4541-984e-4ec4d5e5fcf1","receivedFrameCount":235}]
  t=48117ms nodes=[718,718,718] sendCounts=[255,252,246] buffered=[0,0,0] server=718 serverFrameCounts=[{"replicaId":1,"sessionId":"bfb9b858-c558-4a1e-a397-ca52fd97a857","receivedFrameCount":254},{"replicaId":2,"sessionId":"0558840d-82c6-41e5-b37a-0123356560d0","receivedFrameCount":245},{"replicaId":3,"sessionId":"ec3ad9d8-26ef-4541-984e-4ec4d5e5fcf1","receivedFrameCount":251}]
  t=51136ms nodes=[762,762,762] sendCounts=[271,268,261] buffered=[0,0,0] server=762 serverFrameCounts=[{"replicaId":1,"sessionId":"bfb9b858-c558-4a1e-a397-ca52fd97a857","receivedFrameCount":270},{"replicaId":2,"sessionId":"0558840d-82c6-41e5-b37a-0123356560d0","receivedFrameCount":260},{"replicaId":3,"sessionId":"ec3ad9d8-26ef-4541-984e-4ec4d5e5fcf1","receivedFrameCount":267}]
  t=54149ms nodes=[804,804,804] sendCounts=[286,283,276] buffered=[0,0,0] server=804 serverFrameCounts=[{"replicaId":1,"sessionId":"bfb9b858-c558-4a1e-a397-ca52fd97a857","receivedFrameCount":285},{"replicaId":2,"sessionId":"0558840d-82c6-41e5-b37a-0123356560d0","receivedFrameCount":275},{"replicaId":3,"sessionId":"ec3ad9d8-26ef-4541-984e-4ec4d5e5fcf1","receivedFrameCount":282}]
  t=57152ms nodes=[848,848,849] sendCounts=[302,299,292] buffered=[0,0,0] server=848 serverFrameCounts=[{"replicaId":1,"sessionId":"bfb9b858-c558-4a1e-a397-ca52fd97a857","receivedFrameCount":301},{"replicaId":2,"sessionId":"0558840d-82c6-41e5-b37a-0123356560d0","receivedFrameCount":290},{"replicaId":3,"sessionId":"ec3ad9d8-26ef-4541-984e-4ec4d5e5fcf1","receivedFrameCount":298}]
{"ts":"2026-08-31T13:16:12.041Z","level":"info","message":"ws.disconnect","documentId":"8c74a380-430e-4892-8a06-be9109e2a9d9","sessionId":"bfb9b858-c558-4a1e-a397-ca52fd97a857","code":1001}
{"ts":"2026-08-31T13:16:12.073Z","level":"info","message":"ws.disconnect","documentId":"8c74a380-430e-4892-8a06-be9109e2a9d9","sessionId":"0558840d-82c6-41e5-b37a-0123356560d0","code":1001}
{"ts":"2026-08-31T13:16:12.123Z","level":"info","message":"ws.disconnect","documentId":"8c74a380-430e-4892-8a06-be9109e2a9d9","sessionId":"ec3ad9d8-26ef-4541-984e-4ec4d5e5fcf1","code":1001}
{"ts":"2026-08-31T13:16:12.575Z","level":"info","message":"server.listening","port":60875}
{"ts":"2026-08-31T13:16:15.947Z","level":"info","message":"ws.open","sessionId":"532dfcae-65e0-4279-a516-4f4f86f3a9d4"}
{"ts":"2026-08-31T13:16:15.973Z","level":"info","message":"ws.open","sessionId":"a50bf8e3-5b59-4c6f-b8db-c4772ffabe1b"}
{"ts":"2026-08-31T13:16:15.979Z","level":"info","message":"ws.connect","documentId":"cbd57855-4925-4a6d-8dfe-0af7a1bcd201","sessionId":"a50bf8e3-5b59-4c6f-b8db-c4772ffabe1b","replicaId":1}
{"ts":"2026-08-31T13:16:15.984Z","level":"info","message":"ws.syncComplete","documentId":"cbd57855-4925-4a6d-8dfe-0af7a1bcd201","sessionId":"a50bf8e3-5b59-4c6f-b8db-c4772ffabe1b","lastServerSeq":0,"resentCount":0}
{"ts":"2026-08-31T13:16:16.005Z","level":"info","message":"ws.connect","documentId":"cbd57855-4925-4a6d-8dfe-0af7a1bcd201","sessionId":"532dfcae-65e0-4279-a516-4f4f86f3a9d4","replicaId":2}
{"ts":"2026-08-31T13:16:16.036Z","level":"info","message":"ws.syncComplete","documentId":"cbd57855-4925-4a6d-8dfe-0af7a1bcd201","sessionId":"532dfcae-65e0-4279-a516-4f4f86f3a9d4","lastServerSeq":0,"resentCount":0}
{"ts":"2026-08-31T13:16:16.547Z","level":"info","message":"ws.open","sessionId":"c865983a-5ca4-4168-b015-6c0f3b1f505a"}
{"ts":"2026-08-31T13:16:16.620Z","level":"info","message":"ws.connect","documentId":"cbd57855-4925-4a6d-8dfe-0af7a1bcd201","sessionId":"c865983a-5ca4-4168-b015-6c0f3b1f505a","replicaId":3}
{"ts":"2026-08-31T13:16:16.690Z","level":"info","message":"ws.syncComplete","documentId":"cbd57855-4925-4a6d-8dfe-0af7a1bcd201","sessionId":"c865983a-5ca4-4168-b015-6c0f3b1f505a","lastServerSeq":0,"resentCount":0}
[SENDVSRECV-DIRECT] iter 5 order=["chromium","firefox","webkit"]: OK domLen=[890,890,890] pending=[0,0,0] finalSendCounts(chromium,firefox,webkit)=[318,316,306] finalReplicaIds(chromium,firefox,webkit)=[1,3,2] finalServerFrameCounts=[{"replicaId":1,"sessionId":"a50bf8e3-5b59-4c6f-b8db-c4772ffabe1b","receivedFrameCount":317},{"replicaId":2,"sessionId":"532dfcae-65e0-4279-a516-4f4f86f3a9d4","receivedFrameCount":305},{"replicaId":3,"sessionId":"c865983a-5ca4-4168-b015-6c0f3b1f505a","receivedFrameCount":315}] 
  --- full sample timeline (always printed this run, not just on failure) ---
  t=3023ms nodes=[65,65,65] sendCounts=[19,18,18] buffered=[0,0,0] server=65 serverFrameCounts=[{"replicaId":1,"sessionId":"a50bf8e3-5b59-4c6f-b8db-c4772ffabe1b","receivedFrameCount":18},{"replicaId":2,"sessionId":"532dfcae-65e0-4279-a516-4f4f86f3a9d4","receivedFrameCount":17},{"replicaId":3,"sessionId":"c865983a-5ca4-4168-b015-6c0f3b1f505a","receivedFrameCount":17}]
  t=6034ms nodes=[108,108,108] sendCounts=[35,33,33] buffered=[0,0,0] server=108 serverFrameCounts=[{"replicaId":1,"sessionId":"a50bf8e3-5b59-4c6f-b8db-c4772ffabe1b","receivedFrameCount":34},{"replicaId":2,"sessionId":"532dfcae-65e0-4279-a516-4f4f86f3a9d4","receivedFrameCount":32},{"replicaId":3,"sessionId":"c865983a-5ca4-4168-b015-6c0f3b1f505a","receivedFrameCount":32}]
  t=9037ms nodes=[152,152,152] sendCounts=[51,49,48] buffered=[0,0,0] server=152 serverFrameCounts=[{"replicaId":1,"sessionId":"a50bf8e3-5b59-4c6f-b8db-c4772ffabe1b","receivedFrameCount":50},{"replicaId":2,"sessionId":"532dfcae-65e0-4279-a516-4f4f86f3a9d4","receivedFrameCount":47},{"replicaId":3,"sessionId":"c865983a-5ca4-4168-b015-6c0f3b1f505a","receivedFrameCount":48}]
  t=12040ms nodes=[196,196,196] sendCounts=[66,65,64] buffered=[0,0,0] server=196 serverFrameCounts=[{"replicaId":1,"sessionId":"a50bf8e3-5b59-4c6f-b8db-c4772ffabe1b","receivedFrameCount":65},{"replicaId":2,"sessionId":"532dfcae-65e0-4279-a516-4f4f86f3a9d4","receivedFrameCount":63},{"replicaId":3,"sessionId":"c865983a-5ca4-4168-b015-6c0f3b1f505a","receivedFrameCount":64}]
  t=15050ms nodes=[240,240,240] sendCounts=[82,81,79] buffered=[0,0,0] server=240 serverFrameCounts=[{"replicaId":1,"sessionId":"a50bf8e3-5b59-4c6f-b8db-c4772ffabe1b","receivedFrameCount":81},{"replicaId":2,"sessionId":"532dfcae-65e0-4279-a516-4f4f86f3a9d4","receivedFrameCount":78},{"replicaId":3,"sessionId":"c865983a-5ca4-4168-b015-6c0f3b1f505a","receivedFrameCount":80}]
  t=18049ms nodes=[283,283,283] sendCounts=[98,96,94] buffered=[0,0,0] server=283 serverFrameCounts=[{"replicaId":1,"sessionId":"a50bf8e3-5b59-4c6f-b8db-c4772ffabe1b","receivedFrameCount":97},{"replicaId":2,"sessionId":"532dfcae-65e0-4279-a516-4f4f86f3a9d4","receivedFrameCount":93},{"replicaId":3,"sessionId":"c865983a-5ca4-4168-b015-6c0f3b1f505a","receivedFrameCount":95}]
  t=21109ms nodes=[326,326,326] sendCounts=[114,112,110] buffered=[0,0,0] server=327 serverFrameCounts=[{"replicaId":1,"sessionId":"a50bf8e3-5b59-4c6f-b8db-c4772ffabe1b","receivedFrameCount":113},{"replicaId":2,"sessionId":"532dfcae-65e0-4279-a516-4f4f86f3a9d4","receivedFrameCount":108},{"replicaId":3,"sessionId":"c865983a-5ca4-4168-b015-6c0f3b1f505a","receivedFrameCount":111}]
  t=24072ms nodes=[370,370,371] sendCounts=[129,128,125] buffered=[0,0,0] server=370 serverFrameCounts=[{"replicaId":1,"sessionId":"a50bf8e3-5b59-4c6f-b8db-c4772ffabe1b","receivedFrameCount":128},{"replicaId":2,"sessionId":"532dfcae-65e0-4279-a516-4f4f86f3a9d4","receivedFrameCount":123},{"replicaId":3,"sessionId":"c865983a-5ca4-4168-b015-6c0f3b1f505a","receivedFrameCount":127}]
  t=27086ms nodes=[414,414,414] sendCounts=[145,143,140] buffered=[0,0,0] server=415 serverFrameCounts=[{"replicaId":1,"sessionId":"a50bf8e3-5b59-4c6f-b8db-c4772ffabe1b","receivedFrameCount":144},{"replicaId":2,"sessionId":"532dfcae-65e0-4279-a516-4f4f86f3a9d4","receivedFrameCount":139},{"replicaId":3,"sessionId":"c865983a-5ca4-4168-b015-6c0f3b1f505a","receivedFrameCount":143}]
  t=30125ms nodes=[458,458,458] sendCounts=[161,159,155] buffered=[0,0,0] server=458 serverFrameCounts=[{"replicaId":1,"sessionId":"a50bf8e3-5b59-4c6f-b8db-c4772ffabe1b","receivedFrameCount":160},{"replicaId":2,"sessionId":"532dfcae-65e0-4279-a516-4f4f86f3a9d4","receivedFrameCount":154},{"replicaId":3,"sessionId":"c865983a-5ca4-4168-b015-6c0f3b1f505a","receivedFrameCount":158}]
  t=33125ms nodes=[502,502,502] sendCounts=[177,175,170] buffered=[0,0,0] server=502 serverFrameCounts=[{"replicaId":1,"sessionId":"a50bf8e3-5b59-4c6f-b8db-c4772ffabe1b","receivedFrameCount":176},{"replicaId":2,"sessionId":"532dfcae-65e0-4279-a516-4f4f86f3a9d4","receivedFrameCount":169},{"replicaId":3,"sessionId":"c865983a-5ca4-4168-b015-6c0f3b1f505a","receivedFrameCount":174}]
  t=36112ms nodes=[545,545,545] sendCounts=[192,191,185] buffered=[0,0,0] server=545 serverFrameCounts=[{"replicaId":1,"sessionId":"a50bf8e3-5b59-4c6f-b8db-c4772ffabe1b","receivedFrameCount":191},{"replicaId":2,"sessionId":"532dfcae-65e0-4279-a516-4f4f86f3a9d4","receivedFrameCount":184},{"replicaId":3,"sessionId":"c865983a-5ca4-4168-b015-6c0f3b1f505a","receivedFrameCount":190}]
  t=39126ms nodes=[588,588,588] sendCounts=[208,206,200] buffered=[0,0,0] server=588 serverFrameCounts=[{"replicaId":1,"sessionId":"a50bf8e3-5b59-4c6f-b8db-c4772ffabe1b","receivedFrameCount":207},{"replicaId":2,"sessionId":"532dfcae-65e0-4279-a516-4f4f86f3a9d4","receivedFrameCount":199},{"replicaId":3,"sessionId":"c865983a-5ca4-4168-b015-6c0f3b1f505a","receivedFrameCount":205}]
  t=42130ms nodes=[631,631,631] sendCounts=[223,222,215] buffered=[0,0,0] server=632 serverFrameCounts=[{"replicaId":1,"sessionId":"a50bf8e3-5b59-4c6f-b8db-c4772ffabe1b","receivedFrameCount":223},{"replicaId":2,"sessionId":"532dfcae-65e0-4279-a516-4f4f86f3a9d4","receivedFrameCount":214},{"replicaId":3,"sessionId":"c865983a-5ca4-4168-b015-6c0f3b1f505a","receivedFrameCount":221}]
  t=45144ms nodes=[674,674,674] sendCounts=[239,237,230] buffered=[0,0,0] server=674 serverFrameCounts=[{"replicaId":1,"sessionId":"a50bf8e3-5b59-4c6f-b8db-c4772ffabe1b","receivedFrameCount":238},{"replicaId":2,"sessionId":"532dfcae-65e0-4279-a516-4f4f86f3a9d4","receivedFrameCount":229},{"replicaId":3,"sessionId":"c865983a-5ca4-4168-b015-6c0f3b1f505a","receivedFrameCount":236}]
  t=48144ms nodes=[718,718,718] sendCounts=[255,253,245] buffered=[0,0,0] server=718 serverFrameCounts=[{"replicaId":1,"sessionId":"a50bf8e3-5b59-4c6f-b8db-c4772ffabe1b","receivedFrameCount":254},{"replicaId":2,"sessionId":"532dfcae-65e0-4279-a516-4f4f86f3a9d4","receivedFrameCount":244},{"replicaId":3,"sessionId":"c865983a-5ca4-4168-b015-6c0f3b1f505a","receivedFrameCount":252}]
  t=51154ms nodes=[762,762,762] sendCounts=[271,269,260] buffered=[0,0,0] server=762 serverFrameCounts=[{"replicaId":1,"sessionId":"a50bf8e3-5b59-4c6f-b8db-c4772ffabe1b","receivedFrameCount":270},{"replicaId":2,"sessionId":"532dfcae-65e0-4279-a516-4f4f86f3a9d4","receivedFrameCount":259},{"replicaId":3,"sessionId":"c865983a-5ca4-4168-b015-6c0f3b1f505a","receivedFrameCount":268}]
  t=54165ms nodes=[805,805,805] sendCounts=[287,284,275] buffered=[0,0,0] server=805 serverFrameCounts=[{"replicaId":1,"sessionId":"a50bf8e3-5b59-4c6f-b8db-c4772ffabe1b","receivedFrameCount":286},{"replicaId":2,"sessionId":"532dfcae-65e0-4279-a516-4f4f86f3a9d4","receivedFrameCount":274},{"replicaId":3,"sessionId":"c865983a-5ca4-4168-b015-6c0f3b1f505a","receivedFrameCount":283}]
  t=57303ms nodes=[850,850,850] sendCounts=[303,300,291] buffered=[0,15,0] server=851 serverFrameCounts=[{"replicaId":1,"sessionId":"a50bf8e3-5b59-4c6f-b8db-c4772ffabe1b","receivedFrameCount":302},{"replicaId":2,"sessionId":"532dfcae-65e0-4279-a516-4f4f86f3a9d4","receivedFrameCount":290},{"replicaId":3,"sessionId":"c865983a-5ca4-4168-b015-6c0f3b1f505a","receivedFrameCount":300}]
  t=60174ms nodes=[890,890,890] sendCounts=[317,315,305] buffered=[0,0,0] server=890 serverFrameCounts=[{"replicaId":1,"sessionId":"a50bf8e3-5b59-4c6f-b8db-c4772ffabe1b","receivedFrameCount":316},{"replicaId":2,"sessionId":"532dfcae-65e0-4279-a516-4f4f86f3a9d4","receivedFrameCount":304},{"replicaId":3,"sessionId":"c865983a-5ca4-4168-b015-6c0f3b1f505a","receivedFrameCount":314}]
{"ts":"2026-08-31T13:17:20.012Z","level":"info","message":"ws.disconnect","documentId":"cbd57855-4925-4a6d-8dfe-0af7a1bcd201","sessionId":"a50bf8e3-5b59-4c6f-b8db-c4772ffabe1b","code":1001}
{"ts":"2026-08-31T13:17:20.040Z","level":"info","message":"ws.disconnect","documentId":"cbd57855-4925-4a6d-8dfe-0af7a1bcd201","sessionId":"532dfcae-65e0-4279-a516-4f4f86f3a9d4","code":1001}
{"ts":"2026-08-31T13:17:20.077Z","level":"info","message":"ws.disconnect","documentId":"cbd57855-4925-4a6d-8dfe-0af7a1bcd201","sessionId":"c865983a-5ca4-4168-b015-6c0f3b1f505a","code":1001}
{"ts":"2026-08-31T13:17:20.507Z","level":"info","message":"server.listening","port":55858}
{"ts":"2026-08-31T13:17:23.812Z","level":"info","message":"ws.open","sessionId":"58b493c1-a3bb-4ac5-8949-a055923fe6aa"}
{"ts":"2026-08-31T13:17:23.813Z","level":"info","message":"ws.open","sessionId":"b4c0d765-6b4a-4fe1-a931-eb2647e96688"}
{"ts":"2026-08-31T13:17:23.825Z","level":"info","message":"ws.connect","documentId":"41ff8e93-6017-4851-a006-68a8e62b1265","sessionId":"b4c0d765-6b4a-4fe1-a931-eb2647e96688","replicaId":1}
{"ts":"2026-08-31T13:17:23.830Z","level":"info","message":"ws.syncComplete","documentId":"41ff8e93-6017-4851-a006-68a8e62b1265","sessionId":"b4c0d765-6b4a-4fe1-a931-eb2647e96688","lastServerSeq":0,"resentCount":0}
{"ts":"2026-08-31T13:17:23.874Z","level":"info","message":"ws.connect","documentId":"41ff8e93-6017-4851-a006-68a8e62b1265","sessionId":"58b493c1-a3bb-4ac5-8949-a055923fe6aa","replicaId":2}
{"ts":"2026-08-31T13:17:23.905Z","level":"info","message":"ws.syncComplete","documentId":"41ff8e93-6017-4851-a006-68a8e62b1265","sessionId":"58b493c1-a3bb-4ac5-8949-a055923fe6aa","lastServerSeq":0,"resentCount":0}
{"ts":"2026-08-31T13:17:24.420Z","level":"info","message":"ws.open","sessionId":"492ebc48-f837-40f2-8d23-739fb5d4e1b7"}
{"ts":"2026-08-31T13:17:24.465Z","level":"info","message":"ws.connect","documentId":"41ff8e93-6017-4851-a006-68a8e62b1265","sessionId":"492ebc48-f837-40f2-8d23-739fb5d4e1b7","replicaId":3}
{"ts":"2026-08-31T13:17:24.472Z","level":"info","message":"ws.syncComplete","documentId":"41ff8e93-6017-4851-a006-68a8e62b1265","sessionId":"492ebc48-f837-40f2-8d23-739fb5d4e1b7","lastServerSeq":0,"resentCount":0}
[SENDVSRECV-DIRECT] iter 6 order=["chromium","firefox","webkit"]: OK domLen=[894,894,894] pending=[0,0,0] finalSendCounts(chromium,firefox,webkit)=[319,316,309] finalReplicaIds(chromium,firefox,webkit)=[1,3,2] finalServerFrameCounts=[{"replicaId":1,"sessionId":"b4c0d765-6b4a-4fe1-a931-eb2647e96688","receivedFrameCount":318},{"replicaId":2,"sessionId":"58b493c1-a3bb-4ac5-8949-a055923fe6aa","receivedFrameCount":308},{"replicaId":3,"sessionId":"492ebc48-f837-40f2-8d23-739fb5d4e1b7","receivedFrameCount":315}] 
  --- full sample timeline (always printed this run, not just on failure) ---
  t=3032ms nodes=[65,65,65] sendCounts=[19,18,18] buffered=[0,0,0] server=65 serverFrameCounts=[{"replicaId":1,"sessionId":"b4c0d765-6b4a-4fe1-a931-eb2647e96688","receivedFrameCount":18},{"replicaId":2,"sessionId":"58b493c1-a3bb-4ac5-8949-a055923fe6aa","receivedFrameCount":17},{"replicaId":3,"sessionId":"492ebc48-f837-40f2-8d23-739fb5d4e1b7","receivedFrameCount":17}]
  t=6042ms nodes=[109,109,109] sendCounts=[35,34,33] buffered=[0,0,0] server=109 serverFrameCounts=[{"replicaId":1,"sessionId":"b4c0d765-6b4a-4fe1-a931-eb2647e96688","receivedFrameCount":34},{"replicaId":2,"sessionId":"58b493c1-a3bb-4ac5-8949-a055923fe6aa","receivedFrameCount":32},{"replicaId":3,"sessionId":"492ebc48-f837-40f2-8d23-739fb5d4e1b7","receivedFrameCount":33}]
  t=9048ms nodes=[153,153,153] sendCounts=[51,49,49] buffered=[0,0,0] server=153 serverFrameCounts=[{"replicaId":1,"sessionId":"b4c0d765-6b4a-4fe1-a931-eb2647e96688","receivedFrameCount":50},{"replicaId":2,"sessionId":"58b493c1-a3bb-4ac5-8949-a055923fe6aa","receivedFrameCount":48},{"replicaId":3,"sessionId":"492ebc48-f837-40f2-8d23-739fb5d4e1b7","receivedFrameCount":48}]
  t=12057ms nodes=[197,197,197] sendCounts=[67,65,64] buffered=[0,0,0] server=197 serverFrameCounts=[{"replicaId":1,"sessionId":"b4c0d765-6b4a-4fe1-a931-eb2647e96688","receivedFrameCount":66},{"replicaId":2,"sessionId":"58b493c1-a3bb-4ac5-8949-a055923fe6aa","receivedFrameCount":63},{"replicaId":3,"sessionId":"492ebc48-f837-40f2-8d23-739fb5d4e1b7","receivedFrameCount":64}]
  t=15063ms nodes=[240,240,240] sendCounts=[82,81,79] buffered=[0,0,0] server=240 serverFrameCounts=[{"replicaId":1,"sessionId":"b4c0d765-6b4a-4fe1-a931-eb2647e96688","receivedFrameCount":81},{"replicaId":2,"sessionId":"58b493c1-a3bb-4ac5-8949-a055923fe6aa","receivedFrameCount":78},{"replicaId":3,"sessionId":"492ebc48-f837-40f2-8d23-739fb5d4e1b7","receivedFrameCount":80}]
  t=18058ms nodes=[284,284,284] sendCounts=[98,96,95] buffered=[0,0,0] server=284 serverFrameCounts=[{"replicaId":1,"sessionId":"b4c0d765-6b4a-4fe1-a931-eb2647e96688","receivedFrameCount":97},{"replicaId":2,"sessionId":"58b493c1-a3bb-4ac5-8949-a055923fe6aa","receivedFrameCount":94},{"replicaId":3,"sessionId":"492ebc48-f837-40f2-8d23-739fb5d4e1b7","receivedFrameCount":95}]
  t=21058ms nodes=[328,328,328] sendCounts=[114,112,110] buffered=[0,0,0] server=328 serverFrameCounts=[{"replicaId":1,"sessionId":"b4c0d765-6b4a-4fe1-a931-eb2647e96688","receivedFrameCount":113},{"replicaId":2,"sessionId":"58b493c1-a3bb-4ac5-8949-a055923fe6aa","receivedFrameCount":109},{"replicaId":3,"sessionId":"492ebc48-f837-40f2-8d23-739fb5d4e1b7","receivedFrameCount":111}]
  t=24078ms nodes=[372,372,372] sendCounts=[130,128,125] buffered=[0,0,0] server=372 serverFrameCounts=[{"replicaId":1,"sessionId":"b4c0d765-6b4a-4fe1-a931-eb2647e96688","receivedFrameCount":129},{"replicaId":2,"sessionId":"58b493c1-a3bb-4ac5-8949-a055923fe6aa","receivedFrameCount":124},{"replicaId":3,"sessionId":"492ebc48-f837-40f2-8d23-739fb5d4e1b7","receivedFrameCount":127}]
  t=27089ms nodes=[415,415,416] sendCounts=[145,144,141] buffered=[0,0,0] server=417 serverFrameCounts=[{"replicaId":1,"sessionId":"b4c0d765-6b4a-4fe1-a931-eb2647e96688","receivedFrameCount":145},{"replicaId":2,"sessionId":"58b493c1-a3bb-4ac5-8949-a055923fe6aa","receivedFrameCount":140},{"replicaId":3,"sessionId":"492ebc48-f837-40f2-8d23-739fb5d4e1b7","receivedFrameCount":143}]
  t=30093ms nodes=[459,459,459] sendCounts=[161,159,156] buffered=[0,0,0] server=459 serverFrameCounts=[{"replicaId":1,"sessionId":"b4c0d765-6b4a-4fe1-a931-eb2647e96688","receivedFrameCount":160},{"replicaId":2,"sessionId":"58b493c1-a3bb-4ac5-8949-a055923fe6aa","receivedFrameCount":155},{"replicaId":3,"sessionId":"492ebc48-f837-40f2-8d23-739fb5d4e1b7","receivedFrameCount":158}]
  t=33107ms nodes=[503,503,503] sendCounts=[177,175,171] buffered=[0,0,0] server=503 serverFrameCounts=[{"replicaId":1,"sessionId":"b4c0d765-6b4a-4fe1-a931-eb2647e96688","receivedFrameCount":176},{"replicaId":2,"sessionId":"58b493c1-a3bb-4ac5-8949-a055923fe6aa","receivedFrameCount":170},{"replicaId":3,"sessionId":"492ebc48-f837-40f2-8d23-739fb5d4e1b7","receivedFrameCount":174}]
  t=36115ms nodes=[547,547,547] sendCounts=[193,191,186] buffered=[0,0,0] server=547 serverFrameCounts=[{"replicaId":1,"sessionId":"b4c0d765-6b4a-4fe1-a931-eb2647e96688","receivedFrameCount":192},{"replicaId":2,"sessionId":"58b493c1-a3bb-4ac5-8949-a055923fe6aa","receivedFrameCount":185},{"replicaId":3,"sessionId":"492ebc48-f837-40f2-8d23-739fb5d4e1b7","receivedFrameCount":190}]
  t=39115ms nodes=[590,590,590] sendCounts=[208,206,202] buffered=[0,0,0] server=590 serverFrameCounts=[{"replicaId":1,"sessionId":"b4c0d765-6b4a-4fe1-a931-eb2647e96688","receivedFrameCount":207},{"replicaId":2,"sessionId":"58b493c1-a3bb-4ac5-8949-a055923fe6aa","receivedFrameCount":201},{"replicaId":3,"sessionId":"492ebc48-f837-40f2-8d23-739fb5d4e1b7","receivedFrameCount":205}]
  t=42116ms nodes=[634,634,634] sendCounts=[224,222,217] buffered=[0,0,0] server=634 serverFrameCounts=[{"replicaId":1,"sessionId":"b4c0d765-6b4a-4fe1-a931-eb2647e96688","receivedFrameCount":223},{"replicaId":2,"sessionId":"58b493c1-a3bb-4ac5-8949-a055923fe6aa","receivedFrameCount":216},{"replicaId":3,"sessionId":"492ebc48-f837-40f2-8d23-739fb5d4e1b7","receivedFrameCount":221}]
  t=45129ms nodes=[677,677,677] sendCounts=[240,237,232] buffered=[0,0,0] server=677 serverFrameCounts=[{"replicaId":1,"sessionId":"b4c0d765-6b4a-4fe1-a931-eb2647e96688","receivedFrameCount":239},{"replicaId":2,"sessionId":"58b493c1-a3bb-4ac5-8949-a055923fe6aa","receivedFrameCount":231},{"replicaId":3,"sessionId":"492ebc48-f837-40f2-8d23-739fb5d4e1b7","receivedFrameCount":236}]
  t=48141ms nodes=[721,721,722] sendCounts=[256,253,248] buffered=[0,0,0] server=721 serverFrameCounts=[{"replicaId":1,"sessionId":"b4c0d765-6b4a-4fe1-a931-eb2647e96688","receivedFrameCount":255},{"replicaId":2,"sessionId":"58b493c1-a3bb-4ac5-8949-a055923fe6aa","receivedFrameCount":246},{"replicaId":3,"sessionId":"492ebc48-f837-40f2-8d23-739fb5d4e1b7","receivedFrameCount":252}]
  t=51146ms nodes=[766,766,766] sendCounts=[272,269,263] buffered=[0,0,0] server=766 serverFrameCounts=[{"replicaId":1,"sessionId":"b4c0d765-6b4a-4fe1-a931-eb2647e96688","receivedFrameCount":271},{"replicaId":2,"sessionId":"58b493c1-a3bb-4ac5-8949-a055923fe6aa","receivedFrameCount":262},{"replicaId":3,"sessionId":"492ebc48-f837-40f2-8d23-739fb5d4e1b7","receivedFrameCount":268}]
  t=54149ms nodes=[808,808,808] sendCounts=[287,284,278] buffered=[0,0,0] server=808 serverFrameCounts=[{"replicaId":1,"sessionId":"b4c0d765-6b4a-4fe1-a931-eb2647e96688","receivedFrameCount":286},{"replicaId":2,"sessionId":"58b493c1-a3bb-4ac5-8949-a055923fe6aa","receivedFrameCount":277},{"replicaId":3,"sessionId":"492ebc48-f837-40f2-8d23-739fb5d4e1b7","receivedFrameCount":283}]
  t=57283ms nodes=[852,852,852] sendCounts=[303,300,293] buffered=[0,15,0] server=855 serverFrameCounts=[{"replicaId":1,"sessionId":"b4c0d765-6b4a-4fe1-a931-eb2647e96688","receivedFrameCount":303},{"replicaId":2,"sessionId":"58b493c1-a3bb-4ac5-8949-a055923fe6aa","receivedFrameCount":293},{"replicaId":3,"sessionId":"492ebc48-f837-40f2-8d23-739fb5d4e1b7","receivedFrameCount":300}]
  t=60165ms nodes=[894,894,894] sendCounts=[318,315,308] buffered=[0,0,0] server=894 serverFrameCounts=[{"replicaId":1,"sessionId":"b4c0d765-6b4a-4fe1-a931-eb2647e96688","receivedFrameCount":317},{"replicaId":2,"sessionId":"58b493c1-a3bb-4ac5-8949-a055923fe6aa","receivedFrameCount":307},{"replicaId":3,"sessionId":"492ebc48-f837-40f2-8d23-739fb5d4e1b7","receivedFrameCount":314}]
{"ts":"2026-08-31T13:18:27.800Z","level":"info","message":"ws.disconnect","documentId":"41ff8e93-6017-4851-a006-68a8e62b1265","sessionId":"b4c0d765-6b4a-4fe1-a931-eb2647e96688","code":1001}
{"ts":"2026-08-31T13:18:27.825Z","level":"info","message":"ws.disconnect","documentId":"41ff8e93-6017-4851-a006-68a8e62b1265","sessionId":"58b493c1-a3bb-4ac5-8949-a055923fe6aa","code":1001}
{"ts":"2026-08-31T13:18:27.864Z","level":"info","message":"ws.disconnect","documentId":"41ff8e93-6017-4851-a006-68a8e62b1265","sessionId":"492ebc48-f837-40f2-8d23-739fb5d4e1b7","code":1001}
{"ts":"2026-08-31T13:18:28.295Z","level":"info","message":"server.listening","port":61874}
{"ts":"2026-08-31T13:18:31.420Z","level":"info","message":"ws.open","sessionId":"b843d2df-e450-4cba-86b1-d80a76dac212"}
{"ts":"2026-08-31T13:18:31.434Z","level":"info","message":"ws.open","sessionId":"cda3d8bb-ebef-4005-8c33-626145ca55f1"}
{"ts":"2026-08-31T13:18:31.441Z","level":"info","message":"ws.connect","documentId":"de7894f3-0bee-4498-84b8-f9b44c429ec4","sessionId":"cda3d8bb-ebef-4005-8c33-626145ca55f1","replicaId":1}
{"ts":"2026-08-31T13:18:31.445Z","level":"info","message":"ws.syncComplete","documentId":"de7894f3-0bee-4498-84b8-f9b44c429ec4","sessionId":"cda3d8bb-ebef-4005-8c33-626145ca55f1","lastServerSeq":0,"resentCount":0}
{"ts":"2026-08-31T13:18:31.450Z","level":"info","message":"ws.connect","documentId":"de7894f3-0bee-4498-84b8-f9b44c429ec4","sessionId":"b843d2df-e450-4cba-86b1-d80a76dac212","replicaId":2}
{"ts":"2026-08-31T13:18:31.482Z","level":"info","message":"ws.syncComplete","documentId":"de7894f3-0bee-4498-84b8-f9b44c429ec4","sessionId":"b843d2df-e450-4cba-86b1-d80a76dac212","lastServerSeq":0,"resentCount":0}
{"ts":"2026-08-31T13:18:32.001Z","level":"info","message":"ws.open","sessionId":"0c710b14-c459-4509-8b96-d4c8b418cd99"}
{"ts":"2026-08-31T13:18:32.036Z","level":"info","message":"ws.connect","documentId":"de7894f3-0bee-4498-84b8-f9b44c429ec4","sessionId":"0c710b14-c459-4509-8b96-d4c8b418cd99","replicaId":3}
{"ts":"2026-08-31T13:18:32.049Z","level":"info","message":"ws.syncComplete","documentId":"de7894f3-0bee-4498-84b8-f9b44c429ec4","sessionId":"0c710b14-c459-4509-8b96-d4c8b418cd99","lastServerSeq":0,"resentCount":0}
[SENDVSRECV-DIRECT] iter 7 order=["chromium","firefox","webkit"]: OK domLen=[893,893,893] pending=[0,0,0] finalSendCounts(chromium,firefox,webkit)=[320,315,308] finalReplicaIds(chromium,firefox,webkit)=[1,3,2] finalServerFrameCounts=[{"replicaId":1,"sessionId":"cda3d8bb-ebef-4005-8c33-626145ca55f1","receivedFrameCount":319},{"replicaId":2,"sessionId":"b843d2df-e450-4cba-86b1-d80a76dac212","receivedFrameCount":307},{"replicaId":3,"sessionId":"0c710b14-c459-4509-8b96-d4c8b418cd99","receivedFrameCount":314}] 
  --- full sample timeline (always printed this run, not just on failure) ---
  t=3018ms nodes=[65,65,65] sendCounts=[19,18,18] buffered=[0,0,0] server=65 serverFrameCounts=[{"replicaId":1,"sessionId":"cda3d8bb-ebef-4005-8c33-626145ca55f1","receivedFrameCount":18},{"replicaId":2,"sessionId":"b843d2df-e450-4cba-86b1-d80a76dac212","receivedFrameCount":17},{"replicaId":3,"sessionId":"0c710b14-c459-4509-8b96-d4c8b418cd99","receivedFrameCount":17}]
  t=6029ms nodes=[108,108,108] sendCounts=[35,33,33] buffered=[0,0,0] server=108 serverFrameCounts=[{"replicaId":1,"sessionId":"cda3d8bb-ebef-4005-8c33-626145ca55f1","receivedFrameCount":34},{"replicaId":2,"sessionId":"b843d2df-e450-4cba-86b1-d80a76dac212","receivedFrameCount":32},{"replicaId":3,"sessionId":"0c710b14-c459-4509-8b96-d4c8b418cd99","receivedFrameCount":32}]
  t=9049ms nodes=[153,153,153] sendCounts=[51,49,49] buffered=[0,0,0] server=153 serverFrameCounts=[{"replicaId":1,"sessionId":"cda3d8bb-ebef-4005-8c33-626145ca55f1","receivedFrameCount":50},{"replicaId":2,"sessionId":"b843d2df-e450-4cba-86b1-d80a76dac212","receivedFrameCount":48},{"replicaId":3,"sessionId":"0c710b14-c459-4509-8b96-d4c8b418cd99","receivedFrameCount":48}]
  t=12048ms nodes=[196,196,196] sendCounts=[67,64,64] buffered=[0,0,0] server=196 serverFrameCounts=[{"replicaId":1,"sessionId":"cda3d8bb-ebef-4005-8c33-626145ca55f1","receivedFrameCount":66},{"replicaId":2,"sessionId":"b843d2df-e450-4cba-86b1-d80a76dac212","receivedFrameCount":63},{"replicaId":3,"sessionId":"0c710b14-c459-4509-8b96-d4c8b418cd99","receivedFrameCount":63}]
  t=15061ms nodes=[239,239,239] sendCounts=[82,80,79] buffered=[0,0,0] server=239 serverFrameCounts=[{"replicaId":1,"sessionId":"cda3d8bb-ebef-4005-8c33-626145ca55f1","receivedFrameCount":81},{"replicaId":2,"sessionId":"b843d2df-e450-4cba-86b1-d80a76dac212","receivedFrameCount":78},{"replicaId":3,"sessionId":"0c710b14-c459-4509-8b96-d4c8b418cd99","receivedFrameCount":79}]
  t=18063ms nodes=[284,284,284] sendCounts=[98,96,95] buffered=[0,0,0] server=284 serverFrameCounts=[{"replicaId":1,"sessionId":"cda3d8bb-ebef-4005-8c33-626145ca55f1","receivedFrameCount":97},{"replicaId":2,"sessionId":"b843d2df-e450-4cba-86b1-d80a76dac212","receivedFrameCount":94},{"replicaId":3,"sessionId":"0c710b14-c459-4509-8b96-d4c8b418cd99","receivedFrameCount":95}]
  t=21072ms nodes=[327,327,327] sendCounts=[114,111,110] buffered=[0,0,0] server=327 serverFrameCounts=[{"replicaId":1,"sessionId":"cda3d8bb-ebef-4005-8c33-626145ca55f1","receivedFrameCount":113},{"replicaId":2,"sessionId":"b843d2df-e450-4cba-86b1-d80a76dac212","receivedFrameCount":109},{"replicaId":3,"sessionId":"0c710b14-c459-4509-8b96-d4c8b418cd99","receivedFrameCount":110}]
  t=24078ms nodes=[370,370,370] sendCounts=[130,126,125] buffered=[0,0,0] server=370 serverFrameCounts=[{"replicaId":1,"sessionId":"cda3d8bb-ebef-4005-8c33-626145ca55f1","receivedFrameCount":129},{"replicaId":2,"sessionId":"b843d2df-e450-4cba-86b1-d80a76dac212","receivedFrameCount":124},{"replicaId":3,"sessionId":"0c710b14-c459-4509-8b96-d4c8b418cd99","receivedFrameCount":125}]
  t=27092ms nodes=[415,415,415] sendCounts=[146,142,141] buffered=[0,0,0] server=415 serverFrameCounts=[{"replicaId":1,"sessionId":"cda3d8bb-ebef-4005-8c33-626145ca55f1","receivedFrameCount":145},{"replicaId":2,"sessionId":"b843d2df-e450-4cba-86b1-d80a76dac212","receivedFrameCount":140},{"replicaId":3,"sessionId":"0c710b14-c459-4509-8b96-d4c8b418cd99","receivedFrameCount":141}]
  t=30096ms nodes=[458,458,458] sendCounts=[161,158,156] buffered=[0,0,0] server=458 serverFrameCounts=[{"replicaId":1,"sessionId":"cda3d8bb-ebef-4005-8c33-626145ca55f1","receivedFrameCount":160},{"replicaId":2,"sessionId":"b843d2df-e450-4cba-86b1-d80a76dac212","receivedFrameCount":155},{"replicaId":3,"sessionId":"0c710b14-c459-4509-8b96-d4c8b418cd99","receivedFrameCount":157}]
  t=33101ms nodes=[501,501,501] sendCounts=[177,173,171] buffered=[0,0,0] server=502 serverFrameCounts=[{"replicaId":1,"sessionId":"cda3d8bb-ebef-4005-8c33-626145ca55f1","receivedFrameCount":176},{"replicaId":2,"sessionId":"b843d2df-e450-4cba-86b1-d80a76dac212","receivedFrameCount":170},{"replicaId":3,"sessionId":"0c710b14-c459-4509-8b96-d4c8b418cd99","receivedFrameCount":173}]
  t=36109ms nodes=[546,546,546] sendCounts=[193,189,187] buffered=[0,0,0] server=546 serverFrameCounts=[{"replicaId":1,"sessionId":"cda3d8bb-ebef-4005-8c33-626145ca55f1","receivedFrameCount":192},{"replicaId":2,"sessionId":"b843d2df-e450-4cba-86b1-d80a76dac212","receivedFrameCount":186},{"replicaId":3,"sessionId":"0c710b14-c459-4509-8b96-d4c8b418cd99","receivedFrameCount":188}]
  t=39110ms nodes=[589,589,590] sendCounts=[209,205,202] buffered=[0,0,0] server=589 serverFrameCounts=[{"replicaId":1,"sessionId":"cda3d8bb-ebef-4005-8c33-626145ca55f1","receivedFrameCount":208},{"replicaId":2,"sessionId":"b843d2df-e450-4cba-86b1-d80a76dac212","receivedFrameCount":200},{"replicaId":3,"sessionId":"0c710b14-c459-4509-8b96-d4c8b418cd99","receivedFrameCount":204}]
  t=42123ms nodes=[633,633,633] sendCounts=[225,220,217] buffered=[0,0,0] server=633 serverFrameCounts=[{"replicaId":1,"sessionId":"cda3d8bb-ebef-4005-8c33-626145ca55f1","receivedFrameCount":224},{"replicaId":2,"sessionId":"b843d2df-e450-4cba-86b1-d80a76dac212","receivedFrameCount":216},{"replicaId":3,"sessionId":"0c710b14-c459-4509-8b96-d4c8b418cd99","receivedFrameCount":219}]
  t=45130ms nodes=[676,676,676] sendCounts=[240,236,232] buffered=[0,0,0] server=676 serverFrameCounts=[{"replicaId":1,"sessionId":"cda3d8bb-ebef-4005-8c33-626145ca55f1","receivedFrameCount":239},{"replicaId":2,"sessionId":"b843d2df-e450-4cba-86b1-d80a76dac212","receivedFrameCount":231},{"replicaId":3,"sessionId":"0c710b14-c459-4509-8b96-d4c8b418cd99","receivedFrameCount":235}]
  t=48135ms nodes=[720,720,720] sendCounts=[256,252,247] buffered=[0,0,0] server=720 serverFrameCounts=[{"replicaId":1,"sessionId":"cda3d8bb-ebef-4005-8c33-626145ca55f1","receivedFrameCount":255},{"replicaId":2,"sessionId":"b843d2df-e450-4cba-86b1-d80a76dac212","receivedFrameCount":246},{"replicaId":3,"sessionId":"0c710b14-c459-4509-8b96-d4c8b418cd99","receivedFrameCount":251}]
  t=51136ms nodes=[763,763,763] sendCounts=[272,267,262] buffered=[0,0,0] server=763 serverFrameCounts=[{"replicaId":1,"sessionId":"cda3d8bb-ebef-4005-8c33-626145ca55f1","receivedFrameCount":271},{"replicaId":2,"sessionId":"b843d2df-e450-4cba-86b1-d80a76dac212","receivedFrameCount":261},{"replicaId":3,"sessionId":"0c710b14-c459-4509-8b96-d4c8b418cd99","receivedFrameCount":266}]
  t=54147ms nodes=[807,807,807] sendCounts=[288,283,277] buffered=[0,0,0] server=807 serverFrameCounts=[{"replicaId":1,"sessionId":"cda3d8bb-ebef-4005-8c33-626145ca55f1","receivedFrameCount":287},{"replicaId":2,"sessionId":"b843d2df-e450-4cba-86b1-d80a76dac212","receivedFrameCount":276},{"replicaId":3,"sessionId":"0c710b14-c459-4509-8b96-d4c8b418cd99","receivedFrameCount":282}]
  t=57278ms nodes=[850,850,850] sendCounts=[304,299,292] buffered=[0,0,0] server=852 serverFrameCounts=[{"replicaId":1,"sessionId":"cda3d8bb-ebef-4005-8c33-626145ca55f1","receivedFrameCount":303},{"replicaId":2,"sessionId":"b843d2df-e450-4cba-86b1-d80a76dac212","receivedFrameCount":292},{"replicaId":3,"sessionId":"0c710b14-c459-4509-8b96-d4c8b418cd99","receivedFrameCount":298}]
  t=60149ms nodes=[893,893,893] sendCounts=[319,314,307] buffered=[0,0,0] server=893 serverFrameCounts=[{"replicaId":1,"sessionId":"cda3d8bb-ebef-4005-8c33-626145ca55f1","receivedFrameCount":318},{"replicaId":2,"sessionId":"b843d2df-e450-4cba-86b1-d80a76dac212","receivedFrameCount":306},{"replicaId":3,"sessionId":"0c710b14-c459-4509-8b96-d4c8b418cd99","receivedFrameCount":313}]
{"ts":"2026-08-31T13:19:35.395Z","level":"info","message":"ws.disconnect","documentId":"de7894f3-0bee-4498-84b8-f9b44c429ec4","sessionId":"cda3d8bb-ebef-4005-8c33-626145ca55f1","code":1001}
{"ts":"2026-08-31T13:19:35.435Z","level":"info","message":"ws.disconnect","documentId":"de7894f3-0bee-4498-84b8-f9b44c429ec4","sessionId":"b843d2df-e450-4cba-86b1-d80a76dac212","code":1006}
{"ts":"2026-08-31T13:19:35.463Z","level":"info","message":"ws.disconnect","documentId":"de7894f3-0bee-4498-84b8-f9b44c429ec4","sessionId":"0c710b14-c459-4509-8b96-d4c8b418cd99","code":1001}

8/8 passed (SENDVSRECV-DIRECT diagnostic run)
