{"ts":"2026-08-31T12:56:42.908Z","level":"info","message":"server.listening","port":54397}
{"ts":"2026-08-31T12:56:46.078Z","level":"info","message":"ws.open","sessionId":"8d41df9a-f610-4069-a113-495b4def2947"}
{"ts":"2026-08-31T12:56:46.101Z","level":"info","message":"ws.open","sessionId":"088eee22-4caf-435b-b253-1d33c5350ad5"}
{"ts":"2026-08-31T12:56:46.183Z","level":"info","message":"ws.connect","documentId":"60522967-d491-46d6-ab5e-ad1d1260dd83","sessionId":"8d41df9a-f610-4069-a113-495b4def2947","replicaId":1}
{"ts":"2026-08-31T12:56:46.193Z","level":"info","message":"ws.connect","documentId":"60522967-d491-46d6-ab5e-ad1d1260dd83","sessionId":"088eee22-4caf-435b-b253-1d33c5350ad5","replicaId":2}
{"ts":"2026-08-31T12:56:46.366Z","level":"info","message":"ws.syncComplete","documentId":"60522967-d491-46d6-ab5e-ad1d1260dd83","sessionId":"8d41df9a-f610-4069-a113-495b4def2947","lastServerSeq":0,"resentCount":0}
{"ts":"2026-08-31T12:56:46.412Z","level":"info","message":"ws.syncComplete","documentId":"60522967-d491-46d6-ab5e-ad1d1260dd83","sessionId":"088eee22-4caf-435b-b253-1d33c5350ad5","lastServerSeq":0,"resentCount":0}
{"ts":"2026-08-31T12:56:46.659Z","level":"info","message":"ws.open","sessionId":"f9732eeb-5228-4468-b135-41f482fd70ea"}
{"ts":"2026-08-31T12:56:46.767Z","level":"info","message":"ws.connect","documentId":"60522967-d491-46d6-ab5e-ad1d1260dd83","sessionId":"f9732eeb-5228-4468-b135-41f482fd70ea","replicaId":3}
{"ts":"2026-08-31T12:56:47.086Z","level":"info","message":"ws.syncComplete","documentId":"60522967-d491-46d6-ab5e-ad1d1260dd83","sessionId":"f9732eeb-5228-4468-b135-41f482fd70ea","lastServerSeq":0,"resentCount":0}
{"ts":"2026-08-31T12:57:16.020Z","level":"warn","message":"presence.stale","sessionId":"f9732eeb-5228-4468-b135-41f482fd70ea","replicaId":3,"thresholdMs":8000}
[SENDVSRECV-NATIVE] iter 0 order=["chromium","firefox","webkit"]: SERVER-CRASH: Error: integrate(): Case C reached with candidate 124:3 whose destination would have moved past 123:2 — this disproves Engine Spec §6.2 sub-case iii-d (Test Plan §14.2 MUT-KILL-01). domLen=[703,894,703] pending=[0,0,0] finalSendCounts(chromium,firefox,webkit)=[319,316,309] finalReplicaIds(chromium,firefox,webkit)=[1,3,2] finalServerFrameCounts=[{"replicaId":1,"sessionId":"8d41df9a-f610-4069-a113-495b4def2947","receivedFrameCount":318},{"replicaId":2,"sessionId":"088eee22-4caf-435b-b253-1d33c5350ad5","receivedFrameCount":308},{"replicaId":3,"sessionId":"f9732eeb-5228-4468-b135-41f482fd70ea","receivedFrameCount":111}] 
  --- sample timeline (t_ms, nodeCounts, sendCounts[chromium,firefox,webkit], bufferedAmountNow, serverNodeCount, serverFrameCounts) ---
  t=3070ms nodes=[63,63,63] sendCounts=[19,18,18] buffered=[0,0,0] server=64 serverFrameCounts=[{"replicaId":1,"sessionId":"8d41df9a-f610-4069-a113-495b4def2947","receivedFrameCount":18},{"replicaId":2,"sessionId":"088eee22-4caf-435b-b253-1d33c5350ad5","receivedFrameCount":17},{"replicaId":3,"sessionId":"f9732eeb-5228-4468-b135-41f482fd70ea","receivedFrameCount":16}]
  t=6035ms nodes=[106,106,106] sendCounts=[35,33,33] buffered=[0,0,0] server=108 serverFrameCounts=[{"replicaId":1,"sessionId":"8d41df9a-f610-4069-a113-495b4def2947","receivedFrameCount":34},{"replicaId":2,"sessionId":"088eee22-4caf-435b-b253-1d33c5350ad5","receivedFrameCount":32},{"replicaId":3,"sessionId":"f9732eeb-5228-4468-b135-41f482fd70ea","receivedFrameCount":32}]
  t=9059ms nodes=[150,150,150] sendCounts=[51,49,48] buffered=[0,0,0] server=151 serverFrameCounts=[{"replicaId":1,"sessionId":"8d41df9a-f610-4069-a113-495b4def2947","receivedFrameCount":50},{"replicaId":2,"sessionId":"088eee22-4caf-435b-b253-1d33c5350ad5","receivedFrameCount":47},{"replicaId":3,"sessionId":"f9732eeb-5228-4468-b135-41f482fd70ea","receivedFrameCount":47}]
  t=12048ms nodes=[194,194,194] sendCounts=[67,64,64] buffered=[0,0,0] server=194 serverFrameCounts=[{"replicaId":1,"sessionId":"8d41df9a-f610-4069-a113-495b4def2947","receivedFrameCount":65},{"replicaId":2,"sessionId":"088eee22-4caf-435b-b253-1d33c5350ad5","receivedFrameCount":62},{"replicaId":3,"sessionId":"f9732eeb-5228-4468-b135-41f482fd70ea","receivedFrameCount":63}]
  t=15067ms nodes=[237,237,237] sendCounts=[82,80,79] buffered=[0,0,0] server=239 serverFrameCounts=[{"replicaId":1,"sessionId":"8d41df9a-f610-4069-a113-495b4def2947","receivedFrameCount":81},{"replicaId":2,"sessionId":"088eee22-4caf-435b-b253-1d33c5350ad5","receivedFrameCount":78},{"replicaId":3,"sessionId":"f9732eeb-5228-4468-b135-41f482fd70ea","receivedFrameCount":79}]
  t=18060ms nodes=[282,282,282] sendCounts=[98,96,95] buffered=[0,0,0] server=282 serverFrameCounts=[{"replicaId":1,"sessionId":"8d41df9a-f610-4069-a113-495b4def2947","receivedFrameCount":97},{"replicaId":2,"sessionId":"088eee22-4caf-435b-b253-1d33c5350ad5","receivedFrameCount":93},{"replicaId":3,"sessionId":"f9732eeb-5228-4468-b135-41f482fd70ea","receivedFrameCount":94}]
  t=21061ms nodes=[326,325,326] sendCounts=[114,111,110] buffered=[0,0,0] server=326 serverFrameCounts=[{"replicaId":1,"sessionId":"8d41df9a-f610-4069-a113-495b4def2947","receivedFrameCount":112},{"replicaId":2,"sessionId":"088eee22-4caf-435b-b253-1d33c5350ad5","receivedFrameCount":109},{"replicaId":3,"sessionId":"f9732eeb-5228-4468-b135-41f482fd70ea","receivedFrameCount":110}]
  t=24073ms nodes=[355,369,355] sendCounts=[129,127,126] buffered=[0,0,0] server=355 serverFrameCounts=[{"replicaId":1,"sessionId":"8d41df9a-f610-4069-a113-495b4def2947","receivedFrameCount":128},{"replicaId":2,"sessionId":"088eee22-4caf-435b-b253-1d33c5350ad5","receivedFrameCount":124},{"replicaId":3,"sessionId":"f9732eeb-5228-4468-b135-41f482fd70ea","receivedFrameCount":111}]
  t=27069ms nodes=[384,413,384] sendCounts=[145,143,141] buffered=[0,0,0] server=385 serverFrameCounts=[{"replicaId":1,"sessionId":"8d41df9a-f610-4069-a113-495b4def2947","receivedFrameCount":144},{"replicaId":2,"sessionId":"088eee22-4caf-435b-b253-1d33c5350ad5","receivedFrameCount":140},{"replicaId":3,"sessionId":"f9732eeb-5228-4468-b135-41f482fd70ea","receivedFrameCount":111}]
  t=30091ms nodes=[413,456,413] sendCounts=[161,158,156] buffered=[0,0,0] server=413 serverFrameCounts=[{"replicaId":1,"sessionId":"8d41df9a-f610-4069-a113-495b4def2947","receivedFrameCount":159},{"replicaId":2,"sessionId":"088eee22-4caf-435b-b253-1d33c5350ad5","receivedFrameCount":155},{"replicaId":3,"sessionId":"f9732eeb-5228-4468-b135-41f482fd70ea","receivedFrameCount":111}]
  t=33097ms nodes=[443,501,443] sendCounts=[177,174,172] buffered=[0,0,0] server=443 serverFrameCounts=[{"replicaId":1,"sessionId":"8d41df9a-f610-4069-a113-495b4def2947","receivedFrameCount":175},{"replicaId":2,"sessionId":"088eee22-4caf-435b-b253-1d33c5350ad5","receivedFrameCount":171},{"replicaId":3,"sessionId":"f9732eeb-5228-4468-b135-41f482fd70ea","receivedFrameCount":111}]
  t=36106ms nodes=[471,545,472] sendCounts=[192,190,187] buffered=[0,0,0] server=472 serverFrameCounts=[{"replicaId":1,"sessionId":"8d41df9a-f610-4069-a113-495b4def2947","receivedFrameCount":191},{"replicaId":2,"sessionId":"088eee22-4caf-435b-b253-1d33c5350ad5","receivedFrameCount":186},{"replicaId":3,"sessionId":"f9732eeb-5228-4468-b135-41f482fd70ea","receivedFrameCount":111}]
  t=39105ms nodes=[501,589,501] sendCounts=[208,206,203] buffered=[0,0,0] server=501 serverFrameCounts=[{"replicaId":1,"sessionId":"8d41df9a-f610-4069-a113-495b4def2947","receivedFrameCount":207},{"replicaId":2,"sessionId":"088eee22-4caf-435b-b253-1d33c5350ad5","receivedFrameCount":201},{"replicaId":3,"sessionId":"f9732eeb-5228-4468-b135-41f482fd70ea","receivedFrameCount":111}]
  t=42107ms nodes=[530,632,530] sendCounts=[224,221,218] buffered=[0,0,0] server=529 serverFrameCounts=[{"replicaId":1,"sessionId":"8d41df9a-f610-4069-a113-495b4def2947","receivedFrameCount":222},{"replicaId":2,"sessionId":"088eee22-4caf-435b-b253-1d33c5350ad5","receivedFrameCount":216},{"replicaId":3,"sessionId":"f9732eeb-5228-4468-b135-41f482fd70ea","receivedFrameCount":111}]
  t=45107ms nodes=[559,676,559] sendCounts=[240,237,233] buffered=[0,0,0] server=559 serverFrameCounts=[{"replicaId":1,"sessionId":"8d41df9a-f610-4069-a113-495b4def2947","receivedFrameCount":238},{"replicaId":2,"sessionId":"088eee22-4caf-435b-b253-1d33c5350ad5","receivedFrameCount":232},{"replicaId":3,"sessionId":"f9732eeb-5228-4468-b135-41f482fd70ea","receivedFrameCount":111}]
  t=48120ms nodes=[587,720,588] sendCounts=[255,253,248] buffered=[0,0,0] server=588 serverFrameCounts=[{"replicaId":1,"sessionId":"8d41df9a-f610-4069-a113-495b4def2947","receivedFrameCount":254},{"replicaId":2,"sessionId":"088eee22-4caf-435b-b253-1d33c5350ad5","receivedFrameCount":247},{"replicaId":3,"sessionId":"f9732eeb-5228-4468-b135-41f482fd70ea","receivedFrameCount":111}]
  t=51119ms nodes=[617,763,617] sendCounts=[271,268,264] buffered=[0,0,0] server=617 serverFrameCounts=[{"replicaId":1,"sessionId":"8d41df9a-f610-4069-a113-495b4def2947","receivedFrameCount":270},{"replicaId":2,"sessionId":"088eee22-4caf-435b-b253-1d33c5350ad5","receivedFrameCount":262},{"replicaId":3,"sessionId":"f9732eeb-5228-4468-b135-41f482fd70ea","receivedFrameCount":111}]
  t=54121ms nodes=[646,807,646] sendCounts=[287,284,279] buffered=[0,0,0] server=646 serverFrameCounts=[{"replicaId":1,"sessionId":"8d41df9a-f610-4069-a113-495b4def2947","receivedFrameCount":286},{"replicaId":2,"sessionId":"088eee22-4caf-435b-b253-1d33c5350ad5","receivedFrameCount":277},{"replicaId":3,"sessionId":"f9732eeb-5228-4468-b135-41f482fd70ea","receivedFrameCount":111}]
  t=57259ms nodes=[675,851,675] sendCounts=[303,300,294] buffered=[0,0,0] server=676 serverFrameCounts=[{"replicaId":1,"sessionId":"8d41df9a-f610-4069-a113-495b4def2947","receivedFrameCount":302},{"replicaId":2,"sessionId":"088eee22-4caf-435b-b253-1d33c5350ad5","receivedFrameCount":293},{"replicaId":3,"sessionId":"f9732eeb-5228-4468-b135-41f482fd70ea","receivedFrameCount":111}]
  t=60132ms nodes=[703,894,702] sendCounts=[318,315,308] buffered=[0,0,0] server=703 serverFrameCounts=[{"replicaId":1,"sessionId":"8d41df9a-f610-4069-a113-495b4def2947","receivedFrameCount":317},{"replicaId":2,"sessionId":"088eee22-4caf-435b-b253-1d33c5350ad5","receivedFrameCount":307},{"replicaId":3,"sessionId":"f9732eeb-5228-4468-b135-41f482fd70ea","receivedFrameCount":111}]
{"ts":"2026-08-31T12:57:50.458Z","level":"info","message":"ws.disconnect","documentId":"60522967-d491-46d6-ab5e-ad1d1260dd83","sessionId":"8d41df9a-f610-4069-a113-495b4def2947","code":1001}
{"ts":"2026-08-31T12:57:50.461Z","level":"info","message":"ws.disconnect","documentId":"60522967-d491-46d6-ab5e-ad1d1260dd83","sessionId":"088eee22-4caf-435b-b253-1d33c5350ad5","code":1001}
{"ts":"2026-08-31T12:57:50.892Z","level":"info","message":"server.listening","port":61607}
{"ts":"2026-08-31T12:57:53.807Z","level":"info","message":"ws.open","sessionId":"20ae9998-9ecb-40af-b61e-488292b6fb8c"}
{"ts":"2026-08-31T12:57:53.827Z","level":"info","message":"ws.open","sessionId":"248c31b8-39bc-4648-a100-b6fbb068364f"}
{"ts":"2026-08-31T12:57:53.892Z","level":"info","message":"ws.connect","documentId":"232be431-f748-496a-997a-c6a8fec1ae18","sessionId":"20ae9998-9ecb-40af-b61e-488292b6fb8c","replicaId":1}
{"ts":"2026-08-31T12:57:53.922Z","level":"info","message":"ws.connect","documentId":"232be431-f748-496a-997a-c6a8fec1ae18","sessionId":"248c31b8-39bc-4648-a100-b6fbb068364f","replicaId":2}
{"ts":"2026-08-31T12:57:54.074Z","level":"info","message":"ws.syncComplete","documentId":"232be431-f748-496a-997a-c6a8fec1ae18","sessionId":"20ae9998-9ecb-40af-b61e-488292b6fb8c","lastServerSeq":0,"resentCount":0}
{"ts":"2026-08-31T12:57:54.141Z","level":"info","message":"ws.syncComplete","documentId":"232be431-f748-496a-997a-c6a8fec1ae18","sessionId":"248c31b8-39bc-4648-a100-b6fbb068364f","lastServerSeq":0,"resentCount":0}
{"ts":"2026-08-31T12:57:54.336Z","level":"info","message":"ws.open","sessionId":"bbe118a4-8dee-497c-a19b-ee1f56d1d526"}
{"ts":"2026-08-31T12:57:54.442Z","level":"info","message":"ws.connect","documentId":"232be431-f748-496a-997a-c6a8fec1ae18","sessionId":"bbe118a4-8dee-497c-a19b-ee1f56d1d526","replicaId":3}
{"ts":"2026-08-31T12:57:54.644Z","level":"info","message":"ws.syncComplete","documentId":"232be431-f748-496a-997a-c6a8fec1ae18","sessionId":"bbe118a4-8dee-497c-a19b-ee1f56d1d526","lastServerSeq":0,"resentCount":0}
[SENDVSRECV-NATIVE] iter 1 order=["chromium","firefox","webkit"]: OK domLen=[893,893,893] pending=[0,0,0] finalSendCounts(chromium,firefox,webkit)=[318,317,308] finalReplicaIds(chromium,firefox,webkit)=[1,3,2] finalServerFrameCounts=[{"replicaId":1,"sessionId":"20ae9998-9ecb-40af-b61e-488292b6fb8c","receivedFrameCount":317},{"replicaId":2,"sessionId":"248c31b8-39bc-4648-a100-b6fbb068364f","receivedFrameCount":307},{"replicaId":3,"sessionId":"bbe118a4-8dee-497c-a19b-ee1f56d1d526","receivedFrameCount":316}] 
{"ts":"2026-08-31T12:58:58.108Z","level":"info","message":"ws.disconnect","documentId":"232be431-f748-496a-997a-c6a8fec1ae18","sessionId":"20ae9998-9ecb-40af-b61e-488292b6fb8c","code":1001}
{"ts":"2026-08-31T12:58:58.154Z","level":"info","message":"ws.disconnect","documentId":"232be431-f748-496a-997a-c6a8fec1ae18","sessionId":"248c31b8-39bc-4648-a100-b6fbb068364f","code":1006}
{"ts":"2026-08-31T12:58:58.179Z","level":"info","message":"ws.disconnect","documentId":"232be431-f748-496a-997a-c6a8fec1ae18","sessionId":"bbe118a4-8dee-497c-a19b-ee1f56d1d526","code":1001}
{"ts":"2026-08-31T12:58:58.578Z","level":"info","message":"server.listening","port":60573}
{"ts":"2026-08-31T12:59:01.287Z","level":"info","message":"ws.open","sessionId":"a4c95e97-aba3-4f58-8745-ef4529131f4a"}
{"ts":"2026-08-31T12:59:01.316Z","level":"info","message":"ws.open","sessionId":"5b5b1271-1ac8-4479-ae62-88d770370436"}
{"ts":"2026-08-31T12:59:01.397Z","level":"info","message":"ws.connect","documentId":"a6f1e430-28fc-4233-8c9b-bd27de481dbf","sessionId":"5b5b1271-1ac8-4479-ae62-88d770370436","replicaId":1}
{"ts":"2026-08-31T12:59:01.411Z","level":"info","message":"ws.connect","documentId":"a6f1e430-28fc-4233-8c9b-bd27de481dbf","sessionId":"a4c95e97-aba3-4f58-8745-ef4529131f4a","replicaId":2}
{"ts":"2026-08-31T12:59:01.567Z","level":"info","message":"ws.syncComplete","documentId":"a6f1e430-28fc-4233-8c9b-bd27de481dbf","sessionId":"5b5b1271-1ac8-4479-ae62-88d770370436","lastServerSeq":0,"resentCount":0}
{"ts":"2026-08-31T12:59:01.596Z","level":"info","message":"ws.syncComplete","documentId":"a6f1e430-28fc-4233-8c9b-bd27de481dbf","sessionId":"a4c95e97-aba3-4f58-8745-ef4529131f4a","lastServerSeq":0,"resentCount":0}
{"ts":"2026-08-31T12:59:01.851Z","level":"info","message":"ws.open","sessionId":"f4b206d1-1fd8-40e7-a5f5-5dc176afe508"}
{"ts":"2026-08-31T12:59:01.950Z","level":"info","message":"ws.connect","documentId":"a6f1e430-28fc-4233-8c9b-bd27de481dbf","sessionId":"f4b206d1-1fd8-40e7-a5f5-5dc176afe508","replicaId":3}
{"ts":"2026-08-31T12:59:02.173Z","level":"info","message":"ws.syncComplete","documentId":"a6f1e430-28fc-4233-8c9b-bd27de481dbf","sessionId":"f4b206d1-1fd8-40e7-a5f5-5dc176afe508","lastServerSeq":0,"resentCount":0}
[SENDVSRECV-NATIVE] iter 2 order=["chromium","firefox","webkit"]: OK domLen=[893,893,893] pending=[0,0,0] finalSendCounts(chromium,firefox,webkit)=[318,316,309] finalReplicaIds(chromium,firefox,webkit)=[1,3,2] finalServerFrameCounts=[{"replicaId":1,"sessionId":"5b5b1271-1ac8-4479-ae62-88d770370436","receivedFrameCount":317},{"replicaId":2,"sessionId":"a4c95e97-aba3-4f58-8745-ef4529131f4a","receivedFrameCount":308},{"replicaId":3,"sessionId":"f4b206d1-1fd8-40e7-a5f5-5dc176afe508","receivedFrameCount":315}] 
{"ts":"2026-08-31T13:00:05.507Z","level":"info","message":"ws.disconnect","documentId":"a6f1e430-28fc-4233-8c9b-bd27de481dbf","sessionId":"5b5b1271-1ac8-4479-ae62-88d770370436","code":1001}
{"ts":"2026-08-31T13:00:05.556Z","level":"info","message":"ws.disconnect","documentId":"a6f1e430-28fc-4233-8c9b-bd27de481dbf","sessionId":"a4c95e97-aba3-4f58-8745-ef4529131f4a","code":1006}
{"ts":"2026-08-31T13:00:05.564Z","level":"info","message":"ws.disconnect","documentId":"a6f1e430-28fc-4233-8c9b-bd27de481dbf","sessionId":"f4b206d1-1fd8-40e7-a5f5-5dc176afe508","code":1001}
{"ts":"2026-08-31T13:00:05.965Z","level":"info","message":"server.listening","port":59843}
{"ts":"2026-08-31T13:00:08.536Z","level":"info","message":"ws.open","sessionId":"ffdd0c7f-9b96-4ce6-aee3-91a2daefea5c"}
{"ts":"2026-08-31T13:00:08.609Z","level":"info","message":"ws.open","sessionId":"aff4f896-0a71-4569-83ad-c66ae56ec9c9"}
{"ts":"2026-08-31T13:00:08.622Z","level":"info","message":"ws.connect","documentId":"6ee165a7-1e92-4718-b969-cb6b683fa310","sessionId":"ffdd0c7f-9b96-4ce6-aee3-91a2daefea5c","replicaId":1}
{"ts":"2026-08-31T13:00:08.735Z","level":"info","message":"ws.connect","documentId":"6ee165a7-1e92-4718-b969-cb6b683fa310","sessionId":"aff4f896-0a71-4569-83ad-c66ae56ec9c9","replicaId":2}
{"ts":"2026-08-31T13:00:08.799Z","level":"info","message":"ws.syncComplete","documentId":"6ee165a7-1e92-4718-b969-cb6b683fa310","sessionId":"ffdd0c7f-9b96-4ce6-aee3-91a2daefea5c","lastServerSeq":0,"resentCount":0}
{"ts":"2026-08-31T13:00:08.953Z","level":"info","message":"ws.syncComplete","documentId":"6ee165a7-1e92-4718-b969-cb6b683fa310","sessionId":"aff4f896-0a71-4569-83ad-c66ae56ec9c9","lastServerSeq":0,"resentCount":0}
{"ts":"2026-08-31T13:00:09.137Z","level":"info","message":"ws.open","sessionId":"742280cd-2738-4893-bbde-6146c3e99825"}
{"ts":"2026-08-31T13:00:09.256Z","level":"info","message":"ws.connect","documentId":"6ee165a7-1e92-4718-b969-cb6b683fa310","sessionId":"742280cd-2738-4893-bbde-6146c3e99825","replicaId":3}
{"ts":"2026-08-31T13:00:09.441Z","level":"info","message":"ws.syncComplete","documentId":"6ee165a7-1e92-4718-b969-cb6b683fa310","sessionId":"742280cd-2738-4893-bbde-6146c3e99825","lastServerSeq":0,"resentCount":0}
[SENDVSRECV-NATIVE] iter 3 order=["chromium","firefox","webkit"]: OK domLen=[893,893,893] pending=[0,0,0] finalSendCounts(chromium,firefox,webkit)=[318,317,308] finalReplicaIds(chromium,firefox,webkit)=[1,3,2] finalServerFrameCounts=[{"replicaId":1,"sessionId":"ffdd0c7f-9b96-4ce6-aee3-91a2daefea5c","receivedFrameCount":317},{"replicaId":2,"sessionId":"aff4f896-0a71-4569-83ad-c66ae56ec9c9","receivedFrameCount":307},{"replicaId":3,"sessionId":"742280cd-2738-4893-bbde-6146c3e99825","receivedFrameCount":316}] 
{"ts":"2026-08-31T13:01:12.806Z","level":"info","message":"ws.disconnect","documentId":"6ee165a7-1e92-4718-b969-cb6b683fa310","sessionId":"ffdd0c7f-9b96-4ce6-aee3-91a2daefea5c","code":1001}
{"ts":"2026-08-31T13:01:12.817Z","level":"info","message":"ws.disconnect","documentId":"6ee165a7-1e92-4718-b969-cb6b683fa310","sessionId":"aff4f896-0a71-4569-83ad-c66ae56ec9c9","code":1001}
{"ts":"2026-08-31T13:01:12.871Z","level":"info","message":"ws.disconnect","documentId":"6ee165a7-1e92-4718-b969-cb6b683fa310","sessionId":"742280cd-2738-4893-bbde-6146c3e99825","code":1001}
{"ts":"2026-08-31T13:01:13.271Z","level":"info","message":"server.listening","port":60998}
{"ts":"2026-08-31T13:01:15.910Z","level":"info","message":"ws.open","sessionId":"9e9bcde2-9dec-41a4-845b-8165807f8bfd"}
{"ts":"2026-08-31T13:01:15.925Z","level":"info","message":"ws.open","sessionId":"9c25b6dd-76b7-4c42-872c-a7d3b1d13117"}
{"ts":"2026-08-31T13:01:16.007Z","level":"info","message":"ws.connect","documentId":"21cfa805-bca3-4916-a37e-26a0c0736411","sessionId":"9e9bcde2-9dec-41a4-845b-8165807f8bfd","replicaId":1}
{"ts":"2026-08-31T13:01:16.050Z","level":"info","message":"ws.connect","documentId":"21cfa805-bca3-4916-a37e-26a0c0736411","sessionId":"9c25b6dd-76b7-4c42-872c-a7d3b1d13117","replicaId":2}
{"ts":"2026-08-31T13:01:16.193Z","level":"info","message":"ws.syncComplete","documentId":"21cfa805-bca3-4916-a37e-26a0c0736411","sessionId":"9e9bcde2-9dec-41a4-845b-8165807f8bfd","lastServerSeq":0,"resentCount":0}
{"ts":"2026-08-31T13:01:16.270Z","level":"info","message":"ws.syncComplete","documentId":"21cfa805-bca3-4916-a37e-26a0c0736411","sessionId":"9c25b6dd-76b7-4c42-872c-a7d3b1d13117","lastServerSeq":0,"resentCount":0}
{"ts":"2026-08-31T13:01:16.514Z","level":"info","message":"ws.open","sessionId":"cfa5ecda-1514-4987-bb5a-bdad0708fa61"}
{"ts":"2026-08-31T13:01:16.617Z","level":"info","message":"ws.connect","documentId":"21cfa805-bca3-4916-a37e-26a0c0736411","sessionId":"cfa5ecda-1514-4987-bb5a-bdad0708fa61","replicaId":3}
{"ts":"2026-08-31T13:01:16.826Z","level":"info","message":"ws.syncComplete","documentId":"21cfa805-bca3-4916-a37e-26a0c0736411","sessionId":"cfa5ecda-1514-4987-bb5a-bdad0708fa61","lastServerSeq":0,"resentCount":0}
[SENDVSRECV-NATIVE] iter 4 order=["chromium","firefox","webkit"]: OK domLen=[891,891,891] pending=[0,0,0] finalSendCounts(chromium,firefox,webkit)=[318,315,308] finalReplicaIds(chromium,firefox,webkit)=[1,3,2] finalServerFrameCounts=[{"replicaId":1,"sessionId":"9e9bcde2-9dec-41a4-845b-8165807f8bfd","receivedFrameCount":317},{"replicaId":2,"sessionId":"9c25b6dd-76b7-4c42-872c-a7d3b1d13117","receivedFrameCount":307},{"replicaId":3,"sessionId":"cfa5ecda-1514-4987-bb5a-bdad0708fa61","receivedFrameCount":314}] 
{"ts":"2026-08-31T13:02:20.187Z","level":"info","message":"ws.disconnect","documentId":"21cfa805-bca3-4916-a37e-26a0c0736411","sessionId":"9e9bcde2-9dec-41a4-845b-8165807f8bfd","code":1001}
{"ts":"2026-08-31T13:02:20.204Z","level":"info","message":"ws.disconnect","documentId":"21cfa805-bca3-4916-a37e-26a0c0736411","sessionId":"9c25b6dd-76b7-4c42-872c-a7d3b1d13117","code":1001}
{"ts":"2026-08-31T13:02:20.257Z","level":"info","message":"ws.disconnect","documentId":"21cfa805-bca3-4916-a37e-26a0c0736411","sessionId":"cfa5ecda-1514-4987-bb5a-bdad0708fa61","code":1001}
{"ts":"2026-08-31T13:02:20.684Z","level":"info","message":"server.listening","port":60921}
{"ts":"2026-08-31T13:02:23.784Z","level":"info","message":"ws.open","sessionId":"586cd9b3-775d-46a1-b434-6219e8aa4269"}
{"ts":"2026-08-31T13:02:23.798Z","level":"info","message":"ws.open","sessionId":"76ea531e-fceb-4f3e-8c25-0f617ff93c70"}
{"ts":"2026-08-31T13:02:23.878Z","level":"info","message":"ws.connect","documentId":"f3389254-7e22-4447-96a0-65de006cee6f","sessionId":"586cd9b3-775d-46a1-b434-6219e8aa4269","replicaId":1}
{"ts":"2026-08-31T13:02:23.922Z","level":"info","message":"ws.connect","documentId":"f3389254-7e22-4447-96a0-65de006cee6f","sessionId":"76ea531e-fceb-4f3e-8c25-0f617ff93c70","replicaId":2}
{"ts":"2026-08-31T13:02:24.056Z","level":"info","message":"ws.syncComplete","documentId":"f3389254-7e22-4447-96a0-65de006cee6f","sessionId":"586cd9b3-775d-46a1-b434-6219e8aa4269","lastServerSeq":0,"resentCount":0}
{"ts":"2026-08-31T13:02:24.109Z","level":"info","message":"ws.syncComplete","documentId":"f3389254-7e22-4447-96a0-65de006cee6f","sessionId":"76ea531e-fceb-4f3e-8c25-0f617ff93c70","lastServerSeq":0,"resentCount":0}
{"ts":"2026-08-31T13:02:24.446Z","level":"info","message":"ws.open","sessionId":"70fb0090-5af9-487b-92a6-fa8988336623"}
{"ts":"2026-08-31T13:02:24.536Z","level":"info","message":"ws.connect","documentId":"f3389254-7e22-4447-96a0-65de006cee6f","sessionId":"70fb0090-5af9-487b-92a6-fa8988336623","replicaId":3}
{"ts":"2026-08-31T13:02:24.733Z","level":"info","message":"ws.syncComplete","documentId":"f3389254-7e22-4447-96a0-65de006cee6f","sessionId":"70fb0090-5af9-487b-92a6-fa8988336623","lastServerSeq":0,"resentCount":0}
[SENDVSRECV-NATIVE] iter 5 order=["chromium","firefox","webkit"]: OK domLen=[891,891,891] pending=[0,0,0] finalSendCounts(chromium,firefox,webkit)=[318,316,307] finalReplicaIds(chromium,firefox,webkit)=[1,3,2] finalServerFrameCounts=[{"replicaId":1,"sessionId":"586cd9b3-775d-46a1-b434-6219e8aa4269","receivedFrameCount":317},{"replicaId":2,"sessionId":"76ea531e-fceb-4f3e-8c25-0f617ff93c70","receivedFrameCount":306},{"replicaId":3,"sessionId":"70fb0090-5af9-487b-92a6-fa8988336623","receivedFrameCount":315}] 
{"ts":"2026-08-31T13:03:28.122Z","level":"info","message":"ws.disconnect","documentId":"f3389254-7e22-4447-96a0-65de006cee6f","sessionId":"586cd9b3-775d-46a1-b434-6219e8aa4269","code":1001}
{"ts":"2026-08-31T13:03:28.164Z","level":"info","message":"ws.disconnect","documentId":"f3389254-7e22-4447-96a0-65de006cee6f","sessionId":"76ea531e-fceb-4f3e-8c25-0f617ff93c70","code":1006}
{"ts":"2026-08-31T13:03:28.188Z","level":"info","message":"ws.disconnect","documentId":"f3389254-7e22-4447-96a0-65de006cee6f","sessionId":"70fb0090-5af9-487b-92a6-fa8988336623","code":1001}
{"ts":"2026-08-31T13:03:28.620Z","level":"info","message":"server.listening","port":63818}
{"ts":"2026-08-31T13:03:31.851Z","level":"info","message":"ws.open","sessionId":"8114dbfb-8d6e-4e80-ac69-93de1e0536b0"}
{"ts":"2026-08-31T13:03:31.870Z","level":"info","message":"ws.open","sessionId":"c13f3cca-4205-4cab-9ce6-d232c1163d1e"}
{"ts":"2026-08-31T13:03:31.949Z","level":"info","message":"ws.connect","documentId":"c7bb0153-ecae-4ccb-8ab8-c782cc4aa680","sessionId":"8114dbfb-8d6e-4e80-ac69-93de1e0536b0","replicaId":1}
{"ts":"2026-08-31T13:03:31.993Z","level":"info","message":"ws.connect","documentId":"c7bb0153-ecae-4ccb-8ab8-c782cc4aa680","sessionId":"c13f3cca-4205-4cab-9ce6-d232c1163d1e","replicaId":2}
{"ts":"2026-08-31T13:03:32.135Z","level":"info","message":"ws.syncComplete","documentId":"c7bb0153-ecae-4ccb-8ab8-c782cc4aa680","sessionId":"8114dbfb-8d6e-4e80-ac69-93de1e0536b0","lastServerSeq":0,"resentCount":0}
{"ts":"2026-08-31T13:03:32.179Z","level":"info","message":"ws.syncComplete","documentId":"c7bb0153-ecae-4ccb-8ab8-c782cc4aa680","sessionId":"c13f3cca-4205-4cab-9ce6-d232c1163d1e","lastServerSeq":0,"resentCount":0}
{"ts":"2026-08-31T13:03:32.605Z","level":"info","message":"ws.open","sessionId":"be7265ed-a54d-43f6-bd34-4fa030c4df00"}
{"ts":"2026-08-31T13:03:32.706Z","level":"info","message":"ws.connect","documentId":"c7bb0153-ecae-4ccb-8ab8-c782cc4aa680","sessionId":"be7265ed-a54d-43f6-bd34-4fa030c4df00","replicaId":3}
{"ts":"2026-08-31T13:03:33.002Z","level":"info","message":"ws.syncComplete","documentId":"c7bb0153-ecae-4ccb-8ab8-c782cc4aa680","sessionId":"be7265ed-a54d-43f6-bd34-4fa030c4df00","lastServerSeq":0,"resentCount":0}
[SENDVSRECV-NATIVE] iter 6 order=["chromium","firefox","webkit"]: OK domLen=[893,893,893] pending=[0,0,0] finalSendCounts(chromium,firefox,webkit)=[318,316,309] finalReplicaIds(chromium,firefox,webkit)=[1,3,2] finalServerFrameCounts=[{"replicaId":1,"sessionId":"8114dbfb-8d6e-4e80-ac69-93de1e0536b0","receivedFrameCount":317},{"replicaId":2,"sessionId":"c13f3cca-4205-4cab-9ce6-d232c1163d1e","receivedFrameCount":308},{"replicaId":3,"sessionId":"be7265ed-a54d-43f6-bd34-4fa030c4df00","receivedFrameCount":315}] 
{"ts":"2026-08-31T13:04:36.325Z","level":"info","message":"ws.disconnect","documentId":"c7bb0153-ecae-4ccb-8ab8-c782cc4aa680","sessionId":"8114dbfb-8d6e-4e80-ac69-93de1e0536b0","code":1001}
{"ts":"2026-08-31T13:04:36.348Z","level":"info","message":"ws.disconnect","documentId":"c7bb0153-ecae-4ccb-8ab8-c782cc4aa680","sessionId":"c13f3cca-4205-4cab-9ce6-d232c1163d1e","code":1001}
{"ts":"2026-08-31T13:04:36.380Z","level":"info","message":"ws.disconnect","documentId":"c7bb0153-ecae-4ccb-8ab8-c782cc4aa680","sessionId":"be7265ed-a54d-43f6-bd34-4fa030c4df00","code":1001}
{"ts":"2026-08-31T13:04:36.771Z","level":"info","message":"server.listening","port":62716}
{"ts":"2026-08-31T13:04:39.591Z","level":"info","message":"ws.open","sessionId":"fab800fe-da1c-4c8a-853f-40d4971dfaa6"}
{"ts":"2026-08-31T13:04:39.601Z","level":"info","message":"ws.open","sessionId":"a88988d3-b714-4e89-b032-60c78da3cf13"}
{"ts":"2026-08-31T13:04:39.687Z","level":"info","message":"ws.connect","documentId":"94e44427-bfed-484c-a65b-2884e8fbf8a2","sessionId":"a88988d3-b714-4e89-b032-60c78da3cf13","replicaId":1}
{"ts":"2026-08-31T13:04:39.716Z","level":"info","message":"ws.connect","documentId":"94e44427-bfed-484c-a65b-2884e8fbf8a2","sessionId":"fab800fe-da1c-4c8a-853f-40d4971dfaa6","replicaId":2}
{"ts":"2026-08-31T13:04:39.860Z","level":"info","message":"ws.syncComplete","documentId":"94e44427-bfed-484c-a65b-2884e8fbf8a2","sessionId":"a88988d3-b714-4e89-b032-60c78da3cf13","lastServerSeq":0,"resentCount":0}
{"ts":"2026-08-31T13:04:39.906Z","level":"info","message":"ws.syncComplete","documentId":"94e44427-bfed-484c-a65b-2884e8fbf8a2","sessionId":"fab800fe-da1c-4c8a-853f-40d4971dfaa6","lastServerSeq":0,"resentCount":0}
{"ts":"2026-08-31T13:04:40.163Z","level":"info","message":"ws.open","sessionId":"97f2ae1b-bf29-48dd-b22f-5908f0d40618"}
{"ts":"2026-08-31T13:04:40.273Z","level":"info","message":"ws.connect","documentId":"94e44427-bfed-484c-a65b-2884e8fbf8a2","sessionId":"97f2ae1b-bf29-48dd-b22f-5908f0d40618","replicaId":3}
{"ts":"2026-08-31T13:04:40.476Z","level":"info","message":"ws.syncComplete","documentId":"94e44427-bfed-484c-a65b-2884e8fbf8a2","sessionId":"97f2ae1b-bf29-48dd-b22f-5908f0d40618","lastServerSeq":0,"resentCount":0}
{"ts":"2026-08-31T13:05:42.079Z","level":"warn","message":"presence.stale","sessionId":"fab800fe-da1c-4c8a-853f-40d4971dfaa6","replicaId":2,"thresholdMs":8000}
[SENDVSRECV-NATIVE] iter 7 order=["chromium","firefox","webkit"]: SERVER-CRASH: Error: integrate(): Case C reached with candidate 280:2 whose destination would have moved past 243:1 — this disproves Engine Spec §6.2 sub-case iii-d (Test Plan §14.2 MUT-KILL-01). domLen=[758,758,764] pending=[0,0,0] finalSendCounts(chromium,firefox,webkit)=[311,303,219] finalReplicaIds(chromium,firefox,webkit)=[1,3,2] finalServerFrameCounts=[{"replicaId":1,"sessionId":"a88988d3-b714-4e89-b032-60c78da3cf13","receivedFrameCount":310},{"replicaId":2,"sessionId":"fab800fe-da1c-4c8a-853f-40d4971dfaa6","receivedFrameCount":190},{"replicaId":3,"sessionId":"97f2ae1b-bf29-48dd-b22f-5908f0d40618","receivedFrameCount":302}] 
  --- sample timeline (t_ms, nodeCounts, sendCounts[chromium,firefox,webkit], bufferedAmountNow, serverNodeCount, serverFrameCounts) ---
  t=3017ms nodes=[63,63,63] sendCounts=[19,18,18] buffered=[0,0,0] server=65 serverFrameCounts=[{"replicaId":1,"sessionId":"a88988d3-b714-4e89-b032-60c78da3cf13","receivedFrameCount":18},{"replicaId":2,"sessionId":"fab800fe-da1c-4c8a-853f-40d4971dfaa6","receivedFrameCount":17},{"replicaId":3,"sessionId":"97f2ae1b-bf29-48dd-b22f-5908f0d40618","receivedFrameCount":17}]
  t=6032ms nodes=[107,107,107] sendCounts=[35,34,33] buffered=[0,0,0] server=108 serverFrameCounts=[{"replicaId":1,"sessionId":"a88988d3-b714-4e89-b032-60c78da3cf13","receivedFrameCount":34},{"replicaId":2,"sessionId":"fab800fe-da1c-4c8a-853f-40d4971dfaa6","receivedFrameCount":32},{"replicaId":3,"sessionId":"97f2ae1b-bf29-48dd-b22f-5908f0d40618","receivedFrameCount":32}]
  t=9039ms nodes=[152,151,152] sendCounts=[51,49,49] buffered=[0,0,0] server=151 serverFrameCounts=[{"replicaId":1,"sessionId":"a88988d3-b714-4e89-b032-60c78da3cf13","receivedFrameCount":49},{"replicaId":2,"sessionId":"fab800fe-da1c-4c8a-853f-40d4971dfaa6","receivedFrameCount":47},{"replicaId":3,"sessionId":"97f2ae1b-bf29-48dd-b22f-5908f0d40618","receivedFrameCount":48}]
  t=12047ms nodes=[195,195,195] sendCounts=[67,65,64] buffered=[0,0,0] server=196 serverFrameCounts=[{"replicaId":1,"sessionId":"a88988d3-b714-4e89-b032-60c78da3cf13","receivedFrameCount":65},{"replicaId":2,"sessionId":"fab800fe-da1c-4c8a-853f-40d4971dfaa6","receivedFrameCount":63},{"replicaId":3,"sessionId":"97f2ae1b-bf29-48dd-b22f-5908f0d40618","receivedFrameCount":64}]
  t=15058ms nodes=[239,239,239] sendCounts=[82,81,80] buffered=[0,0,0] server=240 serverFrameCounts=[{"replicaId":1,"sessionId":"a88988d3-b714-4e89-b032-60c78da3cf13","receivedFrameCount":81},{"replicaId":2,"sessionId":"fab800fe-da1c-4c8a-853f-40d4971dfaa6","receivedFrameCount":78},{"replicaId":3,"sessionId":"97f2ae1b-bf29-48dd-b22f-5908f0d40618","receivedFrameCount":80}]
  t=18155ms nodes=[282,281,282] sendCounts=[98,96,95] buffered=[0,0,0] server=283 serverFrameCounts=[{"replicaId":1,"sessionId":"a88988d3-b714-4e89-b032-60c78da3cf13","receivedFrameCount":97},{"replicaId":2,"sessionId":"fab800fe-da1c-4c8a-853f-40d4971dfaa6","receivedFrameCount":93},{"replicaId":3,"sessionId":"97f2ae1b-bf29-48dd-b22f-5908f0d40618","receivedFrameCount":95}]
  t=22038ms nodes=[324,324,323] sendCounts=[116,114,109] buffered=[0,0,0] server=333 serverFrameCounts=[{"replicaId":1,"sessionId":"a88988d3-b714-4e89-b032-60c78da3cf13","receivedFrameCount":116},{"replicaId":2,"sessionId":"fab800fe-da1c-4c8a-853f-40d4971dfaa6","receivedFrameCount":108},{"replicaId":3,"sessionId":"97f2ae1b-bf29-48dd-b22f-5908f0d40618","receivedFrameCount":114}]
  t=24584ms nodes=[356,356,335] sendCounts=[129,127,114] buffered=[0,0,0] server=360 serverFrameCounts=[{"replicaId":1,"sessionId":"a88988d3-b714-4e89-b032-60c78da3cf13","receivedFrameCount":129},{"replicaId":2,"sessionId":"fab800fe-da1c-4c8a-853f-40d4971dfaa6","receivedFrameCount":113},{"replicaId":3,"sessionId":"97f2ae1b-bf29-48dd-b22f-5908f0d40618","receivedFrameCount":126}]
  t=28070ms nodes=[385,386,363] sendCounts=[145,142,119] buffered=[0,0,0] server=393 serverFrameCounts=[{"replicaId":1,"sessionId":"a88988d3-b714-4e89-b032-60c78da3cf13","receivedFrameCount":145},{"replicaId":2,"sessionId":"fab800fe-da1c-4c8a-853f-40d4971dfaa6","receivedFrameCount":118},{"replicaId":3,"sessionId":"97f2ae1b-bf29-48dd-b22f-5908f0d40618","receivedFrameCount":141}]
  t=31142ms nodes=[415,416,373] sendCounts=[159,157,122] buffered=[0,0,0] server=424 serverFrameCounts=[{"replicaId":1,"sessionId":"a88988d3-b714-4e89-b032-60c78da3cf13","receivedFrameCount":161},{"replicaId":2,"sessionId":"fab800fe-da1c-4c8a-853f-40d4971dfaa6","receivedFrameCount":121},{"replicaId":3,"sessionId":"97f2ae1b-bf29-48dd-b22f-5908f0d40618","receivedFrameCount":155}]
  t=33988ms nodes=[447,448,407] sendCounts=[174,169,127] buffered=[0,0,0] server=455 serverFrameCounts=[{"replicaId":1,"sessionId":"a88988d3-b714-4e89-b032-60c78da3cf13","receivedFrameCount":175},{"replicaId":2,"sessionId":"fab800fe-da1c-4c8a-853f-40d4971dfaa6","receivedFrameCount":126},{"replicaId":3,"sessionId":"97f2ae1b-bf29-48dd-b22f-5908f0d40618","receivedFrameCount":170}]
  t=36444ms nodes=[480,480,448] sendCounts=[189,184,133] buffered=[0,0,0] server=483 serverFrameCounts=[{"replicaId":1,"sessionId":"a88988d3-b714-4e89-b032-60c78da3cf13","receivedFrameCount":188},{"replicaId":2,"sessionId":"fab800fe-da1c-4c8a-853f-40d4971dfaa6","receivedFrameCount":131},{"replicaId":3,"sessionId":"97f2ae1b-bf29-48dd-b22f-5908f0d40618","receivedFrameCount":183}]
  t=39702ms nodes=[515,515,501] sendCounts=[204,198,142] buffered=[0,0,0] server=522 serverFrameCounts=[{"replicaId":1,"sessionId":"a88988d3-b714-4e89-b032-60c78da3cf13","receivedFrameCount":205},{"replicaId":2,"sessionId":"fab800fe-da1c-4c8a-853f-40d4971dfaa6","receivedFrameCount":141},{"replicaId":3,"sessionId":"97f2ae1b-bf29-48dd-b22f-5908f0d40618","receivedFrameCount":198}]
  t=42397ms nodes=[551,551,541] sendCounts=[219,212,150] buffered=[0,0,0] server=554 serverFrameCounts=[{"replicaId":1,"sessionId":"a88988d3-b714-4e89-b032-60c78da3cf13","receivedFrameCount":219},{"replicaId":2,"sessionId":"fab800fe-da1c-4c8a-853f-40d4971dfaa6","receivedFrameCount":149},{"replicaId":3,"sessionId":"97f2ae1b-bf29-48dd-b22f-5908f0d40618","receivedFrameCount":211}]
  t=45738ms nodes=[585,585,572] sendCounts=[234,227,158] buffered=[0,0,0] server=591 serverFrameCounts=[{"replicaId":1,"sessionId":"a88988d3-b714-4e89-b032-60c78da3cf13","receivedFrameCount":235},{"replicaId":2,"sessionId":"fab800fe-da1c-4c8a-853f-40d4971dfaa6","receivedFrameCount":157},{"replicaId":3,"sessionId":"97f2ae1b-bf29-48dd-b22f-5908f0d40618","receivedFrameCount":227}]
  t=48271ms nodes=[618,618,604] sendCounts=[249,241,165] buffered=[0,0,0] server=621 serverFrameCounts=[{"replicaId":1,"sessionId":"a88988d3-b714-4e89-b032-60c78da3cf13","receivedFrameCount":248},{"replicaId":2,"sessionId":"fab800fe-da1c-4c8a-853f-40d4971dfaa6","receivedFrameCount":164},{"replicaId":3,"sessionId":"97f2ae1b-bf29-48dd-b22f-5908f0d40618","receivedFrameCount":240}]
  t=51338ms nodes=[657,657,641] sendCounts=[264,256,176] buffered=[0,0,0] server=659 serverFrameCounts=[{"replicaId":1,"sessionId":"a88988d3-b714-4e89-b032-60c78da3cf13","receivedFrameCount":263},{"replicaId":2,"sessionId":"fab800fe-da1c-4c8a-853f-40d4971dfaa6","receivedFrameCount":175},{"replicaId":3,"sessionId":"97f2ae1b-bf29-48dd-b22f-5908f0d40618","receivedFrameCount":255}]
  t=54231ms nodes=[698,698,683] sendCounts=[279,272,189] buffered=[0,0,0] server=699 serverFrameCounts=[{"replicaId":1,"sessionId":"a88988d3-b714-4e89-b032-60c78da3cf13","receivedFrameCount":278},{"replicaId":2,"sessionId":"fab800fe-da1c-4c8a-853f-40d4971dfaa6","receivedFrameCount":188},{"replicaId":3,"sessionId":"97f2ae1b-bf29-48dd-b22f-5908f0d40618","receivedFrameCount":270}]
  t=57304ms nodes=[729,729,723] sendCounts=[295,288,204] buffered=[0,0,0] server=730 serverFrameCounts=[{"replicaId":1,"sessionId":"a88988d3-b714-4e89-b032-60c78da3cf13","receivedFrameCount":294},{"replicaId":2,"sessionId":"fab800fe-da1c-4c8a-853f-40d4971dfaa6","receivedFrameCount":190},{"replicaId":3,"sessionId":"97f2ae1b-bf29-48dd-b22f-5908f0d40618","receivedFrameCount":286}]
  t=60164ms nodes=[758,758,764] sendCounts=[310,302,218] buffered=[0,0,0] server=758 serverFrameCounts=[{"replicaId":1,"sessionId":"a88988d3-b714-4e89-b032-60c78da3cf13","receivedFrameCount":309},{"replicaId":2,"sessionId":"fab800fe-da1c-4c8a-853f-40d4971dfaa6","receivedFrameCount":190},{"replicaId":3,"sessionId":"97f2ae1b-bf29-48dd-b22f-5908f0d40618","receivedFrameCount":301}]
{"ts":"2026-08-31T13:05:43.881Z","level":"info","message":"ws.disconnect","documentId":"94e44427-bfed-484c-a65b-2884e8fbf8a2","sessionId":"a88988d3-b714-4e89-b032-60c78da3cf13","code":1001}
{"ts":"2026-08-31T13:05:43.949Z","level":"info","message":"ws.disconnect","documentId":"94e44427-bfed-484c-a65b-2884e8fbf8a2","sessionId":"97f2ae1b-bf29-48dd-b22f-5908f0d40618","code":1001}
{"ts":"2026-08-31T13:05:44.414Z","level":"info","message":"server.listening","port":53819}
{"ts":"2026-08-31T13:05:47.864Z","level":"info","message":"ws.open","sessionId":"6dfe89c7-f787-45ad-8458-7fe1e4485cc4"}
{"ts":"2026-08-31T13:05:47.880Z","level":"info","message":"ws.open","sessionId":"a74f26d8-41e0-4286-849d-2a872482bbda"}
{"ts":"2026-08-31T13:05:47.978Z","level":"info","message":"ws.connect","documentId":"3e8bb1a6-82e0-4720-9074-205587d0f594","sessionId":"a74f26d8-41e0-4286-849d-2a872482bbda","replicaId":1}
{"ts":"2026-08-31T13:05:47.990Z","level":"info","message":"ws.connect","documentId":"3e8bb1a6-82e0-4720-9074-205587d0f594","sessionId":"6dfe89c7-f787-45ad-8458-7fe1e4485cc4","replicaId":2}
{"ts":"2026-08-31T13:05:48.164Z","level":"info","message":"ws.syncComplete","documentId":"3e8bb1a6-82e0-4720-9074-205587d0f594","sessionId":"a74f26d8-41e0-4286-849d-2a872482bbda","lastServerSeq":0,"resentCount":0}
{"ts":"2026-08-31T13:05:48.177Z","level":"info","message":"ws.syncComplete","documentId":"3e8bb1a6-82e0-4720-9074-205587d0f594","sessionId":"6dfe89c7-f787-45ad-8458-7fe1e4485cc4","lastServerSeq":0,"resentCount":0}
{"ts":"2026-08-31T13:05:48.628Z","level":"info","message":"ws.open","sessionId":"8b51dadf-b5f6-4868-8b3f-033d51a91e90"}
{"ts":"2026-08-31T13:05:48.730Z","level":"info","message":"ws.connect","documentId":"3e8bb1a6-82e0-4720-9074-205587d0f594","sessionId":"8b51dadf-b5f6-4868-8b3f-033d51a91e90","replicaId":3}
{"ts":"2026-08-31T13:05:49.001Z","level":"info","message":"ws.syncComplete","documentId":"3e8bb1a6-82e0-4720-9074-205587d0f594","sessionId":"8b51dadf-b5f6-4868-8b3f-033d51a91e90","lastServerSeq":0,"resentCount":0}
[SENDVSRECV-NATIVE] iter 8 order=["chromium","firefox","webkit"]: OK domLen=[892,892,892] pending=[0,0,0] finalSendCounts(chromium,firefox,webkit)=[318,316,308] finalReplicaIds(chromium,firefox,webkit)=[1,3,2] finalServerFrameCounts=[{"replicaId":1,"sessionId":"a74f26d8-41e0-4286-849d-2a872482bbda","receivedFrameCount":317},{"replicaId":2,"sessionId":"6dfe89c7-f787-45ad-8458-7fe1e4485cc4","receivedFrameCount":307},{"replicaId":3,"sessionId":"8b51dadf-b5f6-4868-8b3f-033d51a91e90","receivedFrameCount":315}] 
{"ts":"2026-08-31T13:06:52.391Z","level":"info","message":"ws.disconnect","documentId":"3e8bb1a6-82e0-4720-9074-205587d0f594","sessionId":"a74f26d8-41e0-4286-849d-2a872482bbda","code":1001}
{"ts":"2026-08-31T13:06:52.425Z","level":"info","message":"ws.disconnect","documentId":"3e8bb1a6-82e0-4720-9074-205587d0f594","sessionId":"6dfe89c7-f787-45ad-8458-7fe1e4485cc4","code":1001}
{"ts":"2026-08-31T13:06:52.468Z","level":"info","message":"ws.disconnect","documentId":"3e8bb1a6-82e0-4720-9074-205587d0f594","sessionId":"8b51dadf-b5f6-4868-8b3f-033d51a91e90","code":1001}
{"ts":"2026-08-31T13:06:52.917Z","level":"info","message":"server.listening","port":64093}
{"ts":"2026-08-31T13:06:55.955Z","level":"info","message":"ws.open","sessionId":"ac899b58-8259-4c27-8227-3c5cd9fb28df"}
{"ts":"2026-08-31T13:06:56.040Z","level":"info","message":"ws.open","sessionId":"62b81035-f03e-45a9-80d3-c8663983bbee"}
{"ts":"2026-08-31T13:06:56.044Z","level":"info","message":"ws.connect","documentId":"efabb8a1-7cff-4e6c-a746-bcc7707c7837","sessionId":"ac899b58-8259-4c27-8227-3c5cd9fb28df","replicaId":1}
{"ts":"2026-08-31T13:06:56.221Z","level":"info","message":"ws.syncComplete","documentId":"efabb8a1-7cff-4e6c-a746-bcc7707c7837","sessionId":"ac899b58-8259-4c27-8227-3c5cd9fb28df","lastServerSeq":0,"resentCount":0}
{"ts":"2026-08-31T13:06:56.229Z","level":"info","message":"ws.connect","documentId":"efabb8a1-7cff-4e6c-a746-bcc7707c7837","sessionId":"62b81035-f03e-45a9-80d3-c8663983bbee","replicaId":2}
{"ts":"2026-08-31T13:06:56.417Z","level":"info","message":"ws.syncComplete","documentId":"efabb8a1-7cff-4e6c-a746-bcc7707c7837","sessionId":"62b81035-f03e-45a9-80d3-c8663983bbee","lastServerSeq":0,"resentCount":0}
{"ts":"2026-08-31T13:06:56.710Z","level":"info","message":"ws.open","sessionId":"79afe806-fdd9-499d-b6a4-621da713ad3e"}
{"ts":"2026-08-31T13:06:56.816Z","level":"info","message":"ws.connect","documentId":"efabb8a1-7cff-4e6c-a746-bcc7707c7837","sessionId":"79afe806-fdd9-499d-b6a4-621da713ad3e","replicaId":3}
{"ts":"2026-08-31T13:06:57.035Z","level":"info","message":"ws.syncComplete","documentId":"efabb8a1-7cff-4e6c-a746-bcc7707c7837","sessionId":"79afe806-fdd9-499d-b6a4-621da713ad3e","lastServerSeq":0,"resentCount":0}
[SENDVSRECV-NATIVE] iter 9 order=["chromium","firefox","webkit"]: OK domLen=[892,892,892] pending=[0,0,0] finalSendCounts(chromium,firefox,webkit)=[318,316,308] finalReplicaIds(chromium,firefox,webkit)=[1,3,2] finalServerFrameCounts=[{"replicaId":1,"sessionId":"ac899b58-8259-4c27-8227-3c5cd9fb28df","receivedFrameCount":317},{"replicaId":2,"sessionId":"62b81035-f03e-45a9-80d3-c8663983bbee","receivedFrameCount":307},{"replicaId":3,"sessionId":"79afe806-fdd9-499d-b6a4-621da713ad3e","receivedFrameCount":315}] 
{"ts":"2026-08-31T13:08:00.449Z","level":"info","message":"ws.disconnect","documentId":"efabb8a1-7cff-4e6c-a746-bcc7707c7837","sessionId":"ac899b58-8259-4c27-8227-3c5cd9fb28df","code":1001}
{"ts":"2026-08-31T13:08:00.468Z","level":"info","message":"ws.disconnect","documentId":"efabb8a1-7cff-4e6c-a746-bcc7707c7837","sessionId":"62b81035-f03e-45a9-80d3-c8663983bbee","code":1001}
{"ts":"2026-08-31T13:08:00.525Z","level":"info","message":"ws.disconnect","documentId":"efabb8a1-7cff-4e6c-a746-bcc7707c7837","sessionId":"79afe806-fdd9-499d-b6a4-621da713ad3e","code":1001}

8/10 passed (SENDVSRECV-NATIVE diagnostic run)
